01-15 20:02:38.748  2383  3186 D BLASTSyncEngine: SyncGroup 2878: Set ready true, caller=com.android.server.wm.BLASTSyncEngine.setReady:32 com.android.server.wm.Transition.applyReady:54 com.android.server.wm.Transition.start:105 com.android.server.wm.WindowOrganizerController.startTransition:47 com.android.server.wm.WindowOrganizerController.startTransition:1 android.window.IWindowOrganizerController$Stub.onTransact:259 
01-15 20:02:38.748 12366 12438 I Process : Sending signal. PID: 12366 SIG: 9
01-15 20:02:38.748  2383  2879 V WindowManager: SyncGroup 2878: Finished!
01-15 20:02:38.749  2383  2879 D ChangeTransitionController: onTransactionReady: TransitionRecord{eb0556e id=2878 type=CLOSE flags=0x10 c=[
01-15 20:02:38.749  2383  2879 D ChangeTransitionController:    ChangeInfo{f2356a5 container=DefaultTaskDisplayArea_d0@6381202 flags=0x0}
01-15 20:02:38.749  2383  2879 D ChangeTransitionController:    ChangeInfo{f105a7a container=ActivityRecord{147644650 u0 com.sec.android.app.launcher/.activities.LauncherActivity t4337} flags=0x0}
01-15 20:02:38.749  2383  2879 D ChangeTransitionController:    ChangeInfo{9e3e22b container=Display{#0 state=OFF size=1080x2340 ROTATION_0} flags=0x0}
01-15 20:02:38.749  2383  2879 D ChangeTransitionController:    ChangeInfo{d329688 container=Task{abf3fdb #4337 type=home I=com.sec.android.app.launcher/.activities.LauncherActivity} flags=0x0}
01-15 20:02:38.749  2383  2879 D ChangeTransitionController:    ChangeInfo{d97b821 container=Task{d1121e0 #4772 type=standard A=10553:com.anonymous.dungeoncrawler} flags=0x0}
01-15 20:02:38.749  2383  2879 D ChangeTransitionController:    ChangeInfo{e39a446 container=Task{f219358 #1 type=home} flags=0x0}
01-15 20:02:38.749  2383  2879 D ChangeTransitionController: ]
01-15 20:02:38.749  2383  2879 D ChangeTransitionController: }
01-15 20:02:38.749  2383  2879 V WindowManager: Start calculating TransitionInfo based on participants: {ActivityRecord{147644650 u0 com.sec.android.app.launcher/.activities.LauncherActivity t4337}, Task{abf3fdb #4337 type=home I=com.sec.android.app.launcher/.activities.LauncherActivity}, Task{d1121e0 #4772 type=standard A=10553:com.anonymous.dungeoncrawler}, Task{f219358 #1 type=home}}
01-15 20:02:38.749  2383  2879 V WindowManager:   Final targets: []
01-15 20:02:38.749  2383  2879 V WindowManager: Calling onTransitionReady: {id=2878 t=CLOSE f=0x50 trk=0 r=[] c=[]}
01-15 20:02:38.749  3719  3719 I {OngoingActivityController}: onTaskFocusChanged but OA data is empty
01-15 20:02:38.749  7045  7045 I SDHMS:LOAD: type: LoadsFreqs, value: 0:0:0:0:0:0:0:0:0:0:0:0
01-15 20:02:38.749  3719  9591 V WindowManagerShell: onTransitionReady(transaction=10234907321563)
01-15 20:02:38.749  2383  2876 D ActivityManager: !@AM_BOOT_PROGRESS , ensureBootCompleted booting:false /enableScreen:false /caller:com.android.server.am.ActivityManagerService.ensureBootCompleted:47 com.android.server.am.ActivityManagerService$UiHandler.handleMessage$com$android$server$am$ActivityManagerService$UiHandler:614 
01-15 20:02:38.749  3719  3866 V WindowManagerShell: onTransitionReady (#2878) android.os.BinderProxy@8cbfbd4: {id=2878 t=CLOSE f=0x50 trk=0 r=[] c=[]}
01-15 20:02:38.749  4520  4520 I HoneySpace.Launcher: !@Boot_EBS_D: Launcher.onStart()
01-15 20:02:38.749  3719  3866 V ShellDesktopMode: DesktopModeLogger: taskInfo map after processing changes 0
01-15 20:02:38.749  3719  3866 V WindowManagerShell: No transition roots in (#2878) android.os.BinderProxy@8cbfbd4@0 so abort
01-15 20:02:38.749  2383  3422 D BackgroundInstallControlService: Package event received: 0
01-15 20:02:38.749  3719  3866 I SurfaceControlRegistry: apply, t=StartTransaction_SyncId<2878>, caller=android.view.SurfaceControl$Transaction.apply:3459 android.view.SurfaceControl$Transaction.apply:3447 android.view.SurfaceControl$Transaction.apply:3397 com.android.wm.shell.transition.Transitions.processReadyQueue:196 com.android.wm.shell.transition.Transitions.onAbort:85 com.android.wm.shell.transition.Transitions.dispatchReady:326 
01-15 20:02:38.749  2383  2875 V WindowManager: Sent Transition (#2878) createdAt=01-15 20:02:38.745 via request=TransitionRequestInfo { type = CLOSE, triggerTask = TaskInfo{userId=0 taskId=4772 effectiveUid=10553 displayId=0 isRunning=true baseIntent=Intent { flg=0x10000000 cmp=com.anonymous.dungeoncrawler/.MainActivity } baseActivity=ComponentInfo{com.anonymous.dungeoncrawler/com.anonymous.dungeoncrawler.MainActivity} topActivity=ComponentInfo{com.anonymous.dungeoncrawler/com.anonymous.dungeoncrawler.MainActivity} origActivity=null realActivity=ComponentInfo{com.anonymous.dungeoncrawler/com.anonymous.dungeoncrawler.MainActivity} numActivities=1 lastActiveTime=630353319 supportsMultiWindow=true resizeMode=1 isResizeable=true minWidth=-1 minHeight=-1 maxWidth=-1 maxHeight=-1 defaultMinSize=220 desktopDefaultMinSize=304 token=WCT{RemoteToken{2e640b1 Task{d1121e0 #4772 type=standard A=10553:com.anonymous.dungeoncrawler}}} topActivityType=1 pictureInPictureParams=null shouldDockBigOverlays=false launchIntoPipHostTaskId=-1 lastParentTaskIdBeforePip=-1 displayCutoutSafeInsets=Rect(0, 91 - 0, 0) topActivityInfo=ActivityInfo{da5a996 com.anonymous.dungeoncrawler.MainActivity} launchCookies=[] positionInParent=Point(0, 0) parentTaskId=-1 isFocused=true isVisible=false isVisibleRequested=false isTopActivityNoDisplay=false isSleeping=true locusId=null displayAreaFeatureId=1 isTopActivityTransparent=false isActivityStackTransparent=false lastNonFullscreenBounds=Rect(81, 558 - 999, 1728) capturedLink=null capturedLinkTimestamp=0 requestedVisibleTypes=-9 topActivityRequestOpenInBrowserEducationTimestamp=0 appCompatTaskInfo=AppCompatTaskInfo { topActivityInSizeCompat=false eligibleForLetterboxEducation= false isLetterboxEducationEnabled= false isLetterboxDoubleTapEnabled= false eligibleForUserAspectRatioButton= false topActivityBoundsLetterboxed= false isFromLetterboxDoubleTap= false topActivityLetterboxVerticalPosition= -1 topActivityLetterboxHorizontalPosition= -1 topActivityLetterboxWidth=-1 topActivityLetterboxHeight=-1 topActivityAppBounds=Rect(0, 91 - 1080, 2196) isUserFullscreenOverrideEnabled=false isSystemFullscreenOverrideEnabled=false hasMinAspectRatioOverride=false topActivityLetterboxBounds=null cameraCompatTaskInfo=CameraCompatTaskInfo { freeformCameraCompatMode=inactive} topActivityBounds=null topActivityInDisplayCompat=false singleTapFromLetterbox=false} topActivityMainWindowFrame=null originallySupportedMultiWindow=true hasWallpaper=false rootAffinity=10553:com.anonymous.dungeoncrawler isTopTaskInStage=false CoverLauncherWidgetTask=false LaunchedFromAppsCoverLauncherTask=false LaunchedFromMultistarCoverLauncherTask=false isAllowedSeamlessRotation=false isTopTransparentActivity=false isAliasManaged=false hasConfigChanged=false snappingGuideBounds=null isAiKeyRemoveAppTask=false lastDesktopWindowingBounds=null lastExternalDesktopWindowingBounds=null safeCutoutInsets=null}, pipChange = null, remoteTransition = null, displayChange = null, flags = 16, debugId = 2878 }
01-15 20:02:38.749  2383  2875 V WindowManager:     startWCT=WindowContainerTransaction { changes= {} hops= [] errorCallbackToken=null taskFragmentOrganizer=null }
01-15 20:02:38.749  2383  2875 V WindowManager:     info={id=2878 t=CLOSE f=0x50 trk=0 r=[] c=[]}
01-15 20:02:38.750  3719  3866 V WindowManagerShell: Transition animation finished (aborted=true), notifying core (#2878) android.os.BinderProxy@8cbfbd4@0
01-15 20:02:38.750  2383  3412 I CocktailBarManagerServiceContainer: handleMessage: entry what = 5
01-15 20:02:38.750  3719  3866 I SurfaceControlRegistry: apply, t=FinishTransaction_SyncId<2878>, caller=android.view.SurfaceControl$Transaction.apply:3459 android.view.SurfaceControl$Transaction.apply:3447 android.view.SurfaceControl$Transaction.apply:3397 com.android.wm.shell.transition.Transitions.onFinish:315 com.android.wm.shell.transition.Transitions.processReadyQueue:201 com.android.wm.shell.transition.Transitions.onAbort:85 
01-15 20:02:38.750  4520  7042 I Adreno-UNKNOWN: Using previously loaded IMapper library.
01-15 20:02:38.750  2383  6918 V WindowManager: Finish Transition: TransitionRecord{eb0556e id=2878 type=CLOSE flags=0x50 c=[
01-15 20:02:38.750  2383  6918 V WindowManager:    ChangeInfo{f2356a5 container=DefaultTaskDisplayArea_d0@6381202 flags=0x0}
01-15 20:02:38.750  2383  6918 V WindowManager:    ChangeInfo{f105a7a container=ActivityRecord{147644650 u0 com.sec.android.app.launcher/.activities.LauncherActivity t4337} flags=0x0}
01-15 20:02:38.750  2383  6918 V WindowManager:    ChangeInfo{9e3e22b container=Display{#0 state=OFF size=1080x2340 ROTATION_0} flags=0x0}
01-15 20:02:38.750  2383  6918 V WindowManager:    ChangeInfo{d329688 container=Task{abf3fdb #4337 type=home I=com.sec.android.app.launcher/.activities.LauncherActivity} flags=0x20}
01-15 20:02:38.750  2383  6918 V WindowManager:    ChangeInfo{d97b821 container=Task{d1121e0 #4772 type=standard A=10553:com.anonymous.dungeoncrawler} flags=0x0}
01-15 20:02:38.750  2383  6918 V WindowManager:    ChangeInfo{e39a446 container=Task{f219358 #1 type=home} flags=0x20}
01-15 20:02:38.750  2383  6918 V WindowManager: ]
01-15 20:02:38.750  2383  6918 V WindowManager: }, caller=com.android.server.wm.WindowOrganizerController.finishTransitionInner:31 com.android.server.wm.WindowOrganizerController.finishAllTransitions:60 android.window.IWindowOrganizerController$Stub.onTransact:283 
01-15 20:02:38.750  4520  4520 I HoneySpace.Launcher: !@Boot_EBS_D: Launcher.onResume()
01-15 20:02:38.750  2383  6918 D ChangeTransitionController: onTransitionFinished: TransitionRecord{eb0556e id=2878 type=CLOSE flags=0x50 c=[
01-15 20:02:38.750  2383  6918 D ChangeTransitionController:    ChangeInfo{f2356a5 container=DefaultTaskDisplayArea_d0@6381202 flags=0x0}
01-15 20:02:38.750  2383  6918 D ChangeTransitionController:    ChangeInfo{f105a7a container=ActivityRecord{147644650 u0 com.sec.android.app.launcher/.activities.LauncherActivity t4337} flags=0x0}
01-15 20:02:38.750  2383  6918 D ChangeTransitionController:    ChangeInfo{9e3e22b container=Display{#0 state=OFF size=1080x2340 ROTATION_0} flags=0x0}
01-15 20:02:38.750  2383  6918 D ChangeTransitionController:    ChangeInfo{d329688 container=Task{abf3fdb #4337 type=home I=com.sec.android.app.launcher/.activities.LauncherActivity} flags=0x20}
01-15 20:02:38.750  2383  6918 D ChangeTransitionController:    ChangeInfo{d97b821 container=Task{d1121e0 #4772 type=standard A=10553:com.anonymous.dungeoncrawler} flags=0x0}
01-15 20:02:38.750  2383  6918 D ChangeTransitionController:    ChangeInfo{e39a446 container=Task{f219358 #1 type=home} flags=0x20}
01-15 20:02:38.750  2383  6918 D ChangeTransitionController: ]
01-15 20:02:38.750  2383  6918 D ChangeTransitionController: }
01-15 20:02:38.750  3719  3866 V WindowManagerShell: Track 0 became idle
01-15 20:02:38.750  3719  3866 V WindowManagerShell: All active transition animations finished
01-15 20:02:38.750  2383  2875 V WindowManager: Finish Transition (#2878): created at 01-15 20:02:38.745 collect-started=0.257ms request-sent=0.461ms started=3.235ms ready=3.23ms sent=3.716ms finished=4.993ms
01-15 20:02:38.750  4520  4520 I HoneySpace.Launcher: updateLauncherShowing false -> true
01-15 20:02:38.750  4520 30433 I HoneySpace.Memory-Monitor: cancelTrimIfNeeded
01-15 20:02:38.750  4520 10168 I HoneySpace.PredictionDataSourceImpl: requestPredictionUpdate 0 true
01-15 20:02:38.750  4520  9399 I HoneySpace.RecentTasks: onRecentTasksChanged
01-15 20:02:38.751  4520  4520 I HoneySpace.ShellTransitionManager: myHomeResumed
01-15 20:02:38.751  2383  2878 D SGM:GameManager: identifyGamePackage. com.sec.android.app.launcher, mCurrentUserId: 0, callingMethodInfo: com.samsung.android.game.SemGameManager.isGamePackage(SemGameManager.java:106)
01-15 20:02:38.751  4520  4520 I HoneySpace.ResumeTimer: last resume updated : 382162009
01-15 20:02:38.751  2383  2878 D SGM:SemGameManager: isGamePackage(), pkgName=com.sec.android.app.launcher, ret=false
01-15 20:02:38.751  4520 12151 I HoneySpace.LiveIconSupplier: time tick - 61, CLOCK, 20:02 - 20:01, view: #e1e8bb8, parent: ApplistCellLayout#9e3bd91
01-15 20:02:38.751  2383  2878 D SGM:FgCheckThread: noteResumeComponent(), received pkgName: com.sec.android.app.launcher, userId: 0
01-15 20:02:38.751  2383  3295 D SGM:FgCheckThread: onLooperPrepared(), msg: MSG_APP_RESUME, pkgName: com.sec.android.app.launcher, userid: 0
01-15 20:02:38.751  2383  3295 D SGM:FgCheckThread: handleResume().
01-15 20:02:38.751  2383  3295 D SGM:SystemHelper: callReleaseBlock needReleaseBlock:false
01-15 20:02:38.751  2383  3295 D SGM:FgCheckThread:   handleResume(). device is locked yet. ignore
01-15 20:02:38.751  7045 13701 I SDHMS:k : handleResumeComponent : put = com.sec.android.app.launcher, userid = 0 instanceid =122488145
01-15 20:02:38.751  4520 10168 I HoneySpace.PredictionDataSourceImpl: requestPredictionUpdate 1 true
01-15 20:02:38.751  4520  4520 I SearchHoneyPot: onViewCreated: onResume
01-15 20:02:38.752  4520 12151 I LauncherActivityInfo: Trying to load live icon for com.sec.android.app.clockpackage
01-15 20:02:38.752  7000  7000 I DMASA[D]: [FCDetectionService]Enqueue work to FC
01-15 20:02:38.752  2383  3422 D BackgroundInstallControlService: Package event received: 0
01-15 20:02:38.752  2383  7601 W JobInfo : Job 'com.sec.android.diagmonagent/.dma.dropbox.FCDetectionService#11419' has a deadline with no functional constraints. The deadline won't improve job execution latency. Consider removing the deadline.
01-15 20:02:38.752  2383  2876 D SGM:GameManager: identifyForegroundApp. com.sec.android.app.launcher, mCurrentUserId: 0, callerUserId: 0
01-15 20:02:38.752  2383  2876 D SGM:SemGameManager: isForegroundGame(), ret=false
01-15 20:02:38.752  2383  2876 D NetworkPolicy: already checked 10153
01-15 20:02:38.753  2383  2876 D FingerprintProvider/default: onForegroundActivitiesChanged: pid = 4520, uid = 10153, foregroundActivities = true
01-15 20:02:38.753  2383  2876 D PkgPredictorService-SecIpmManagerServiceImpl: onForegroundActivitiesChanged pid:4520 uid:10153
01-15 20:02:38.753  2383  2876 D SGM:GameManager: identifyForegroundApp. com.sec.android.app.launcher, mCurrentUserId: 0, callerUserId: 0
01-15 20:02:38.753  2383  4928 V PkgPredictorService-SecIpmManagerServiceImpl: discard foreground app:com.sec.android.app.launcher 0|true
01-15 20:02:38.753  2383  2876 D SGM:SemGameManager: isForegroundGame(), ret=false
01-15 20:02:38.753  2383  2876 D NetworkPolicy: already checked 10153
01-15 20:02:38.753  2383  2876 D FingerprintProvider/default: onForegroundActivitiesChanged: pid = 4520, uid = 10153, foregroundActivities = true
01-15 20:02:38.753  4520 10168 I HoneySpace.SPayHandler: updateSpayHandler launcher activity is paused false
01-15 20:02:38.753  4520  4520 I HoneySpace.Launcher: !@Boot_EBS_D: Launcher.onPause()
01-15 20:02:38.753  4520  4520 I HoneySpace.Launcher: updateLauncherShowing true -> false
01-15 20:02:38.753  8847  3068 I SAMSUNGWALLET: [Hint_ProcessStatusChange] fg Change, pid : 4520 , isNotify : true , isForeground : true , fg list : []
01-15 20:02:38.753  2383  6918 W ParceledListSlice: Element #8 is 18476 bytes.
01-15 20:02:38.753  2383  3422 D BackgroundInstallControlService: Package event received: 0
01-15 20:02:38.753  2383  6918 W ParceledListSlice: Element #9 is 19392 bytes.
01-15 20:02:38.753  2383  3422 D BackgroundInstallControlService: Package event received: 0
01-15 20:02:38.753  2383  3422 D BackgroundInstallControlService: Package event received: 0
01-15 20:02:38.753  8847  3068 I SAMSUNGWALLET[US]: [ProcessStatusChange] fg Change, pid : 4520 , isNotify : true , isForeground : true , fg list : [4520, 8685, 12366]
01-15 20:02:38.754  2383  3186 I ActivityManager: Changes in 99176 19 to 5, 128 to 184
01-15 20:02:38.754  4520 30433 I HoneySpace.Memory-Monitor: updateMaxHeap isHighScreenSize=false
01-15 20:02:38.754  4520 30433 I HoneySpace.Memory-Monitor: PROPERTY_HOME_MEMORY_CACHE_LEVEL: -1
01-15 20:02:38.754  4520 30433 I HoneySpace.Memory-Monitor: updateGraphicResourceCache curMemoryCacheLevel=1
01-15 20:02:38.754  2383  3951 W ParceledListSlice: Element #22 is 21248 bytes.
01-15 20:02:38.754  8847  8847 I SAMSUNGWALLET: [Hint_PayHintService] Hint Status - already invisible, skip hide : [4000003] - 3
01-15 20:02:38.754  2383  2876 D SGM:GameManager: identifyForegroundApp. com.sec.android.app.launcher, mCurrentUserId: 0, callerUserId: 0
01-15 20:02:38.754  2383  2876 D SGM:SemGameManager: isForegroundGame(), ret=false
01-15 20:02:38.754  2383  2876 D NetworkPolicy: already checked 10153
01-15 20:02:38.754  2383  2876 D FingerprintProvider/default: onForegroundActivitiesChanged: pid = 4520, uid = 10153, foregroundActivities = true
01-15 20:02:38.754  8847  3068 I SAMSUNGWALLET: [Hint_ProcessStatusChange] fg Change, pid : 4520 , isNotify : false , isForeground : true , fg list : []
01-15 20:02:38.754  8847  2323 I SAMSUNGWALLET: [Hint_ProcessStatusChange] fg Change, pid : 4520 , isNotify : false , isForeground : true , fg list : []
01-15 20:02:38.754  8847  3068 I SAMSUNGWALLET[US]: [ProcessStatusChange] fg Change, pid : 4520 , isNotify : false , isForeground : true , fg list : [4520, 8685, 12366]
01-15 20:02:38.755  8847  2323 I SAMSUNGWALLET[US]: [ProcessStatusChange] fg Change, pid : 4520 , isNotify : false , isForeground : true , fg list : [4520, 8685, 12366]
01-15 20:02:38.755 32239 32239 I bopg    : onStart
01-15 20:02:38.755 32239 32239 I bopg    : onResume
01-15 20:02:38.757  4520  7389 I HoneySpace.SPayHandler: updateSpayHandler, show = false, defaultPage = true
01-15 20:02:38.757  7045  7045 I SDHMS:PowerAnomaly:Gatherer:AppError: update AppError : uid=10553, pkg=com.anonymous.dungeoncrawler, errorType=crash
01-15 20:02:38.757  8847 12697 I SAMSUNGWALLET[US]: [ProcessMonitor] App went to background.
01-15 20:02:38.758  2383  2901 D ActivityManager: sync unfroze 1161 com.samsung.android.dqagent for 3
01-15 20:02:38.759  4520  7391 I HoneySpace.HoneyAppWidgetHost: called startListening, host: caab75e, hostId: 1024
01-15 20:02:38.759  4520  7391 I AppWidgetHost: semStartListening()
01-15 20:02:38.759  7045  7045 I SDHMS:PowerAnomaly:Analyzer:AppError: analyze app error : uid=10553, pkg=com.anonymous.dungeoncrawler, appErrorCount=1
01-15 20:02:38.759  2383  6918 I AppWidgetServiceImpl: startListening() 
01-15 20:02:38.759  2383  6918 I AppWidgetServiceImpl: startListening callbacks : com.android.internal.appwidget.IAppWidgetHost$Stub$Proxy@9ad14cc intervalEnsure:630353445 intervalHostLock:630353445 LhostId:HostId{user:0, app:10153, hostId:1024, pkg:com.sec.android.app.launcher}
01-15 20:02:38.759  2383  6918 I AppWidgetServiceImpl: startListening() finish
01-15 20:02:38.759  4520  7391 I HoneySpace.HoneyAppWidgetHost: success hidden_semStartListening - result: true, host: caab75e, hostId: 1024
01-15 20:02:38.760  8847  8847 I SAMSUNGWALLET: [Hint_PayHintService] onReceive() action=com.sec.android.app.launcher.intent.action.UPDATE_SPAY_HANDLER
01-15 20:02:38.760  8847  8847 I SAMSUNGWALLET: [Hint_PayHintService] home change, s home : false , default : true , gesture : false , s result : false , prev : false
01-15 20:02:38.760  2383  2878 I ActivityManager: Changes in 10553 12 to 18, 128 to 0
01-15 20:02:38.761  2383  2876 D SGM:GameManager: identifyForegroundApp. com.sec.android.app.launcher, mCurrentUserId: 0, callerUserId: 0
01-15 20:02:38.761  2383  2876 D SGM:SemGameManager: isForegroundGame(), ret=false
01-15 20:02:38.761  2383  2876 D FingerprintProvider/default: onForegroundActivitiesChanged: pid = 12366, uid = 10553, foregroundActivities = false
01-15 20:02:38.761  2383  2876 D PkgPredictorService-SecIpmManagerServiceImpl: bg information pid:12366 uid:10553 pkgName:com.anonymous.dungeoncrawler
01-15 20:02:38.761  4520  7042 I Adreno-UNKNOWN: Using previously loaded IMapper library.
01-15 20:02:38.761  2383  2876 D SGM:GameManager: identifyForegroundApp. com.sec.android.app.launcher, mCurrentUserId: 0, callerUserId: 0
01-15 20:02:38.761  2383  2876 D SGM:SemGameManager: isForegroundGame(), ret=false
01-15 20:02:38.761  2383  2876 D FingerprintProvider/default: onForegroundActivitiesChanged: pid = 12366, uid = 10553, foregroundActivities = false
01-15 20:02:38.761  8847  2323 I SAMSUNGWALLET: [Hint_ProcessStatusChange] fg Change, pid : 12366 , isNotify : true , isForeground : false , fg list : []
01-15 20:02:38.761  2383  2876 D SGM:GameManager: identifyForegroundApp. com.sec.android.app.launcher, mCurrentUserId: 0, callerUserId: 0
01-15 20:02:38.761  2383  2876 D SGM:SemGameManager: isForegroundGame(), ret=false
01-15 20:02:38.761  2383  2876 D FingerprintProvider/default: onForegroundActivitiesChanged: pid = 12366, uid = 10553, foregroundActivities = false
01-15 20:02:38.761  8847  3068 I SAMSUNGWALLET: [Hint_ProcessStatusChange] fg Change, pid : 12366 , isNotify : false , isForeground : false , fg list : []
01-15 20:02:38.761  8847  8909 I SAMSUNGWALLET: [Hint_ProcessStatusChange] fg Change, pid : 12366 , isNotify : false , isForeground : false , fg list : []
01-15 20:02:38.761  8847  3068 I SAMSUNGWALLET[US]: [ProcessStatusChange] fg Change, pid : 12366 , isNotify : true , isForeground : false , fg list : []
01-15 20:02:38.761  8847  2323 I SAMSUNGWALLET[US]: [ProcessStatusChange] fg Change, pid : 12366 , isNotify : true , isForeground : false , fg list : []
01-15 20:02:38.761  8847  8909 I SAMSUNGWALLET[US]: [ProcessStatusChange] fg Change, pid : 12366 , isNotify : true , isForeground : false , fg list : []
01-15 20:02:38.762  2383  3417 I MR2ServiceImpl: Updating composite discovery preference | preference: RouteDiscoveryRequest{ preferredFeatures={}, activeScan=false }, active routers: []
01-15 20:02:38.762  2430  2604 I CameraService: onUidStateChanged: uid=10045, procState is changed. (5 -> 1)
01-15 20:02:38.762  5550  5572 V OsAgent : broadcastSystemEvent - 7
01-15 20:02:38.763  2430  2604 W IPCThreadState: Sending oneway calls to frozen process.
01-15 20:02:38.763  1868  1868 I SurfaceFlinger: [Display 0 name="Built-in Screen"#49] setFrameRateCategory: High
01-15 20:02:38.763  1868  1868 I SurfaceFlinger: [Display 0 name="Built-in Screen"#49] setFrameRateCategory: Default
01-15 20:02:38.763  2383  3417 I MR2ServiceImpl: Updating composite discovery preference | preference: RouteDiscoveryRequest{ preferredFeatures={}, activeScan=false }, active routers: []
01-15 20:02:38.764  2430  2604 I CameraService: onUidStateChanged: uid=10045, procState is changed. (1 -> 5)
01-15 20:02:38.764  5550  5572 V OsAgent : broadcastSystemEvent - 7
01-15 20:02:38.764  2430  2604 W IPCThreadState: Sending oneway calls to frozen process.
01-15 20:02:38.764  4520  7042 I AdrenoVK-0: QUALCOMM build          : e4a2ccdb56, Icac6f3510c
01-15 20:02:38.764  4520  7042 I AdrenoVK-0: Build Date              : 07/21/25
01-15 20:02:38.764  4520  7042 I AdrenoVK-0: Shader Compiler Version : E031.47.18.36
01-15 20:02:38.764  4520  7042 I AdrenoVK-0: Local Branch            : 
01-15 20:02:38.764  4520  7042 I AdrenoVK-0: Remote Branch           : refs/tags/AU_LINUX_ANDROID_LA.VENDOR.15.4.0.11.00.00.1088.743
01-15 20:02:38.764  4520  7042 I AdrenoVK-0: Remote Branch           : NONE
01-15 20:02:38.764  4520  7042 I AdrenoVK-0: Reconstruct Branch      : NOTHING
01-15 20:02:38.764  4520  7042 I AdrenoVK-0: Build Config            : S P 18.0.0 AArch64
01-15 20:02:38.764  4520  7042 I AdrenoVK-0: Driver Path             : /vendor/lib64/hw/vulkan.adreno.so
01-15 20:02:38.764  4520  7042 I AdrenoVK-0: Driver Version          : 0800.40.1
01-15 20:02:38.764  4520  7042 I AdrenoVK-0: PFP                     : 0x01500077
01-15 20:02:38.764  4520  7042 I AdrenoVK-0: ME                      : 0x01500014
01-15 20:02:38.764  4520  7042 I AdrenoVK-0: Application Name    : android framework
01-15 20:02:38.764  4520  7042 I AdrenoVK-0: Application Version : 0x00000000
01-15 20:02:38.764  4520  7042 I AdrenoVK-0: Engine Name         : android framework
01-15 20:02:38.764  4520  7042 I AdrenoVK-0: Engine Version      : 0x00000000
01-15 20:02:38.764  4520  7042 I AdrenoVK-0: Api Version         : 0x00401000
01-15 20:02:38.764  2383  2878 D SGM:FgCheckThread: notePauseComponent(), received pkgName: com.sec.android.app.launcher, userId: 0
01-15 20:02:38.765  2383  3412 I CocktailBarManagerServiceContainer: handleMessage: entry what = 6
01-15 20:02:38.765  2383  3951 I WindowManager: Relayout Window{33464ee u0 com.sec.android.app.launcher/com.sec.android.app.launcher.activities.LauncherActivity}: viewVisibility=0 req=1080x2340 ty=1 d0
01-15 20:02:38.765  1868  4509 I SurfaceFlinger: id=45489 createSurf, flag=44004, com.sec.android.app.launcher/com.sec.android.app.launcher.activities.LauncherActivity$_4520#45489
01-15 20:02:38.765  2383  3951 D WindowManager: makeSurface duration=1 name=com.sec.android.app.launcher/com.sec.android.app.launcher.activities.LauncherActivity$_4520
01-15 20:02:38.765  8847  8847 I SAMSUNGWALLET: [Hint_PayHintService] Hint Status - already invisible, skip hide : [4000003] - 3
01-15 20:02:38.766  2383  3422 D BackgroundInstallControlService: Package event received: 0
01-15 20:02:38.766  2383  3951 I WindowManager: Relayout hash=33464ee, pid=4520, syncId=-1: mAttrs={(0,0)(fillxfill) sim={adjust=nothing forwardNavigation} layoutInDisplayCutoutMode=always ty=BASE_APPLICATION fmt=TRANSPARENT wanim=0x1030306
01-15 20:02:38.766  2383  3951 I WindowManager:   fl=81910100
01-15 20:02:38.766  2383  3951 I WindowManager:   pfl=10008840
01-15 20:02:38.766  2383  3951 I WindowManager:   bhv=2
01-15 20:02:38.766  2383  3951 I WindowManager:   fitSides=0
01-15 20:02:38.766  2383  3951 I WindowManager:   frameRateBoostOnTouch=true
01-15 20:02:38.766  2383  3951 I WindowManager:   dvrrWindowFrameRateHint=true screenDimDuration=200000 naviIconColor=0}
01-15 20:02:38.767  4520  4520 I InsetsController: onStateChanged: host=com.sec.android.app.launcher/com.sec.android.app.launcher.activities.LauncherActivity, from=android.view.ViewRootImpl.onInsetsStateChanged:3026, state=InsetsState: {mDisplayFrame=Rect(0, 0 - 1080, 2340), mDisplayCutout=DisplayCutout{insets=Rect(0, 91 - 0, 0) waterfall=Insets{left=0, top=0, right=0, bottom=0} boundingRect={Bounds=[Rect(0, 0 - 0, 0), Rect(511, 0 - 569, 91), Rect(0, 0 - 0, 0), Rect(0, 0 - 0, 0)]} cutoutPathParserInfo={CutoutPathParserInfo{displayWidth=1080 displayHeight=2340 physicalDisplayWidth=1080 physicalDisplayHeight=2340 density={3.0} cutoutSpec={M 0,0 H -9.666666666666667 V 30.33333333333333 H 9.666666666666667 V 0 H 0 Z @dp} rotation={0} scale={1.0} physicalPixelDisplaySizeRatio={1.0}}} sideOverrides={}}, mRoundedCorners=RoundedCorners{[RoundedCorner{position=TopLeft, radius=102, center=Point(102, 102)}, RoundedCorner{position=TopRight, radius=102, center=Point(978, 102)}, RoundedCorner{position=BottomRight, radius=102, center=Point(978, 2238)}, RoundedCorner{position=BottomLeft, radius=102, center=Point(102, 2238)}]}  mRoundedCornerFrame=Rect(0, 0 - 1080, 2340), mPrivacyIndicatorBounds=PrivacyIndicatorBounds {static bounds=Rect(948, 0 - 1080, 91) rotation=0}, mDisplayShape=DisplayShape{ spec=-311912193 displayWidth=1080 displayHeight=2340 physicalPixelDisplaySizeRatio=1.0 rotation=0 offsetX=0 offsetY=0 scale=1.0}, mSources= { InsetsSource: {a7a60000 mType=statusBars mFrame=[0,0][1080,91] mVisible=true mFlags= mSideHint=TOP mBoundingRects=null}, InsetsSource: {a7a60005 mType=mandatorySystemGestures mFrame=[0,0][1080,127] mVisible=true mFlags= mSideHint=TOP mBoundingRects=null}, InsetsSource: {a7a60006 mType=tappableElement mFrame=[0,0][1080,91] mVisible=true mFlags= mSideHint=TOP mBoundingRects=null}, InsetsSource: {ae5b0001 mType=navigationBars mFrame=[0,2196][1080,2340] mVisible=false mFlags= mSideHint=BOTTOM mBoundingRects=null}, InsetsSource: {ae5b0004 mType=systemGestures mFrame=[0,0][0,0] mVisible=true mFlags= mSideHint=NONE mBoundingRects=null}, InsetsSource: {ae5b0005 mType=mandatorySystemGestures mFrame=[0,2196][1080,2340] mVisible=true mFlags= mSideHint=BOTTOM mBoundingRects=null}, InsetsSource: {ae5b0006 mType=tappableElement mFrame=[0,2196][1080,2340] mVisible=true mFlags= mSideHint=BOTTOM mBoundingRects=null}, InsetsSource: {ae5b0024 mType=systemGestures mFrame=[0,0][0,0] mVisible=true mFlags= mSideHint=NONE mBoundingRects=null}, InsetsSource: {3 mType=ime mFrame=[0,0][0,0] mVisible=false mFlags= mSideHint=NONE mBoundingRects=null}, InsetsSource: {27 mType=displayCutout mFrame=[0,0][1080,91] mVisible=true mFlags= mSideHint=TOP mBoundingRects=null} }
01-15 20:02:38.768  7000 32690 E DMASA[D]: [LOGWING][FCDetectionService]Failed to get FC Data
01-15 20:02:38.770  8847 12697 I SAMSUNGWALLET[US]: [ProcessMonitor] App went to background.
01-15 20:02:38.771  8847 12697 I SAMSUNGWALLET[US]: [ProcessMonitor] App went to background.
01-15 20:02:38.771  8847 12697 I SAMSUNGWALLET[US]: [ProcessMonitor] App went to background.
01-15 20:02:38.772  2383  3272 D InputTransport: Input channel destroyed: '6b31040', fd=1176
01-15 20:02:38.773  2383  7065 D InputMethodManagerService: onClientRemovedInternalLocked
01-15 20:02:38.773  1748  1748 I SS_POWER_HINT_SESSION: SS_ADPF 12366-10553-5c10 destroy
01-15 20:02:38.773  2383  6918 I WindowManager: WIN DEATH: Window{6b31040 u0 com.anonymous.dungeoncrawler/com.anonymous.dungeoncrawler.MainActivity}
01-15 20:02:38.773  2383  6918 V WindowManager: Remove Window{6b31040 u0 com.anonymous.dungeoncrawler/com.anonymous.dungeoncrawler.MainActivity}: mSurfaceControl=null mAnimatingExit=false mRemoveOnExit=false mHasSurface=false surfaceShowing=false animating=false app-animation=false callers=com.android.server.wm.Session.binderDied:85 android.os.IBinder$DeathRecipient.binderDied:346 android.os.BinderProxy.sendDeathNotice:848 <bottom of call stack> <bottom of call stack> <bottom of call stack> 
01-15 20:02:38.773  2383  6918 D RestrictionPolicy: isScreenCaptureEnabled : ret=true userId=0
01-15 20:02:38.773  1744  1902 I HYPER-HAL: [RequestManager.cpp]acquire(): Acquired ID : 188071566  [1748 / 17645]    HINT :      list : [TID_LOW_LATENCY / 0] [TID / 12421] [TID / 12422] [TID / 12366] [TID / 12399] 
01-15 20:02:38.773  1744  1902 I HYPER-HAL: [RequestManager.cpp]releaseLocked(): Released ID : 188071566
01-15 20:02:38.773  1744  1902 I HYPER-HAL: [RequestManager.cpp]acquire(): Acquired ID : 188090961  [1748 / 17646]    HINT :      list : [UCLAMP_MIN_BOOST / 0] [TIMEOUT / 0] [TID / 12421] [TID / 12422] [TID / 12366] [TID / 12399] 
01-15 20:02:38.773  2383  7455 I ActivityManager: Process com.anonymous.dungeoncrawler (pid 12366) has died: cch CRE (900,2379)
01-15 20:02:38.773  1744  1902 E HYPER-HAL: [HandlerUClamp.cpp]set_uclamp_min(): sched_setattr failed for thread 12421, err = -1
01-15 20:02:38.773  1744  1902 E HYPER-HAL: [HandlerUClamp.cpp]set_uclamp_min(): sched_setattr failed for thread 12422, err = -1
01-15 20:02:38.773  1744  1902 E HYPER-HAL: [HandlerUClamp.cpp]set_uclamp_min(): sched_setattr failed for thread 12366, err = -1
01-15 20:02:38.773  1744  1902 E HYPER-HAL: [HandlerUClamp.cpp]set_uclamp_min(): sched_setattr failed for thread 12399, err = -1
01-15 20:02:38.773  1744  1902 E HYPER-HAL: [HandlerUClamp.cpp]set_uclamp_min(): sched_setattr failed for thread 12421, err = -1
01-15 20:02:38.773  1744  1902 E HYPER-HAL: [HandlerUClamp.cpp]set_uclamp_min(): sched_setattr failed for thread 12422, err = -1
01-15 20:02:38.773  1744  1902 E HYPER-HAL: [HandlerUClamp.cpp]set_uclamp_min(): sched_setattr failed for thread 12366, err = -1
01-15 20:02:38.773  1744  1902 E HYPER-HAL: [HandlerUClamp.cpp]set_uclamp_min(): sched_setattr failed for thread 12399, err = -1
01-15 20:02:38.773  1744  1902 I HYPER-HAL: [RequestManager.cpp]releaseLocked(): Released ID : 188090961
01-15 20:02:38.774  2383  2903 I libprocessgroup: Removed cgroup /sys/fs/cgroup/apps/uid_10553/pid_12366
01-15 20:02:38.774  4520  4520 I BufferQueueProducer: [](id:11a80000060a,api:0,p:2047390576,c:4520) setDequeueTimeout:2077252342
01-15 20:02:38.774  4520  4520 I BLASTBufferQueue_Java: new BLASTBufferQueue, mName= VRI[LauncherActivity]@d355503 mNativeObject= 0xb400007a1a383d50 caller= android.view.ViewRootImpl.updateBlastSurfaceIfNeeded:3585 android.view.ViewRootImpl.relayoutWindow:11685 android.view.ViewRootImpl.performTraversals:4804 android.view.ViewRootImpl.doTraversal:3924 android.view.ViewRootImpl$TraversalRunnable.run:12903 android.view.Choreographer$CallbackRecord.run:1901 android.view.Choreographer$CallbackRecord.run:1910 android.view.Choreographer.doCallbacks:1367 android.view.Choreographer.doFrame:1292 android.view.Choreographer$FrameDisplayEventReceiver.run:1870 
01-15 20:02:38.774  4520  4520 I BLASTBufferQueue_Java: update, w= 1080 h= 2340 mName = VRI[LauncherActivity]@d355503 mNativeObject= 0xb400007a1a383d50 sc.mNativeObject= 0xb400007a79fb8e90 format= -2 caller= android.view.ViewRootImpl.updateBlastSurfaceIfNeeded:3590 android.view.ViewRootImpl.relayoutWindow:11685 android.view.ViewRootImpl.performTraversals:4804 android.view.ViewRootImpl.doTraversal:3924 android.view.ViewRootImpl$TraversalRunnable.run:12903 android.view.Choreographer$CallbackRecord.run:1901 
01-15 20:02:38.774  4520  4520 I VRI[LauncherActivity]@d355503: Relayout returned: old=(0,0,1080,2340) new=(0,0,1080,2340) relayoutAsync=false req=(1080,2340)0 dur=9 res=0x3 s={true 0xb4000079fa020890} ch=true seqId=0
01-15 20:02:38.774  1635  1635 I Zygote  : Process 12366 exited due to signal 9 (Killed)
01-15 20:02:38.775  1868  4509 I SurfaceFlinger: id=45490 createSurf, flag=24004, Task=4772#45490
01-15 20:02:38.775  2383  7073 W ParceledListSlice: Element #55 is 19060 bytes.
01-15 20:02:38.775  2383  7455 D ActivityTaskManager: Top Process State changed to PROCESS_STATE_TOP_SLEEPING#2
01-15 20:02:38.775  2383  2878 W ActivityManager: setHasOverlayUi called on unknown pid: 12366
01-15 20:02:38.775  2383  2878 D SGM:FgCheckThread: getForegroundApp(), foregroundPkgName=com.sec.android.app.launcher
01-15 20:02:38.775  2383  3206 W UsageStatsService: Unexpected activity event reported! (com.anonymous.dungeoncrawler/com.anonymous.dungeoncrawler.MainActivity event : 23 instanceId : 199089305)
01-15 20:02:38.775  2383  2878 D SGM:FgCheckThread: pkgName: com.anonymous.dungeoncrawler is not in foreground
01-15 20:02:38.775  2383  2878 D SGM:FgCheckThread: noteStopComponent(), received pkgName: com.anonymous.dungeoncrawler, focusedPkgName: com.sec.android.app.launcher, userId: 0
01-15 20:02:38.775  4520  4520 I HoneySpace.HoneySpaceManagerContainer: getWindowBounds, key = (com.sec.android.app.launcher.Launcher, 0)
01-15 20:02:38.775  4520  4520 I HoneySpace.WindowBounds: immersiveNavigation? false
01-15 20:02:38.776  4520 12151 I ApplicationPackageManager: package : com.sec.android.app.clockpackage, useAppIconResources : false
01-15 20:02:38.776  4520  4520 I HoneySpace.WindowBounds: onApplyWindowInsets, Insets{left=0, top=91, right=0, bottom=144} -> Insets{left=0, top=91, right=0, bottom=144}
01-15 20:02:38.776  4520 12151 I LiveIconUtil: getLiveIcon was called in ClockPackage
01-15 20:02:38.776  4520 12151 I LiveIconUtil: getLiveIcon res = com.sec.android.app.clockpackage
01-15 20:02:38.776  4520  4520 I HoneySpace.WindowBounds: opposite = WindowInsets{
01-15 20:02:38.776  4520  4520 I HoneySpace.WindowBounds:     statusBars=Insets{left=0, top=91, right=0, bottom=0} max=Insets{left=0, top=91, right=0, bottom=0} vis=true boundingRects=[Rect(0, 0 - 1080, 91)] maxBoundingRects=[Rect(0, 0 - 1080, 91)]
01-15 20:02:38.776  4520  4520 I HoneySpace.WindowBounds:     navigationBars=null max=Insets{left=0, top=0, right=0, bottom=144} vis=false boundingRects=null maxBoundingRects=[Rect(0, 2196 - 1080, 2340)]
01-15 20:02:38.776  4520  4520 I HoneySpace.WindowBounds:     captionBar=null max=null vis=false boundingRects=null maxBoundingRects=null
01-15 20:02:38.776  4520  4520 I HoneySpace.WindowBounds:     ime=null max=null vis=false boundingRects=null maxBoundingRects=null
01-15 20:02:38.776  4520  4520 I HoneySpace.WindowBounds:     systemGestures=Insets{left=0, top=127, right=0, bottom=144} max=Insets{left=0, top=127, right=0, bottom=144} vis=true boundingRects=[Rect(0, 2196 - 1080, 2340), Rect(0, 0 - 1080, 127)] maxBoundingRects=[Rect(0, 2196 - 1080, 2340), Rect(0, 0 - 1080, 127)]
01-15 20:02:38.776  4520  4520 I HoneySpace.WindowBounds:     mandatorySystemGestures=Insets{left=0, top=127, right=0, bottom=144} max=Insets{left=0, top=127, right=0, bottom=144} vis=true boundingRects=[Rect(0, 2196 - 1080, 2340), Rect(0, 0 - 1080, 127)] maxBoundingRects=[Rect(0, 2196 - 1080, 2340), Rect(0, 0 - 1080, 127)]
01-15 20:02:38.776  4520  4520 I HoneySpace.WindowBounds:     tappableElement=Insets{left=0, top=91, right=0, bottom=144} max=Insets{left=0, top=91, right=0, bottom=144} vis=true boundingRects=[Rect(0, 2196 - 1080, 2340), Rect(0, 0 - 1080, 91)] maxBoundingRects=[Rect(0, 2196 - 1080, 2340), Rect(0, 0 - 1080, 91)]
01-15 20:02:38.776  4520  4520 I HoneySpace.WindowBounds:     displayCutout=Insets{left=0, top=91, right=0, bottom=0} max=Insets{left=0, top=91, right=0, bottom=0} vis=true boundingRects=[Rect(0, 0 - 1080, 91)] maxBoundingRects=[Rect(0, 0 - 1080, 91)]
01-15 20:02:38.776  4520  4520 I HoneySpace.WindowBounds:     windowDecor=null max=null vis=false boundingRects=null maxBoundingRects=null
01-15 20:02:38.776  4520  4520 I HoneySpace.WindowBounds:     systemOverlays=null max=null vis=false boundingRects=null maxBoundingRects=null
01-15 20:02:38.776  4520  4520 I HoneySpace.WindowBounds:     cutout=DisplayCutout{insets=Rect(0, 91 - 0, 0) waterfall=Insets{left=0, top=0, right=0, bottom=0} boundingRect={Bounds=[Rect(0, 0 - 0, 0), Rect(511, 0 - 569, 91), Rect(0, 0 - 0, 0), Rect(0, 0 - 0, 0)]} cutoutPathParserInfo={CutoutPathParserInfo{displayWidth=1080 displayHeight=2340 physicalDisplayWidth=1080 physicalDisplayHeight=2340 density={3.0} cutoutSpec={M 0,0 H -9.666666666666667 V 30.33333333333333 H 9.666666666666667 V 0 H 0 Z @dp} rotation={0} scale={1.0} physicalPixelDisplaySizeRatio={1.0}}} sideOverrides={}}
01-15 20:02:38.776  4520  4520 I HoneySpace.WindowBounds:     
01-15 20:02:38.776  4520  4520 I HoneySpace.WindowBounds:     roundedCorners=RoundedCorners{[RoundedCorner{position=TopLeft, radius=102, center=Point(102, 102)}, RoundedCorner{position=TopRight, radius=102, center=Point(978, 102)}, RoundedCorner{position=BottomRight, radius=102, center=Point(978, 2238)}, RoundedCorner{position=BottomLeft, radius=102, center=Point(102, 2238)}]}
01-15 20:02:38.776  4520  4520 I HoneySpace.WindowBounds:     privacyIndicatorBounds=PrivacyIndicatorBounds {static bounds=Rect(948, 0 - 1080, 91) rotation=0}
01-15 20:02:38.776  4520  4520 I HoneySpace.WindowBounds:     displayShape=DisplayShape{ spec=-311912193 displayWidth=1080 displayHeight=2340 physicalPixelDisplaySizeRatio=1.0 rotation=0 offsetX=0 offsetY=0 scale=1.0}
01-15 20:02:38.776  4520  4520 I HoneySpace.WindowBounds:     forceConsumingTypes=
01-15 20:02:38.776  4520  4520 I HoneySpace.WindowBounds:     forceConsumingOpaqueCaptionBar=false
01-15 20:02:38.776  4520  4520 I HoneySpace.WindowBounds:     suppressScrimTypes=
01-15 20:02:38.776  4520  4520 I HoneySpace.WindowBounds:     compatInsetsTypes=statusBars navigationBars captionBar displayCutout systemOverlays
01-15 20:02:38.776  4520  4520 I HoneySpace.WindowBounds:     compatIgnoreVisibility=false
01-15 20:02:38.776  4520  4520 I HoneySpace.WindowBounds:     systemWindowInsetsConsumed=false
01-15 20:02:38.776  4520  4520 I HoneySpace.WindowBounds:     stableInsetsConsumed=false
01-15 20:02:38.776  4520  4520 I HoneySpace.WindowBounds:     displayCutoutConsumed=false
01-15 20:02:38.776  4520  4520 I HoneySpace.WindowBounds:     
01-15 20:02:38.776  4520  4520 I HoneySpace.WindowBounds:     frameWidth=1080
01-15 20:02:38.776  4520  4520 I HoneySpace.WindowBounds:     frameHeight=2340}
01-15 20:02:38.776  4520  4520 I HoneySpace.WindowBounds: needToUpdate? false
01-15 20:02:38.776  4520  4520 I HoneySpace.SearchUI: updateInsets Insets{left=0, top=91, right=0, bottom=144}
01-15 20:02:38.776  4520  4520 I HoneySpace.SearchUI: insetsListener keyboardHeight : 1 0 0 false Insets{left=0, top=91, right=0, bottom=144}
01-15 20:02:38.776  4520 12151 I LiveIconUtil: stdIconSize : 144 , targetIconSize : 174
01-15 20:02:38.776  5550  5572 V OsAgent : broadcastSystemEvent - 7
01-15 20:02:38.776  4520 12151 I LiveIconUtil: iconDpi : 640 , mTargetIconDpi : 480
01-15 20:02:38.777  2383  3358 D InetDiagMessage: Destroyed 0 sockets, proto=IPPROTO_TCP, family=AF_INET, states=14
01-15 20:02:38.777  4520  4520 I VRI[LauncherActivity]@d355503: Creating new active sync group VRI[LauncherActivity]@d355503#42
01-15 20:02:38.777  2383  3358 D InetDiagMessage: Destroyed 0 sockets, proto=IPPROTO_TCP, family=AF_INET6, states=14
01-15 20:02:38.777  2383  3358 D InetDiagMessage: Destroyed live tcp sockets for uids={10553} in 2ms
01-15 20:02:38.778  2383  3358 D InetDiagMessage: Destroyed 0 sockets, proto=IPPROTO_TCP, family=AF_INET, states=14
01-15 20:02:38.778  4520 12445 I HoneySpace.SearchUI: updateInsets Insets{left=0, top=91, right=0, bottom=144}
01-15 20:02:38.779  2383  3358 D InetDiagMessage: Destroyed 0 sockets, proto=IPPROTO_TCP, family=AF_INET6, states=14
01-15 20:02:38.779  2383  3358 D InetDiagMessage: Destroyed live tcp sockets for uids={20553} in 2ms
01-15 20:02:38.779  1868  1868 I SurfaceFlinger: [com.sec.android.app.launcher/com.sec.android.app.launcher.activities.LauncherActivity$_4520#45489] attach to parent LayerHierarchy{RequestedLayerState{33464ee com.sec.android.app.launcher/com.sec.android.app.launcher.activities.LauncherActivity#130 parentId=129} 1 children}
01-15 20:02:38.779  1868  1868 I SurfaceFlinger: [Task=4772#45490] attach to parent Root
01-15 20:02:38.780  4520  7154 I VRI[LauncherActivity]@d355503: mWNT: t=0xb400007a69ff7550 mBlastBufferQueue=0xb400007a1a383d50 fn= 1 HdrRenderState mRenderHdrSdrRatio=1.0 caller= android.view.ViewRootImpl$12.onFrameDraw:15441 android.view.ThreadedRenderer$1.onFrameDraw:718 <bottom of call stack> 
01-15 20:02:38.780  4520  7154 I VRI[LauncherActivity]@d355503: Setting up sync and frameCommitCallback
01-15 20:02:38.781  3719  3866 V ShellDesktopMode: Task Vanished: #4772 closed=true
01-15 20:02:38.781  4520  9399 I HoneySpace.RecentTasks: onRecentTasksChanged
01-15 20:02:38.781  4520 12445 I HoneySpace.RecentTasks: onRunningTaskVanished
01-15 20:02:38.781  2383  6918 W ParceledListSlice: Element #146 is 19028 bytes.
01-15 20:02:38.782  2383  7455 W ParceledListSlice: Element #8 is 18476 bytes.
01-15 20:02:38.783  2383  7455 W ParceledListSlice: Element #9 is 19392 bytes.
01-15 20:02:38.783  4520  7533 I HoneySpace.PredictionDataSourceImpl: TYPE_SUGGESTED_APPS updated: 9
01-15 20:02:38.783  2383  6918 W ParceledListSlice: Element #22 is 21248 bytes.
01-15 20:02:38.783  4520  7534 I HoneySpace.PredictionDataSourceImpl: TYPE_RECOMMENDED_WIDGETS updated: 44
01-15 20:02:38.790  4520  7042 I BLASTBufferQueue: [VRI[LauncherActivity]@d355503#1546](f:0,a:0,s:0) onFrameAvailable the first frame is available
01-15 20:02:38.790  4520  7042 I SurfaceComposerClient: apply transaction with the first frame. layerId: 45489, bufferData(ID: 19413252189326, frameNumber: 1)
01-15 20:02:38.790  4520  7042 I VRI[LauncherActivity]@d355503: Received frameCommittedCallback lastAttemptedDrawFrameNum=1 didProduceBuffer=true
01-15 20:02:38.790  1868  4509 I SurfaceFlinger: [com.sec.android.app.launcher/com.sec.android.app.launcher.activities.LauncherActivity$_4520#45489] setTransactionState with the first frame. bufferData(ID: 19413252189326, frameNumber: 1)
01-15 20:02:38.790  2383  6918 D WindowManager: finishDrawingWindow: Window{33464ee u0 com.sec.android.app.launcher/com.sec.android.app.launcher.activities.LauncherActivity} mDrawState=DRAW_PENDING seqId=0
01-15 20:02:38.790  4520  4520 I HoneySpace.EdgePanel.CocktailHostRepositoryImpl: onNoteResume
01-15 20:02:38.790  4520  4520 I HoneySpace.EdgePanel.EdgePanelContainerViewModel: cocktailHostRepository.edgePanelOperation NoteResumeComponent(componentName=ComponentInfo{com.sec.android.app.launcher/com.sec.android.app.launcher.Launcher})
01-15 20:02:38.790  4520  4520 I HoneySpace.EdgePanel.ActivityUtils: HomePackage : com.sec.android.app.launcher, resumePackageName : com.sec.android.app.launcher, className : com.sec.android.app.launcher.Launcher
01-15 20:02:38.791  4520  4630 I HoneySpace.TopTaskSource: onTaskMovedToFront : taskId = 4337, displayId = 0
01-15 20:02:38.791  4520  4520 I SearchHoneyPot: onViewCreated: onStop
01-15 20:02:38.791  4520  4630 I HoneySpace.TopTaskSource: onTaskFocusChanged(): taskId = 4337
01-15 20:02:38.791  4520  7391 I HoneySpace.HoneyAppWidgetHost: stopListening, host: @caab75e, hostId: 1024
01-15 20:02:38.791  2383  6918 I AppWidgetServiceImpl: stopListening callbacks : null
01-15 20:02:38.791  4520  4632 I HoneySpace.TopTaskUseCase: topTasks 4337 ComponentInfo{com.sec.android.app.launcher/com.sec.android.app.launcher.Launcher}[displayId=0]
01-15 20:02:38.791  4520  4520 I HoneySpace.ContentsAnimator: end call
01-15 20:02:38.791  4520  4520 I HoneySpace.BlurAnimator: end
01-15 20:02:38.791  4520  4520 I HoneySpace.BlurAnimator: reset
01-15 20:02:38.791  2383  7455 I ActivityManager: Changes in 99176 5 to 19, 184 to 128
01-15 20:02:38.791  4520  4520 I VRI[LauncherActivity]@d355503: stopped(true) old = false
01-15 20:02:38.791 32239 32239 I bopg    : onPause
01-15 20:02:38.791 32239 32239 I bopg    : onStop
01-15 20:02:38.792  4520  4520 I HoneySpace.Launcher: !@Boot_EBS_D: Launcher.onStop()
01-15 20:02:38.792  4520  4520 I AutofillManager: onInvisibleForAutofill(): expiringResponse
01-15 20:02:38.792  4520  7196 I HoneySpace.Memory-Monitor: scheduleTrim delayTime=30000
01-15 20:02:38.792  2383  7455 W PresentationStatsEventLogger: Shouldn't be logging AutofillPresentationEventReported again for same event
01-15 20:02:38.792  4520  4520 I HoneySpace.OneUiSpace: onSaveInstanceState honeyScreen=d3.M@5b1437d
01-15 20:02:38.793  2383  7455 I WindowManager: Relayout Window{33464ee u0 com.sec.android.app.launcher/com.sec.android.app.launcher.activities.LauncherActivity}: viewVisibility=4 req=1080x2340 ty=1 d0
01-15 20:02:38.793  2383  7455 I WindowManager: Relayout hash=33464ee, pid=4520, syncId=-1: mAttrs={(0,0)(fillxfill) sim={adjust=nothing forwardNavigation} layoutInDisplayCutoutMode=always ty=BASE_APPLICATION fmt=TRANSPARENT wanim=0x1030306
01-15 20:02:38.793  2383  7455 I WindowManager:   fl=81910100
01-15 20:02:38.793  2383  7455 I WindowManager:   pfl=10008840
01-15 20:02:38.793  2383  7455 I WindowManager:   bhv=2
01-15 20:02:38.793  2383  7455 I WindowManager:   fitSides=0
01-15 20:02:38.793  2383  7455 I WindowManager:   frameRateBoostOnTouch=true
01-15 20:02:38.793  2383  7455 I WindowManager:   dvrrWindowFrameRateHint=true screenDimDuration=200000 naviIconColor=0}
01-15 20:02:38.794  4520  4520 I VRI[LauncherActivity]@d355503: Relayout returned: old=(0,0,1080,2340) new=(0,0,1080,2340) relayoutAsync=false req=(1080,2340)4 dur=1 res=0x2 s={false 0x0} ch=false seqId=0
01-15 20:02:38.794  4520  4520 I HoneySpace.TaskStackChangeRepositoryImpl: onTaskRemoved : 4772
01-15 20:02:38.794  4520  4520 I HoneySpace.TaskStackChangeRepositoryImpl: onTaskRemoved : 4772
01-15 20:02:38.794  4520  4630 I HoneySpace.TopTaskSource: onTaskRemoved: 4772
01-15 20:02:38.794  4520  4520 I HoneySpace.TaskListViewModel[180514354]: taskRemoveId, 4772
01-15 20:02:38.794  4520  4520 W HoneySpace.TaskListViewModel[180514354]: task is already removed: 4772
01-15 20:02:38.794  4520  4520 I HoneySpace.TaskListViewModel[180514354]: taskRemoveId, 4772
01-15 20:02:38.794  4520  4520 W HoneySpace.TaskListViewModel[180514354]: task is already removed: 4772
01-15 20:02:38.794  2383  6918 V WindowManager: Setting visibility of Window{33464ee u0 com.sec.android.app.launcher/com.sec.android.app.launcher.activities.LauncherActivity}: false, caller=com.android.server.wm.WindowContainer.sendAppVisibilityToClients:19 com.android.server.wm.WindowToken.setClientVisible:48 com.android.server.wm.ActivityRecord.activityStopped:189 com.android.server.wm.ActivityClientController.activityStopped:97 android.app.IActivityClientController$Stub.onTransact:740 
01-15 20:02:38.794  2383  2878 D SGM:FgCheckThread: getForegroundApp(), foregroundPkgName=com.sec.android.app.launcher
01-15 20:02:38.794  4520  4520 I VRI[LauncherActivity]@d355503: handleAppVisibility mAppVisible = true visible = false
01-15 20:02:38.794  2383  6918 E WindowManager: win=Window{33464ee u0 com.sec.android.app.launcher/com.sec.android.app.launcher.activities.LauncherActivity} destroySurfaces: appStopped=true cleanupOnResume=false win.mWindowRemovalAllowed=false win.mRemoveOnExit=false win.mViewVisibility=4 caller=com.android.server.wm.ActivityRecord.destroySurfaces:25 com.android.server.wm.ActivityRecord.activityStopped:192 com.android.server.wm.ActivityClientController.activityStopped:97 android.app.IActivityClientController$Stub.onTransact:740 com.android.server.wm.ActivityClientController.onTransact:1 android.os.Binder.execTransactInternal:1462 android.os.Binder.execTransact:1401 
01-15 20:02:38.794  2383  2878 D SGM:FgCheckThread: pkgName: com.sec.android.app.launcher is not in foreground
01-15 20:02:38.794  2383  3422 D BackgroundInstallControlService: Package event received: 0
01-15 20:02:38.795  4520  4630 I HoneySpace.TopTaskSource: onTaskRemoved: 4772
01-15 20:02:38.796  1868  1868 I SurfaceFlinger: [LayerHierarchy{RequestedLayerState{Task=4772#45485 z=26} 1 children}] reparent to OffscreenRoot
01-15 20:02:38.796  1868  1868 I SurfaceFlinger: [LayerHierarchy{RequestedLayerState{Task=4772#45485 z=26} 1 children}] RelativeParent to null
01-15 20:02:38.796  1868  1868 I SurfaceFlinger: [LayerHierarchy{RequestedLayerState{ActivityRecord{154313699 u0 com.anonymous.dungeoncrawler/.MainActivity t4772}#45486} 1 children}] reparent to OffscreenRoot
