--------- beginning of main
01-15 20:02:38.575  2383  2901 I SemDvfsHyPerManager: acquire hyper - APP_LAUNCH/2383@30, type = -999
01-15 20:02:38.575  1744  1902 I HYPER-HAL: [RequestManager.cpp]acquire(): Acquired ID : 2912521  [2383 / 30]    HINT : APP_LAUNCH    list : [TIMEOUT / 700] 
--------- beginning of system
01-15 20:02:38.575  2383  3692 D ActivityTaskManager: startActivityAsUser: callingPid=12357, callingUid=2000, caller=com.android.server.am.ActivityManagerService.startActivityAsUserWithFeature:27 com.android.server.am.ActivityManagerShellCommand.runStartActivity:588 com.android.server.am.ActivityManagerShellCommand.onCommand:2030 com.android.modules.utils.BasicShellCommandHandler.exec:97 android.os.ShellCommand.exec:38 com.android.server.am.ActivityManagerService.onShellCommand:164 android.os.Binder.shellCommand:1187 
01-15 20:02:38.575  1769  1889 E PERFHAL-RESOURCEQS: PERFHAL-RESOURCEQS: AddAndApply() 171: Failed to apply optimization [15, 7]
01-15 20:02:38.576  2383  3692 W ActivityTaskManager: callingPackage for (uid=2000, pid=12357) has no WPC
01-15 20:02:38.576  7045  7045 I SemDvfsHyPerManager: acquire hyper - APP_START_SHORT/7045@24, type = -999
01-15 20:02:38.576  1769  1889 E PERFHAL-RESOURCEQS: PERFHAL-RESOURCEQS: AddAndApply() 171: Failed to apply optimization [15, 7]
01-15 20:02:38.576  1744  1902 I HYPER-HAL: [RequestManager.cpp]acquire(): Acquired ID : 24988939  [7045 / 24]    HINT : APP_START    list : [TIMEOUT / 1500] 
01-15 20:02:38.576  2383  3692 D ActivityTaskManager: DesktopModeLaunchParamsModifier: task=null activity=null task null, skipping
01-15 20:02:38.576  2383  3692 D ActivityTaskManager: TaskLaunchParamsModifier:task=null activity=null display-area-from-current-params=null display-area-from-default-fallback=DefaultTaskDisplayArea_d0@6381202 display-id=0 task-display-area-windowing-mode=1 suggested-display-area=DefaultTaskDisplayArea_d0@6381202
01-15 20:02:38.576  2383  3692 W OptProp : Cannot read opt property android.window.PROPERTY_COMPAT_ALLOW_RESIZEABLE_ACTIVITY_OVERRIDES
01-15 20:02:38.576  2383  3692 W OptProp : Cannot read opt property android.window.PROPERTY_COMPAT_ALLOW_MIN_ASPECT_RATIO_OVERRIDE
01-15 20:02:38.577  2383  3692 D WindowManager: Transition is created, t=TransitionRecord{2eeb012 id=-1 type=OPEN flags=0x0}, caller=com.android.server.wm.Transition.<init>:182 com.android.server.wm.TransitionController.createAndStartCollecting:106 com.android.server.wm.ActivityStarter.executeRequest:3606 com.android.server.wm.ActivityStarter.execute:1752 com.android.server.wm.ActivityTaskManagerService.startActivityAsUser:95 
01-15 20:02:38.577  2383  3692 D BLASTSyncEngine: SyncGroup is created, id=2877, name=Transition-OPEN, caller=com.android.server.wm.BLASTSyncEngine$SyncGroup.<init>:52 com.android.server.wm.TransitionController.moveToCollecting:79 com.android.server.wm.TransitionController.createAndStartCollecting:109 com.android.server.wm.ActivityStarter.executeRequest:3606 com.android.server.wm.ActivityStarter.execute:1752 com.android.server.wm.ActivityTaskManagerService.startActivityAsUser:95 com.android.server.am.ActivityManagerService.startActivityAsUserWithFeature:27 
01-15 20:02:38.577  2383  3692 W BLASTSyncEngine: setSyncMethod, id=2877, method=0, caller=com.android.server.wm.TransitionController.moveToCollecting:91 com.android.server.wm.TransitionController.createAndStartCollecting:109 com.android.server.wm.ActivityStarter.executeRequest:3606 
01-15 20:02:38.577  2383  3692 V WindowManager: Start collecting in Transition: TransitionRecord{2eeb012 id=2877 type=OPEN flags=0x0}, caller=com.android.server.wm.TransitionController.createAndStartCollecting:109 com.android.server.wm.ActivityStarter.executeRequest:3606 com.android.server.wm.ActivityStarter.execute:1752 com.android.server.wm.ActivityTaskManagerService.startActivityAsUser:95 com.android.server.am.ActivityManagerService.startActivityAsUserWithFeature:27 
01-15 20:02:38.577  2383  3692 V WindowManager: Collecting in transition 2877: ActivityRecord{154313699 u0 com.anonymous.dungeoncrawler/.MainActivity, caller=com.android.server.wm.TransitionController.collect:7 com.android.server.wm.ActivityStarter.startActivityUnchecked:98 com.android.server.wm.ActivityStarter.executeRequest:3651 com.android.server.wm.ActivityStarter.execute:1752 com.android.server.wm.ActivityTaskManagerService.startActivityAsUser:95 
01-15 20:02:38.577  2383  3692 D ActivityTaskManager: DesktopModeLaunchParamsModifier: task=null activity=ActivityRecord{154313699 u0 com.anonymous.dungeoncrawler/.MainActivity t-1} task null, skipping
01-15 20:02:38.577  2383  3692 D ActivityTaskManager: TaskLaunchParamsModifier:task=null activity=ActivityRecord{154313699 u0 com.anonymous.dungeoncrawler/.MainActivity t-1} display-area-from-current-params=null display-area-from-default-fallback=DefaultTaskDisplayArea_d0@6381202 display-id=0 task-display-area-windowing-mode=1 suggested-display-area=DefaultTaskDisplayArea_d0@6381202
01-15 20:02:38.577  2383  3692 D ActivityTaskManager: DesktopModeLaunchParamsModifier: task=null activity=ActivityRecord{154313699 u0 com.anonymous.dungeoncrawler/.MainActivity t-1} task null, skipping
01-15 20:02:38.577  2383  3692 D ActivityTaskManager: TaskLaunchParamsModifier:task=null activity=ActivityRecord{154313699 u0 com.anonymous.dungeoncrawler/.MainActivity t-1} display-area-from-current-params=null display-area-from-default-fallback=DefaultTaskDisplayArea_d0@6381202 display-id=0 task-display-area-windowing-mode=1 suggested-display-area=DefaultTaskDisplayArea_d0@6381202 non-freeform-task-display-area display-area=DefaultTaskDisplayArea_d0@6381202 activity-requested-portrait freeform-size-mismatch=Rect(81, 558 - 999, 1728)
01-15 20:02:38.577  2383  3692 D ActivityTaskManager: Temporarily retain top process state for launching app
01-15 20:02:38.578  1868  2005 I SurfaceFlinger: id=45485 createSurf, flag=24004, Task=4772#45485
01-15 20:02:38.578  2383  3692 D ActivityTaskManager: Top Process State changed to PROCESS_STATE_TOP_SLEEPING#2
01-15 20:02:38.579  2383  3692 D ActivityTaskManager: DesktopModeLaunchParamsModifier: task=Task{d1121e0 #4772 type=standard A=10553:com.anonymous.dungeoncrawler} activity=ActivityRecord{154313699 u0 com.anonymous.dungeoncrawler/.MainActivity t-1} non-desktop, skipping
01-15 20:02:38.579  2383  3692 D ActivityTaskManager: TaskLaunchParamsModifier:task=Task{d1121e0 #4772 type=standard A=10553:com.anonymous.dungeoncrawler} activity=ActivityRecord{154313699 u0 com.anonymous.dungeoncrawler/.MainActivity t-1} display-from-task=0 display-id=0 task-display-area-windowing-mode=1 suggested-display-area=DefaultTaskDisplayArea_d0@6381202 inherit-from-task=fullscreen non-freeform-task-display-area display-area=DefaultTaskDisplayArea_d0@6381202 activity-requested-portrait freeform-size-mismatch=Rect(81, 558 - 999, 1728)
01-15 20:02:38.579  2383  3692 V WindowManager: Collecting in transition 2877: Task{d1121e0 #4772 type=standard A=10553:com.anonymous.dungeoncrawler}, caller=com.android.server.wm.Transition.collectExistenceChange:40 com.android.server.wm.ActivityStarter.startActivityInner:293 com.android.server.wm.ActivityStarter.startActivityUnchecked:111 com.android.server.wm.ActivityStarter.executeRequest:3651 com.android.server.wm.ActivityStarter.execute:1752 
01-15 20:02:38.579  2383  3692 W OptProp : Cannot read opt property android.window.PROPERTY_COMPAT_ALLOW_ORIENTATION_OVERRIDE
01-15 20:02:38.579  1868  2005 I SurfaceFlinger: id=45486 createSurf, flag=84004, ActivityRecord{154313699 u0 com.anonymous.dungeoncrawler/.MainActivity t4772}#45486
01-15 20:02:38.579  2383  3692 V WindowManager: Checking theme of starting window: 0x7f0f0108
01-15 20:02:38.579  2383  3692 V WindowManager: Translucent=false Floating=false ShowWallpaper=false Disable=false
01-15 20:02:38.579  1868  1868 I SurfaceFlinger: SFWD update time=382161838307185
01-15 20:02:38.579  2383  3692 D WindowManager: App launched activity=ActivityRecord{154313699 u0 com.anonymous.dungeoncrawler/.MainActivity t4772}, state=1
01-15 20:02:38.579  2383  3692 D DeviceReportingSecurityChecker: getStatus
01-15 20:02:38.579  2383  3692 D DeviceReportingSecurityChecker: mIsICDStatus is true
01-15 20:02:38.579  2383  3692 D DeviceReportingSecurityChecker: mIsSim is true
01-15 20:02:38.580  2383  3692 D DeviceReportingSecurityChecker: mIsEchoAppSignature is true
01-15 20:02:38.580  2383  3692 D DeviceReportingSecurityChecker: security check passed
01-15 20:02:38.580  2383  3692 D DeviceReportingSecurityChecker: mIsICDStatus === true mIsSim == true mIsMyAccountSignature== false mIsEchoAppSignature== true mIsSprintHubSignature== false
01-15 20:02:38.580  2383  3692 V WindowManager: Checking theme of starting window: 0x7f0f0108
01-15 20:02:38.580  2383  3692 V WindowManager: Translucent=false Floating=false ShowWallpaper=false Disable=false
01-15 20:02:38.580  2383  3692 D WindowManager: App launched activity=ActivityRecord{154313699 u0 com.anonymous.dungeoncrawler/.MainActivity t4772}, state=1
01-15 20:02:38.580  2383  3692 D DeviceReportingSecurityChecker: getStatus
01-15 20:02:38.580  2383  3692 D DeviceReportingSecurityChecker: mIsICDStatus is true
01-15 20:02:38.580  2383  3692 D DeviceReportingSecurityChecker: mIsSim is true
01-15 20:02:38.580  2383  3692 D DeviceReportingSecurityChecker: mIsEchoAppSignature is true
01-15 20:02:38.580  2383  3692 D DeviceReportingSecurityChecker: security check passed
01-15 20:02:38.580  2383  3692 D DeviceReportingSecurityChecker: mIsICDStatus === true mIsSim == true mIsMyAccountSignature== false mIsEchoAppSignature== true mIsSprintHubSignature== false
01-15 20:02:38.580  2383  3692 D DeviceReportingSecurityChecker: getStatus
01-15 20:02:38.580  2383  3692 D DeviceReportingSecurityChecker: mIsICDStatus is true
01-15 20:02:38.580  2383  3692 D DeviceReportingSecurityChecker: mIsSim is true
01-15 20:02:38.580  2383  3692 D DeviceReportingSecurityChecker: mIsEchoAppSignature is true
01-15 20:02:38.580  2383  3692 D DeviceReportingSecurityChecker: security check passed
01-15 20:02:38.580  2383  3692 D DeviceReportingSecurityChecker: mIsICDStatus === true mIsSim == true mIsMyAccountSignature== false mIsEchoAppSignature== true mIsSprintHubSignature== false
01-15 20:02:38.580  2383  3692 V WindowManager: Collecting in transition 2877: ActivityRecord{154313699 u0 com.anonymous.dungeoncrawler/.MainActivity t4772}, caller=com.android.server.wm.Transition.collectExistenceChange:40 com.android.server.wm.ActivityStarter.handleStartResult:761 com.android.server.wm.ActivityStarter.startActivityUnchecked:124 com.android.server.wm.ActivityStarter.executeRequest:3651 com.android.server.wm.ActivityStarter.execute:1752 
01-15 20:02:38.580  2383  3692 V WindowManager: Requesting StartTransition: TransitionRecord{2eeb012 id=2877 type=OPEN flags=0x0 c=[
01-15 20:02:38.580  2383  3692 V WindowManager:    ChangeInfo{3619b3f container=DefaultTaskDisplayArea_d0@6381202 flags=0x0}
01-15 20:02:38.580  2383  3692 V WindowManager:    ChangeInfo{f967c0c container=ActivityRecord{154313699 u0 com.anonymous.dungeoncrawler/.MainActivity t4772} flags=0x0}
01-15 20:02:38.580  2383  3692 V WindowManager:    ChangeInfo{a26a955 container=Display{#0 state=OFF size=1080x2340 ROTATION_0} flags=0x0}
01-15 20:02:38.580  2383  3692 V WindowManager:    ChangeInfo{6cc2f6a container=Task{d1121e0 #4772 type=standard A=10553:com.anonymous.dungeoncrawler} flags=0x0}
01-15 20:02:38.580  2383  3692 V WindowManager: ]
01-15 20:02:38.580  2383  3692 V WindowManager: }, caller=com.android.server.wm.ActivityStarter.handleStartResult:982 com.android.server.wm.ActivityStarter.startActivityUnchecked:124 com.android.server.wm.ActivityStarter.executeRequest:3651 com.android.server.wm.ActivityStarter.execute:1752 com.android.server.wm.ActivityTaskManagerService.startActivityAsUser:95 
01-15 20:02:38.580  2383  3692 I Pageboost: stop alp
01-15 20:02:38.580  2383  3692 I ActivityTaskManager: START u0 {flg=0x10000000 xflg=0x5 cmp=com.anonymous.dungeoncrawler/.MainActivity} with LAUNCH_SINGLE_TASK from uid 2000 (BAL_ALLOW_PERMISSION) result code=0
01-15 20:02:38.580  2383  3692 I SemDvfsHyPerManager: acquire hyper - AMS_APP_LAUNCH/2383@20, type = -999
01-15 20:02:38.580  4999  4999 E pageboostd: Received HALT command code 2
01-15 20:02:38.581  1744  1902 I HYPER-HAL: [RequestManager.cpp]acquire(): Acquired ID : 2888426  [2383 / 20]    HINT : AMS_APP_LAUNCH    list : 
01-15 20:02:38.581  3719  3866 V WindowManagerShell: Transition requested (#2877): android.os.BinderProxy@ce20d3 TransitionRequestInfo { type = OPEN, triggerTask = TaskInfo{userId=0 taskId=4772 effectiveUid=10553 displayId=0 isRunning=true baseIntent=Intent { flg=0x10000000 cmp=com.anonymous.dungeoncrawler/.MainActivity } baseActivity=ComponentInfo{com.anonymous.dungeoncrawler/com.anonymous.dungeoncrawler.MainActivity} topActivity=ComponentInfo{com.anonymous.dungeoncrawler/com.anonymous.dungeoncrawler.MainActivity} origActivity=null realActivity=ComponentInfo{com.anonymous.dungeoncrawler/com.anonymous.dungeoncrawler.MainActivity} numActivities=1 lastActiveTime=630353266 supportsMultiWindow=true resizeMode=1 isResizeable=true minWidth=-1 minHeight=-1 maxWidth=-1 maxHeight=-1 defaultMinSize=220 desktopDefaultMinSize=304 token=WCT{android.window.IWindowContainerToken$Stub$Proxy@bf67410} topActivityType=1 pictureInPictureParams=null shouldDockBigOverlays=false launchIntoPipHostTaskId=-1 lastParentTaskIdBeforePip=-1 displayCutoutSafeInsets=Rect(0, 91 - 0, 0) topActivityInfo=ActivityInfo{3ac7b09 com.anonymous.dungeoncrawler.MainActivity} launchCookies=[] positionInParent=Point(0, 0) parentTaskId=-1 isFocused=false isVisible=false isVisibleRequested=false isTopActivityNoDisplay=false isSleeping=true locusId=null displayAreaFeatureId=1 isTopActivityTransparent=false isActivityStackTransparent=false lastNonFullscreenBounds=Rect(81, 558 - 999, 1728) capturedLink=null capturedLinkTimestamp=0 requestedVisibleTypes=-9 topActivityRequestOpenInBrowserEducationTimestamp=0 appCompatTaskInfo=AppCompatTaskInfo { topActivityInSizeCompat=false eligibleForLetterboxEducation= false isLetterboxEducationEnabled= false isLetterboxDoubleTapEnabled= false eligibleForUserAspectRatioButton= false topActivityBoundsLetterboxed= false isFromLetterboxDoubleTap= false topActivityLetterboxVerticalPosition= -1 topActivityLetterboxHorizontalPosition= -1 topActivityLetterboxWidth=-1 topActivityLetterboxHeight=-1 topActivityAppBounds=Rect(0, 91 - 1080, 2196) isUserFullscreenOverrideEnabled=false isSystemFullscreenOverrideEnabled=false hasMinAspectRatioOverride=false topActivityLetterboxBounds=null cameraCompatTaskInfo=CameraCompatTaskInfo { freeformCameraCompatMode=inactive} topActivityBounds=null topActivityInDisplayCompat=false singleTapFromLetterbox=false} topActivityMainWindowFrame=null originallySupportedMultiWindow=true hasWallpaper=false rootAffinity=10553:com.anonymous.dungeoncrawler isTopTaskInStage=false CoverLauncherWidgetTask=false LaunchedFromAppsCoverLauncherTask=false LaunchedFromMultistarCoverLauncherTask=false isAllowedSeamlessRotation=false isTopTransparentActivity=false isAliasManaged=false hasConfigChanged=false snappingGuideBounds=null isAiKeyRemoveAppTask=false lastDesktopWindowingBounds=null lastExternalDesktopWindowingBounds=null safeCutoutInsets=null}, pipChange = null, remoteTransition = null, displayChange = null, flags = 0, debugId = 2877 }
01-15 20:02:38.581  3719  3866 V ShellDesktopMode: DesktopTasksController: isDesktopModeShowing: hasVisibleTasks=false hasTopTransparentFullscreenTask=false
01-15 20:02:38.581  3719  3866 V ShellDesktopMode: DesktopTasksController: isDesktopModeShowing: hasVisibleTasks=false hasTopTransparentFullscreenTask=false
01-15 20:02:38.581  3719  3866 D ShellSplitScreen: logExit: no-op, mLoggerSessionId is null
01-15 20:02:38.581  3719  3866 D ShellDesktopMode: handleRequest: TransitionRequestInfo {type=1, tid=4772, debugId=2877}
01-15 20:02:38.581  7045  7045 I SemDvfsHyPerManager: acquire hyper - APP_START/7045@26, type = -999
01-15 20:02:38.582  3719  3866 V ShellDesktopMode: DesktopTasksController: handleFullscreenTaskLaunch
01-15 20:02:38.582  3719  3866 V ShellDesktopMode: DesktopTasksController: isDesktopModeShowing: hasVisibleTasks=false hasTopTransparentFullscreenTask=false
01-15 20:02:38.582  3719  3866 V ShellDesktopMode: DesktopTasksController: handleRequest result=null
01-15 20:02:38.583  4520  4630 I HoneySpace.TopTaskSource: onTaskMovedToFront : taskId = 4772, displayId = 0
01-15 20:02:38.583  2383  3692 V WindowManager: Starting Transition 2877, caller=com.android.server.wm.WindowOrganizerController.startTransition:47 com.android.server.wm.WindowOrganizerController.startTransition:1 android.window.IWindowOrganizerController$Stub.onTransact:259 
01-15 20:02:38.583  1744  1902 I HYPER-HAL: [RequestManager.cpp]acquire(): Acquired ID : 25003082  [7045 / 26]    HINT : APP_START    list : 
01-15 20:02:38.583  4520  4632 I HoneySpace.TopTaskUseCase: topTasks 4772 ComponentInfo{com.anonymous.dungeoncrawler/com.anonymous.dungeoncrawler.MainActivity}[displayId=0]
01-15 20:02:38.585  3719  3866 D ShellDesktopMode: [u0] DesktopRepository: Removes freeform task: taskId=4771
01-15 20:02:38.585  3719  3866 W ShellDesktopMode: [u0] DesktopRepository: No display id found for task: taskId=4771
01-15 20:02:38.585  4520 30433 I HoneySpace.RecentTasks: onRecentTasksChanged
01-15 20:02:38.585  3719  3866 D ShellDesktopMode: [u0] DesktopRepository: Removes freeform task: taskId=4771
01-15 20:02:38.585  3719  3866 W ShellDesktopMode: [u0] DesktopRepository: No display id found for task: taskId=4771
01-15 20:02:38.586  2383  3692 W ParceledListSlice: Element #8 is 18476 bytes.
01-15 20:02:38.587  2383  3692 W ParceledListSlice: Element #9 is 19392 bytes.
01-15 20:02:38.587  2383  3692 W ParceledListSlice: Element #22 is 21248 bytes.
01-15 20:02:38.588  4520  6634 I HoneySpace.RecentTasks: onRecentTasksChanged
01-15 20:02:38.588  2383  3422 D BackgroundInstallControlService: Package event received: 0
01-15 20:02:38.589  2383  3692 I ActivityManager: Changes in 10119 8 to 6, 0 to 128
01-15 20:02:38.589  2383  3422 D BackgroundInstallControlService: Package event received: 0
01-15 20:02:38.589  2383  3422 D BackgroundInstallControlService: Package event received: 0
01-15 20:02:38.589  2383  3422 D BackgroundInstallControlService: Package event received: 0
01-15 20:02:38.590  2383  3692 I ActivityManager: Changes in 10119 6 to 8, 128 to 0
01-15 20:02:38.591  2383  3692 W ParceledListSlice: Element #8 is 18476 bytes.
01-15 20:02:38.591  2383  3692 W ParceledListSlice: Element #9 is 19392 bytes.
01-15 20:02:38.592  2383  3692 W ParceledListSlice: Element #22 is 21248 bytes.
01-15 20:02:38.595  3719  3911 D AppOpsPrivacyItemMonitor: showLocationSystemApps  AppOpItem(Op code=1, UID=10299, AttributionTag=null, Package name=com.tmobile.echolocate, Paused=false)
01-15 20:02:38.595  1635  1635 D Zygote  : Forked child process 12366
01-15 20:02:38.595  2383  2902 D DeviceReportingSecurityChecker: getStatus
01-15 20:02:38.595  2383  2902 D DeviceReportingSecurityChecker: mIsICDStatus is true
01-15 20:02:38.595  2383  2902 D DeviceReportingSecurityChecker: mIsSim is true
01-15 20:02:38.595  2383  2902 D DeviceReportingSecurityChecker: mIsEchoAppSignature is true
01-15 20:02:38.595  2383  2902 D DeviceReportingSecurityChecker: security check passed
01-15 20:02:38.595  2383  2902 D DeviceReportingSecurityChecker: mIsICDStatus === true mIsSim == true mIsMyAccountSignature== false mIsEchoAppSignature== true mIsSprintHubSignature== false
01-15 20:02:38.595  2383  2902 I ActivityManager: Start proc 12366:com.anonymous.dungeoncrawler/u0a553 for top-activity {com.anonymous.dungeoncrawler/com.anonymous.dungeoncrawler.MainActivity}
01-15 20:02:38.595  2383  2902 D DynamicHiddenApp_BGProtectManager: [SecIpm] it's a ML_TYPE_EMPTYPROCESS protected process com.anonymous.dungeoncrawler
01-15 20:02:38.596  2383  2902 I ActivityManager: ProcessObserver broadcast disabled
01-15 20:02:38.596  1868  1868 I SurfaceFlinger: [Display 0 name="Built-in Screen"#49] setFrameRateCategory: High
01-15 20:02:38.596  1868  1868 I SurfaceFlinger: [Task=4772#45485] attach to parent LayerHierarchy{RequestedLayerState{DefaultTaskDisplayArea_d0#10 parentId=9} 29 children}
01-15 20:02:38.596  1868  1868 I SurfaceFlinger: [ActivityRecord{154313699 u0 com.anonymous.dungeoncrawler/.MainActivity t4772}#45486] attach to parent LayerHierarchy{RequestedLayerState{Task=4772#45485 parentId=10} 1 children}
01-15 20:02:38.597  2383  2878 I DisplayDeviceRepository: Display device changed render timings: "Built-in Screen", renderFrameRate=60.000004, presentationDeadlineNanos=9333333, appVsyncOffsetNanos=16666666, frameRateOverrides=[{uid=10045 frameRateHz=60.000004}]
01-15 20:02:38.597  3719  3911 D StackScroller: onDisplayChanged for predraw skip to 1
01-15 20:02:38.597  2383  3692 D WifiDisplayAdapter: isFitToActiveDisplayLocked : false
01-15 20:02:38.603 28027 30154 E DataMetrics5gSa: isMyAccountSigPresent(): package is not installed
01-15 20:02:38.603 28027 30154 D DataMetrics5gSa: DataMetrics5gSa(): isModelSupported() =true, isTmoSim=true, isTmoSalesCode=true, isCalledFromTmo=true, isMyAccountSigPresent=false, isEchoAppSigPresent=true
01-15 20:02:38.604 28027 28027 D DataMetrics5gSa: TelephonyDisplayInfo.getNetworkType(): ==20
01-15 20:02:38.604 28027 28027 D DataMetrics5gSa: TelephonyDisplayInfo.getOverrideNetworkType(): ==3
01-15 20:02:38.604 28027 28027 D DataMetrics5gSa: TelephonyDisplayInfo.is5gAvailable(): ==false
01-15 20:02:38.604 28027 30154 D DataMetrics5gSa: getWifiCallingSettings(): ret=CELLULAR
01-15 20:02:38.604 28027 30154 D DataMetrics5gSa: getCommonDataSettings(): ret=ON for setting value=wifi_on
01-15 20:02:38.604 28027 30154 D DataMetrics5gSa: getCommonDataSettings(): ret=ON for setting value=data_roaming
01-15 20:02:38.604 28027 30154 D DataMetrics5gSa: rttSetting: 4
01-15 20:02:38.604 28027 30154 D DataMetrics5gSa: getRttSetting(): ret=MANUAL
01-15 20:02:38.604 28027 30154 D DataMetrics5gSa: getRttTranscriptSetting(): currently not supported
01-15 20:02:38.605 12366 12366 I .dungeoncrawler: Using CollectorTypeCMC GC.
01-15 20:02:38.606 12366 12366 E .dungeoncrawler: Not starting debugger since process cannot load the jdwp agent.
01-15 20:02:38.607 28027 30154 D DataMetrics5gSa: getNetworkModeSetting(): ret= 5G
01-15 20:02:38.607 28027 30154 D DataMetrics5gSa: getCarrierConfigVersion = IN
01-15 20:02:38.607 28027 30154 D DataMetrics5gSa: getCarrierConfigVersion projection = [Ljava.lang.String;@4d18065
01-15 20:02:38.608 28027 30154 D DataMetrics5gSa: getCarrierConfigVersion Cursor = IN
01-15 20:02:38.608 28027 30154 D DataMetrics5gSa: getCarrierConfigVersion cursor= 1.0000
01-15 20:02:38.608 12366 12366 D nativeloader: Load libframework-connectivity-tiramisu-jni.so using APEX ns com_android_tethering for caller /apex/com.android.tethering/javalib/framework-connectivity-t.jar: ok
01-15 20:02:38.609 28027 30154 D DataMetrics5gSa: userVonrSetting(): ret=ON
01-15 20:02:38.610 12366 12366 D ActivityThread: setConscryptValidator
01-15 20:02:38.610 12366 12366 D ActivityThread: setConscryptValidator - put
01-15 20:02:38.611 28027 30154 D DataMetrics5gSa: userVonrSetting(): ret=ON
01-15 20:02:38.611 28027 30154 D DataMetrics5gSa: getVonrStatus(): ret=CAPABLE
01-15 20:02:38.611 28027 30154 D DataMetrics5gSa: getCarrierSa5gBandConfig : content://com.samsung.ims.entitlementconfig.provider/config/xpath?tag_name=%2F%2FStandaloneBands5G_NRCA
01-15 20:02:38.611  4117 13491 I EntitlementConfigProvider: Empty slot. query regardless slot
01-15 20:02:38.613  2383  7065 D SGM:GameManager: identifyGamePackage. com.anonymous.dungeoncrawler, mCurrentUserId: 0, callingMethodInfo: com.samsung.android.game.IGameManagerService$Stub.onTransact(IGameManagerService.java:247)
01-15 20:02:38.613 28027 30154 D DataMetrics5gSa: getCarrierSa5gBandConfig rowNum=: 6
01-15 20:02:38.613 28027 30154 D DataMetrics5gSa: getCarrierSa5gBandConfig columnNum=: 2
01-15 20:02:38.613 28027 30154 D DataMetrics5gSa: getCarrierSa5gBandConfig TagValue: StandaloneBands5G_NRCA/SAn41Enabled_NRCA
01-15 20:02:38.613 28027 30154 D DataMetrics5gSa: getCarrierSa5gBandConfig Tag: SAn41Enabled_NRCA
01-15 20:02:38.613 28027 30154 D DataMetrics5gSa: getCarrierSa5gBandConfig TagValue: true
01-15 20:02:38.613 28027 30154 D DataMetrics5gSa: getCarrierSa5gBandConfig Value: true
01-15 20:02:38.613 28027 30154 D DataMetrics5gSa: getCarrierSa5gBandConfig TagValue: StandaloneBands5G_NRCA/SAn71Enabled_NRCA
01-15 20:02:38.613 28027 30154 D DataMetrics5gSa: getCarrierSa5gBandConfig Tag: SAn71Enabled_NRCA
01-15 20:02:38.613 28027 30154 D DataMetrics5gSa: getCarrierSa5gBandConfig TagValue: true
01-15 20:02:38.613 28027 30154 D DataMetrics5gSa: getCarrierSa5gBandConfig Value: true
01-15 20:02:38.613 28027 30154 D DataMetrics5gSa: getCarrierSa5gBandConfig TagValue: StandaloneBands5G_NRCA/SAn25Enabled_NRCA
01-15 20:02:38.613 28027 30154 D DataMetrics5gSa: getCarrierSa5gBandConfig Tag: SAn25Enabled_NRCA
01-15 20:02:38.613 28027 30154 D DataMetrics5gSa: getCarrierSa5gBandConfig TagValue: true
01-15 20:02:38.613 28027 30154 D DataMetrics5gSa: getCarrierSa5gBandConfig Value: true
01-15 20:02:38.614 28027 30154 D DataMetrics5gSa: getCarrierSa5gBandConfig TagValue: StandaloneBands5G_NRCA/SAn77Enabled_NRCA
01-15 20:02:38.614 28027 30154 D DataMetrics5gSa: getCarrierSa5gBandConfig Tag: SAn77Enabled_NRCA
01-15 20:02:38.614 28027 30154 D DataMetrics5gSa: getCarrierSa5gBandConfig TagValue: true
01-15 20:02:38.614 28027 30154 D DataMetrics5gSa: getCarrierSa5gBandConfig Value: true
01-15 20:02:38.614 28027 30154 D DataMetrics5gSa: getCarrierSa5gBandConfig TagValue: StandaloneBands5G_NRCA/SAn66Enabled_NRCA
01-15 20:02:38.614 28027 30154 D DataMetrics5gSa: getCarrierSa5gBandConfig Tag: SAn66Enabled_NRCA
01-15 20:02:38.614 28027 30154 D DataMetrics5gSa: getCarrierSa5gBandConfig TagValue: true
01-15 20:02:38.614 28027 30154 D DataMetrics5gSa: getCarrierSa5gBandConfig Value: true
01-15 20:02:38.614 28027 30154 D DataMetrics5gSa: getCarrierSa5gBandConfig TagValue: StandaloneBands5G_NRCA/SAn48Enabled_NRCA
01-15 20:02:38.614 28027 30154 D DataMetrics5gSa: getCarrierSa5gBandConfig Tag: SAn48Enabled_NRCA
01-15 20:02:38.614 28027 30154 D DataMetrics5gSa: getCarrierSa5gBandConfig TagValue: true
01-15 20:02:38.614 28027 30154 D DataMetrics5gSa: getCarrierSa5gBandConfig Value: true
01-15 20:02:38.614 28027 30154 D DataMetrics5gSa: getCarrierSa5gBandConfig : content://com.samsung.ims.entitlementconfig.provider/config/xpath?tag_name=%2F%2FStandaloneBands5G
01-15 20:02:38.614  4117 13491 I EntitlementConfigProvider: Empty slot. query regardless slot
01-15 20:02:38.614  2383  3692 I ActivityManager: Changes in 10553 20 to 19, 0 to 255
01-15 20:02:38.614  2383  2876 D SGM:GameManager: identifyForegroundApp. com.sec.android.app.launcher, mCurrentUserId: 0, callerUserId: 0
01-15 20:02:38.614  2383  2876 D SGM:SemGameManager: isForegroundGame(), ret=false
01-15 20:02:38.614  2383  2876 D FingerprintProvider/default: onForegroundActivitiesChanged: pid = 12366, uid = 10553, foregroundActivities = true
01-15 20:02:38.614  8847  3068 I SAMSUNGWALLET: [Hint_ProcessStatusChange] fg Change, pid : 12366 , isNotify : true , isForeground : true , fg list : []
01-15 20:02:38.614  2383  2876 D PkgPredictorService-SecIpmManagerServiceImpl: onForegroundActivitiesChanged pid:12366 uid:10553
01-15 20:02:38.614  2383  2876 D SGM:GameManager: identifyForegroundApp. com.sec.android.app.launcher, mCurrentUserId: 0, callerUserId: 0
01-15 20:02:38.615  2383  2876 D SGM:SemGameManager: isForegroundGame(), ret=false
01-15 20:02:38.615  2383  2876 D NetworkPolicy: already checked 10553
01-15 20:02:38.615  2383  2876 D FingerprintProvider/default: onForegroundActivitiesChanged: pid = 12366, uid = 10553, foregroundActivities = true
01-15 20:02:38.615  2383  3335 V NetworkPolicy: getFirewallRuleWifi UID:10553 policy:0
01-15 20:02:38.615  8847  3068 I SAMSUNGWALLET[US]: [ProcessStatusChange] fg Change, pid : 12366 , isNotify : true , isForeground : true , fg list : [4520, 8685, 12366]
01-15 20:02:38.615 12366 12366 D CompatChangeReporter: Compat change id reported: 242716250; UID 10553; state: ENABLED
01-15 20:02:38.615  2383  4928 V PkgPredictorService-SecIpmManagerServiceImpl: discard foreground app:com.anonymous.dungeoncrawler 0|false
01-15 20:02:38.615  2383  2876 D SGM:GameManager: identifyForegroundApp. com.sec.android.app.launcher, mCurrentUserId: 0, callerUserId: 0
01-15 20:02:38.615  2383  2876 D SGM:SemGameManager: isForegroundGame(), ret=false
01-15 20:02:38.615  2383  2876 D NetworkPolicy: already checked 10553
01-15 20:02:38.615  2383  2876 D FingerprintProvider/default: onForegroundActivitiesChanged: pid = 12366, uid = 10553, foregroundActivities = true
01-15 20:02:38.615  8847  3068 I SAMSUNGWALLET: [Hint_ProcessStatusChange] fg Change, pid : 12366 , isNotify : false , isForeground : true , fg list : []
01-15 20:02:38.615  8847  2323 I SAMSUNGWALLET: [Hint_ProcessStatusChange] fg Change, pid : 12366 , isNotify : false , isForeground : true , fg list : []
01-15 20:02:38.615  8847  3068 I SAMSUNGWALLET[US]: [ProcessStatusChange] fg Change, pid : 12366 , isNotify : false , isForeground : true , fg list : [4520, 8685, 12366]
01-15 20:02:38.615  8847  2323 I SAMSUNGWALLET[US]: [ProcessStatusChange] fg Change, pid : 12366 , isNotify : false , isForeground : true , fg list : [4520, 8685, 12366]
01-15 20:02:38.616  5550  5572 V OsAgent : broadcastSystemEvent - 7
01-15 20:02:38.616  8847 12697 I SAMSUNGWALLET[US]: [ProcessMonitor] App went to background.
01-15 20:02:38.616 28027 30154 D DataMetrics5gSa: getCarrierSa5gBandConfig : cursor is null
01-15 20:02:38.616 28027 30154 D DataMetrics5gSa: getCarrierSa5gBandConfig : content://com.samsung.ims.entitlementconfig.provider/config/xpath?tag_name=%2F%2FTT_NR_CA
01-15 20:02:38.616  8847  8847 I SAMSUNGWALLET: [Hint_PayHintService] Hint Status - already invisible, skip hide : [4000003] - 3
01-15 20:02:38.616  4117 13315 I EntitlementConfigProvider: Empty slot. query regardless slot
01-15 20:02:38.618 28027 30154 D DataMetrics5gSa: getCarrierSa5gBandConfig rowNum=: 5
01-15 20:02:38.618 28027 30154 D DataMetrics5gSa: getCarrierSa5gBandConfig columnNum=: 2
01-15 20:02:38.618 28027 30154 D DataMetrics5gSa: getCarrierSa5gBandConfig TagValue: TT_NR_CA/n41_AC
01-15 20:02:38.618 28027 30154 D DataMetrics5gSa: getCarrierSa5gBandConfig Tag: n41_AC
01-15 20:02:38.618 28027 30154 D DataMetrics5gSa: getCarrierSa5gBandConfig TagValue: true
01-15 20:02:38.618 28027 30154 D DataMetrics5gSa: getCarrierSa5gBandConfig Value: true
01-15 20:02:38.618 28027 30154 D DataMetrics5gSa: getCarrierSa5gBandConfig TagValue: TT_NR_CA/n41_2A
01-15 20:02:38.618 28027 30154 D DataMetrics5gSa: getCarrierSa5gBandConfig Tag: n41_2A
01-15 20:02:38.618 28027 30154 D DataMetrics5gSa: getCarrierSa5gBandConfig TagValue: true
01-15 20:02:38.618 28027 30154 D DataMetrics5gSa: getCarrierSa5gBandConfig Value: true
01-15 20:02:38.618 28027 30154 D DataMetrics5gSa: getCarrierSa5gBandConfig TagValue: TT_NR_CA/n41C
01-15 20:02:38.618 28027 30154 D DataMetrics5gSa: getCarrierSa5gBandConfig Tag: n41C
01-15 20:02:38.618 28027 30154 D DataMetrics5gSa: getCarrierSa5gBandConfig TagValue: true
01-15 20:02:38.618 28027 30154 D DataMetrics5gSa: getCarrierSa5gBandConfig Value: true
01-15 20:02:38.618 28027 30154 D DataMetrics5gSa: getCarrierSa5gBandConfig TagValue: TT_NR_CA/n41_4A
01-15 20:02:38.618 28027 30154 D DataMetrics5gSa: getCarrierSa5gBandConfig Tag: n41_4A
01-15 20:02:38.618 28027 30154 D DataMetrics5gSa: getCarrierSa5gBandConfig TagValue: true
01-15 20:02:38.618 28027 30154 D DataMetrics5gSa: getCarrierSa5gBandConfig Value: true
01-15 20:02:38.618 28027 30154 D DataMetrics5gSa: getCarrierSa5gBandConfig TagValue: TT_NR_CA/n41_3A
01-15 20:02:38.618 28027 30154 D DataMetrics5gSa: getCarrierSa5gBandConfig Tag: n41_3A
01-15 20:02:38.618 28027 30154 D DataMetrics5gSa: getCarrierSa5gBandConfig TagValue: true
01-15 20:02:38.618 28027 30154 D DataMetrics5gSa: getCarrierSa5gBandConfig Value: true
01-15 20:02:38.618 28027 30154 D DataMetrics5gSa: getCarrierSa5gBandConfig : content://com.samsung.ims.entitlementconfig.provider/config/xpath?tag_name=%2F%2FFF_NR_CA
01-15 20:02:38.618  4117 13315 I EntitlementConfigProvider: Empty slot. query regardless slot
01-15 20:02:38.620 28027 30154 D DataMetrics5gSa: getCarrierSa5gBandConfig rowNum=: 7
01-15 20:02:38.620 28027 30154 D DataMetrics5gSa: getCarrierSa5gBandConfig columnNum=: 2
01-15 20:02:38.620 28027 30154 D DataMetrics5gSa: getCarrierSa5gBandConfig TagValue: FF_NR_CA/n25_2A_n71A
01-15 20:02:38.620 28027 30154 D DataMetrics5gSa: getCarrierSa5gBandConfig Tag: n25_2A_n71A
01-15 20:02:38.620 28027 30154 D DataMetrics5gSa: getCarrierSa5gBandConfig TagValue: true
01-15 20:02:38.620 28027 30154 D DataMetrics5gSa: getCarrierSa5gBandConfig Value: true
01-15 20:02:38.620 28027 30154 D DataMetrics5gSa: getCarrierSa5gBandConfig TagValue: FF_NR_CA/n25A_n66A_n71B
01-15 20:02:38.620 28027 30154 D DataMetrics5gSa: getCarrierSa5gBandConfig Tag: n25A_n66A_n71B
01-15 20:02:38.620 28027 30154 D DataMetrics5gSa: getCarrierSa5gBandConfig TagValue: true
01-15 20:02:38.620 28027 30154 D DataMetrics5gSa: getCarrierSa5gBandConfig Value: true
01-15 20:02:38.620 28027 30154 D DataMetrics5gSa: getCarrierSa5gBandConfig TagValue: FF_NR_CA/n25A_n66A_n71A
01-15 20:02:38.620 28027 30154 D DataMetrics5gSa: getCarrierSa5gBandConfig Tag: n25A_n66A_n71A
01-15 20:02:38.620 28027 30154 D DataMetrics5gSa: getCarrierSa5gBandConfig TagValue: true
01-15 20:02:38.620 28027 30154 D DataMetrics5gSa: getCarrierSa5gBandConfig Value: true
01-15 20:02:38.620 28027 30154 D DataMetrics5gSa: getCarrierSa5gBandConfig TagValue: FF_NR_CA/n25A_n66A_n71_2A
01-15 20:02:38.620 28027 30154 D DataMetrics5gSa: getCarrierSa5gBandConfig Tag: n25A_n66A_n71_2A
01-15 20:02:38.620 28027 30154 D DataMetrics5gSa: getCarrierSa5gBandConfig TagValue: true
01-15 20:02:38.620 28027 30154 D DataMetrics5gSa: getCarrierSa5gBandConfig Value: true
01-15 20:02:38.620 28027 30154 D DataMetrics5gSa: getCarrierSa5gBandConfig TagValue: FF_NR_CA/n25_2A_n66A_n71A
01-15 20:02:38.620 28027 30154 D DataMetrics5gSa: getCarrierSa5gBandConfig Tag: n25_2A_n66A_n71A
01-15 20:02:38.620 28027 30154 D DataMetrics5gSa: getCarrierSa5gBandConfig TagValue: true
01-15 20:02:38.620 28027 30154 D DataMetrics5gSa: getCarrierSa5gBandConfig Value: true
01-15 20:02:38.620 28027 30154 D DataMetrics5gSa: getCarrierSa5gBandConfig TagValue: FF_NR_CA/n25_2A
01-15 20:02:38.620 28027 30154 D DataMetrics5gSa: getCarrierSa5gBandConfig Tag: n25_2A
01-15 20:02:38.620 28027 30154 D DataMetrics5gSa: getCarrierSa5gBandConfig TagValue: true
01-15 20:02:38.620 28027 30154 D DataMetrics5gSa: getCarrierSa5gBandConfig Value: true
01-15 20:02:38.620 28027 30154 D DataMetrics5gSa: getCarrierSa5gBandConfig TagValue: FF_NR_CA/n25A_n71A
01-15 20:02:38.620 28027 30154 D DataMetrics5gSa: getCarrierSa5gBandConfig Tag: n25A_n71A
01-15 20:02:38.620 28027 30154 D DataMetrics5gSa: getCarrierSa5gBandConfig TagValue: true
01-15 20:02:38.620 28027 30154 D DataMetrics5gSa: getCarrierSa5gBandConfig Value: true
01-15 20:02:38.620 28027 30154 D DataMetrics5gSa: getCarrierSa5gBandConfig : content://com.samsung.ims.entitlementconfig.provider/config/xpath?tag_name=%2F%2FFT_NR_CA
01-15 20:02:38.620  4117 13315 I EntitlementConfigProvider: Empty slot. query regardless slot
01-15 20:02:38.622 12366 12366 D nativeloader: Configuring clns-9 for other apk /data/app/~~YoKgp145yHLeeqhXobE0oQ==/com.anonymous.dungeoncrawler-01paK_x9LljgV78scPzfrQ==/base.apk. target_sdk_version=34, uses_libraries=, library_path=/data/app/~~YoKgp145yHLeeqhXobE0oQ==/com.anonymous.dungeoncrawler-01paK_x9LljgV78scPzfrQ==/lib/arm64:/data/app/~~YoKgp145yHLeeqhXobE0oQ==/com.anonymous.dungeoncrawler-01paK_x9LljgV78scPzfrQ==/base.apk!/lib/arm64-v8a, permitted_path=/data:/mnt/expand:/data/user/0/com.anonymous.dungeoncrawler
01-15 20:02:38.622 28027 30154 D DataMetrics5gSa: getCarrierSa5gBandConfig rowNum=: 13
01-15 20:02:38.622 28027 30154 D DataMetrics5gSa: getCarrierSa5gBandConfig columnNum=: 2
01-15 20:02:38.622 28027 30154 D DataMetrics5gSa: getCarrierSa5gBandConfig TagValue: FT_NR_CA/n25_2A_n41A_n66A
01-15 20:02:38.622 28027 30154 D DataMetrics5gSa: getCarrierSa5gBandConfig Tag: n25_2A_n41A_n66A
01-15 20:02:38.622 28027 30154 D DataMetrics5gSa: getCarrierSa5gBandConfig TagValue: true
01-15 20:02:38.622 28027 30154 D DataMetrics5gSa: getCarrierSa5gBandConfig Value: true
01-15 20:02:38.622 28027 30154 D DataMetrics5gSa: getCarrierSa5gBandConfig TagValue: FT_NR_CA/n25_2A_n41A_n71A
01-15 20:02:38.622 28027 30154 D DataMetrics5gSa: getCarrierSa5gBandConfig Tag: n25_2A_n41A_n71A
01-15 20:02:38.622 28027 30154 D DataMetrics5gSa: getCarrierSa5gBandConfig TagValue: true
01-15 20:02:38.622 28027 30154 D DataMetrics5gSa: getCarrierSa5gBandConfig Value: true
01-15 20:02:38.622 28027 30154 D DataMetrics5gSa: getCarrierSa5gBandConfig TagValue: FT_NR_CA/n25_2A_n41_AC
01-15 20:02:38.622 28027 30154 D DataMetrics5gSa: getCarrierSa5gBandConfig Tag: n25_2A_n41_AC
01-15 20:02:38.622 28027 30154 D DataMetrics5gSa: getCarrierSa5gBandConfig TagValue: true
01-15 20:02:38.622 28027 30154 D DataMetrics5gSa: getCarrierSa5gBandConfig Value: true
01-15 20:02:38.622 28027 30154 D DataMetrics5gSa: getCarrierSa5gBandConfig TagValue: FT_NR_CA/n25A_n41_AC_n66A
01-15 20:02:38.622 28027 30154 D DataMetrics5gSa: getCarrierSa5gBandConfig Tag: n25A_n41_AC_n66A
01-15 20:02:38.622 28027 30154 D DataMetrics5gSa: getCarrierSa5gBandConfig TagValue: true
01-15 20:02:38.622 28027 30154 D DataMetrics5gSa: getCarrierSa5gBandConfig Value: true
01-15 20:02:38.622 28027 30154 D DataMetrics5gSa: getCarrierSa5gBandConfig TagValue: FT_NR_CA/n25_2A_n41_3A
01-15 20:02:38.622 28027 30154 D DataMetrics5gSa: getCarrierSa5gBandConfig Tag: n25_2A_n41_3A
01-15 20:02:38.622 28027 30154 D DataMetrics5gSa: getCarrierSa5gBandConfig TagValue: true
01-15 20:02:38.622 28027 30154 D DataMetrics5gSa: getCarrierSa5gBandConfig Value: true
01-15 20:02:38.622 28027 30154 D DataMetrics5gSa: getCarrierSa5gBandConfig TagValue: FT_NR_CA/n25A_n41A
01-15 20:02:38.622 28027 30154 D DataMetrics5gSa: getCarrierSa5gBandConfig Tag: n25A_n41A
01-15 20:02:38.622 28027 30154 D DataMetrics5gSa: getCarrierSa5gBandConfig TagValue: true
01-15 20:02:38.622 28027 30154 D DataMetrics5gSa: getCarrierSa5gBandConfig Value: true
01-15 20:02:38.622 28027 30154 D DataMetrics5gSa: getCarrierSa5gBandConfig TagValue: FT_NR_CA/n41A_n66A_n71A
01-15 20:02:38.622 28027 30154 D DataMetrics5gSa: getCarrierSa5gBandConfig Tag: n41A_n66A_n71A
01-15 20:02:38.622 28027 30154 D DataMetrics5gSa: getCarrierSa5gBandConfig TagValue: true
01-15 20:02:38.622 28027 30154 D DataMetrics5gSa: getCarrierSa5gBandConfig Value: true
01-15 20:02:38.622 28027 30154 D DataMetrics5gSa: getCarrierSa5gBandConfig TagValue: FT_NR_CA/n25A_n41A_n66A_n71A
01-15 20:02:38.622 28027 30154 D DataMetrics5gSa: getCarrierSa5gBandConfig Tag: n25A_n41A_n66A_n71A
01-15 20:02:38.622 28027 30154 D DataMetrics5gSa: getCarrierSa5gBandConfig TagValue: true
01-15 20:02:38.622 28027 30154 D DataMetrics5gSa: getCarrierSa5gBandConfig Value: true
01-15 20:02:38.622 28027 30154 D DataMetrics5gSa: getCarrierSa5gBandConfig TagValue: FT_NR_CA/n25A_n41A_n71A
01-15 20:02:38.622 28027 30154 D DataMetrics5gSa: getCarrierSa5gBandConfig Tag: n25A_n41A_n71A
01-15 20:02:38.622 28027 30154 D DataMetrics5gSa: getCarrierSa5gBandConfig TagValue: true
01-15 20:02:38.622 28027 30154 D DataMetrics5gSa: getCarrierSa5gBandConfig Value: true
01-15 20:02:38.622 28027 30154 D DataMetrics5gSa: getCarrierSa5gBandConfig TagValue: FT_NR_CA/n25A_n41A_n66A
01-15 20:02:38.622 28027 30154 D DataMetrics5gSa: getCarrierSa5gBandConfig Tag: n25A_n41A_n66A
01-15 20:02:38.622 28027 30154 D DataMetrics5gSa: getCarrierSa5gBandConfig TagValue: true
01-15 20:02:38.622 28027 30154 D DataMetrics5gSa: getCarrierSa5gBandConfig Value: true
01-15 20:02:38.622 28027 30154 D DataMetrics5gSa: getCarrierSa5gBandConfig TagValue: FT_NR_CA/n25A_n41_3A_n66A
01-15 20:02:38.622 28027 30154 D DataMetrics5gSa: getCarrierSa5gBandConfig Tag: n25A_n41_3A_n66A
01-15 20:02:38.622 28027 30154 D DataMetrics5gSa: getCarrierSa5gBandConfig TagValue: true
01-15 20:02:38.622 28027 30154 D DataMetrics5gSa: getCarrierSa5gBandConfig Value: true
01-15 20:02:38.622 28027 30154 D DataMetrics5gSa: getCarrierSa5gBandConfig TagValue: FT_NR_CA/n25_2A_n41A
01-15 20:02:38.622 28027 30154 D DataMetrics5gSa: getCarrierSa5gBandConfig Tag: n25_2A_n41A
01-15 20:02:38.622 28027 30154 D DataMetrics5gSa: getCarrierSa5gBandConfig TagValue: true
01-15 20:02:38.622 28027 30154 D DataMetrics5gSa: getCarrierSa5gBandConfig Value: true
01-15 20:02:38.622 28027 30154 D DataMetrics5gSa: getCarrierSa5gBandConfig TagValue: FT_NR_CA/n41A_n71A
01-15 20:02:38.622 28027 30154 D DataMetrics5gSa: getCarrierSa5gBandConfig Tag: n41A_n71A
01-15 20:02:38.622 28027 30154 D DataMetrics5gSa: getCarrierSa5gBandConfig TagValue: true
01-15 20:02:38.622 28027 30154 D DataMetrics5gSa: getCarrierSa5gBandConfig Value: true
01-15 20:02:38.622 28027 30154 D DataMetrics5gSa: getCarrierSa5gBandConfig : content://com.samsung.ims.entitlementconfig.provider/config/xpath?tag_name=%2F%2FTF_NR_CA
01-15 20:02:38.622  4117 13315 I EntitlementConfigProvider: Empty slot. query regardless slot
01-15 20:02:38.624 28027 30154 D DataMetrics5gSa: getCarrierSa5gBandConfig rowNum=: 16
01-15 20:02:38.624 28027 30154 D DataMetrics5gSa: getCarrierSa5gBandConfig columnNum=: 2
01-15 20:02:38.624 28027 30154 D DataMetrics5gSa: getCarrierSa5gBandConfig TagValue: TF_NR_CA/n41_2A_n71A
01-15 20:02:38.624 28027 30154 D DataMetrics5gSa: getCarrierSa5gBandConfig Tag: n41_2A_n71A
01-15 20:02:38.624 28027 30154 D DataMetrics5gSa: getCarrierSa5gBandConfig TagValue: true
01-15 20:02:38.624 28027 30154 D DataMetrics5gSa: getCarrierSa5gBandConfig Value: true
01-15 20:02:38.624 28027 30154 D DataMetrics5gSa: getCarrierSa5gBandConfig TagValue: TF_NR_CA/n25A_n41C
01-15 20:02:38.624 28027 30154 D DataMetrics5gSa: getCarrierSa5gBandConfig Tag: n25A_n41C
01-15 20:02:38.624 28027 30154 D DataMetrics5gSa: getCarrierSa5gBandConfig TagValue: true
01-15 20:02:38.624 28027 30154 D DataMetrics5gSa: getCarrierSa5gBandConfig Value: true
01-15 20:02:38.624 28027 30154 D DataMetrics5gSa: getCarrierSa5gBandConfig TagValue: TF_NR_CA/n41C_n71A
01-15 20:02:38.624 28027 30154 D DataMetrics5gSa: getCarrierSa5gBandConfig Tag: n41C_n71A
01-15 20:02:38.624 28027 30154 D DataMetrics5gSa: getCarrierSa5gBandConfig TagValue: true
01-15 20:02:38.624 28027 30154 D DataMetrics5gSa: getCarrierSa5gBandConfig Value: true
01-15 20:02:38.624 28027 30154 D DataMetrics5gSa: getCarrierSa5gBandConfig TagValue: TF_NR_CA/n25_2A_n41C
01-15 20:02:38.624 28027 30154 D DataMetrics5gSa: getCarrierSa5gBandConfig Tag: n25_2A_n41C
01-15 20:02:38.624 28027 30154 D DataMetrics5gSa: getCarrierSa5gBandConfig TagValue: true
01-15 20:02:38.624 28027 30154 D DataMetrics5gSa: getCarrierSa5gBandConfig Value: true
01-15 20:02:38.624 28027 30154 D DataMetrics5gSa: getCarrierSa5gBandConfig TagValue: TF_NR_CA/n25A_n41C_n71A
01-15 20:02:38.624 28027 30154 D DataMetrics5gSa: getCarrierSa5gBandConfig Tag: n25A_n41C_n71A
01-15 20:02:38.624 28027 30154 D DataMetrics5gSa: getCarrierSa5gBandConfig TagValue: true
01-15 20:02:38.624 28027 30154 D DataMetrics5gSa: getCarrierSa5gBandConfig Value: true
01-15 20:02:38.624 28027 30154 D DataMetrics5gSa: getCarrierSa5gBandConfig TagValue: TF_NR_CA/n25_2A_n41_2A
01-15 20:02:38.624 28027 30154 D DataMetrics5gSa: getCarrierSa5gBandConfig Tag: n25_2A_n41_2A
01-15 20:02:38.624 28027 30154 D DataMetrics5gSa: getCarrierSa5gBandConfig TagValue: true
01-15 20:02:38.624 28027 30154 D DataMetrics5gSa: getCarrierSa5gBandConfig Value: true
01-15 20:02:38.624 28027 30154 D DataMetrics5gSa: getCarrierSa5gBandConfig TagValue: TF_NR_CA/n41C_n66A
01-15 20:02:38.624 28027 30154 D DataMetrics5gSa: getCarrierSa5gBandConfig Tag: n41C_n66A
01-15 20:02:38.624 28027 30154 D DataMetrics5gSa: getCarrierSa5gBandConfig TagValue: true
01-15 20:02:38.624 28027 30154 D DataMetrics5gSa: getCarrierSa5gBandConfig Value: true
01-15 20:02:38.624 28027 30154 D DataMetrics5gSa: getCarrierSa5gBandConfig TagValue: TF_NR_CA/n25A_n41_2A_n71A
01-15 20:02:38.624 28027 30154 D DataMetrics5gSa: getCarrierSa5gBandConfig Tag: n25A_n41_2A_n71A
01-15 20:02:38.624 28027 30154 D DataMetrics5gSa: getCarrierSa5gBandConfig TagValue: true
01-15 20:02:38.624 28027 30154 D DataMetrics5gSa: getCarrierSa5gBandConfig Value: true
01-15 20:02:38.624 28027 30154 D DataMetrics5gSa: getCarrierSa5gBandConfig TagValue: TF_NR_CA/n25A_n41C_n66A
01-15 20:02:38.624 28027 30154 D DataMetrics5gSa: getCarrierSa5gBandConfig Tag: n25A_n41C_n66A
01-15 20:02:38.624 28027 30154 D DataMetrics5gSa: getCarrierSa5gBandConfig TagValue: true
01-15 20:02:38.624 28027 30154 D DataMetrics5gSa: getCarrierSa5gBandConfig Value: true
01-15 20:02:38.624 28027 30154 D DataMetrics5gSa: getCarrierSa5gBandConfig TagValue: TF_NR_CA/n25A_n41_AC
01-15 20:02:38.624 28027 30154 D DataMetrics5gSa: getCarrierSa5gBandConfig Tag: n25A_n41_AC
01-15 20:02:38.624 28027 30154 D DataMetrics5gSa: getCarrierSa5gBandConfig TagValue: true
01-15 20:02:38.624 28027 30154 D DataMetrics5gSa: getCarrierSa5gBandConfig Value: true
01-15 20:02:38.624 28027 30154 D DataMetrics5gSa: getCarrierSa5gBandConfig TagValue: TF_NR_CA/n25A_n41_3A
01-15 20:02:38.624 28027 30154 D DataMetrics5gSa: getCarrierSa5gBandConfig Tag: n25A_n41_3A
01-15 20:02:38.624 28027 30154 D DataMetrics5gSa: getCarrierSa5gBandConfig TagValue: true
01-15 20:02:38.624 28027 30154 D DataMetrics5gSa: getCarrierSa5gBandConfig Value: true
01-15 20:02:38.624 28027 30154 D DataMetrics5gSa: getCarrierSa5gBandConfig TagValue: TF_NR_CA/n25A_n41_2A
01-15 20:02:38.624 28027 30154 D DataMetrics5gSa: getCarrierSa5gBandConfig Tag: n25A_n41_2A
01-15 20:02:38.624 28027 30154 D DataMetrics5gSa: getCarrierSa5gBandConfig TagValue: true
01-15 20:02:38.624 28027 30154 D DataMetrics5gSa: getCarrierSa5gBandConfig Value: true
01-15 20:02:38.624 28027 30154 D DataMetrics5gSa: getCarrierSa5gBandConfig TagValue: TF_NR_CA/n25A_n41_2A_n66A
01-15 20:02:38.624 28027 30154 D DataMetrics5gSa: getCarrierSa5gBandConfig Tag: n25A_n41_2A_n66A
01-15 20:02:38.624 28027 30154 D DataMetrics5gSa: getCarrierSa5gBandConfig TagValue: true
01-15 20:02:38.624 28027 30154 D DataMetrics5gSa: getCarrierSa5gBandConfig Value: true
01-15 20:02:38.624 28027 30154 D DataMetrics5gSa: getCarrierSa5gBandConfig TagValue: TF_NR_CA/n41C_n66A_n71A
01-15 20:02:38.624 28027 30154 D DataMetrics5gSa: getCarrierSa5gBandConfig Tag: n41C_n66A_n71A
01-15 20:02:38.624 28027 30154 D DataMetrics5gSa: getCarrierSa5gBandConfig TagValue: true
01-15 20:02:38.624 28027 30154 D DataMetrics5gSa: getCarrierSa5gBandConfig Value: true
01-15 20:02:38.624 28027 30154 D DataMetrics5gSa: getCarrierSa5gBandConfig TagValue: TF_NR_CA/n41_2A_n66A
01-15 20:02:38.624 28027 30154 D DataMetrics5gSa: getCarrierSa5gBandConfig Tag: n41_2A_n66A
01-15 20:02:38.624 28027 30154 D DataMetrics5gSa: getCarrierSa5gBandConfig TagValue: true
01-15 20:02:38.624 28027 30154 D DataMetrics5gSa: getCarrierSa5gBandConfig Value: true
01-15 20:02:38.624 28027 30154 D DataMetrics5gSa: getCarrierSa5gBandConfig TagValue: TF_NR_CA/n41_2A_n66A_n71A
01-15 20:02:38.624 28027 30154 D DataMetrics5gSa: getCarrierSa5gBandConfig Tag: n41_2A_n66A_n71A
01-15 20:02:38.624 28027 30154 D DataMetrics5gSa: getCarrierSa5gBandConfig TagValue: true
01-15 20:02:38.624 28027 30154 D DataMetrics5gSa: getCarrierSa5gBandConfig Value: true
01-15 20:02:38.624 12366 12366 V GraphicsEnvironment: Currently set values for:
01-15 20:02:38.624 28027 30154 D DataMetrics5gSa: carrierSa5gBandConfig Size : 47
01-15 20:02:38.624 12366 12366 V GraphicsEnvironment:   angle_gl_driver_selection_pkgs=[]
01-15 20:02:38.624 28027 30154 D DataMetrics5gSa: getCarrierConfigVersion = IN
01-15 20:02:38.624 12366 12366 V GraphicsEnvironment:   angle_gl_driver_selection_values=[]
01-15 20:02:38.624 12366 12366 V GraphicsEnvironment: com.anonymous.dungeoncrawler is not listed in per-application setting
01-15 20:02:38.624 28027 30154 D DataMetrics5gSa: getCarrierConfigVersion projection = [Ljava.lang.String;@570a13a
01-15 20:02:38.624 12366 12366 V GraphicsEnvironment: ANGLE allowlist from config: 
01-15 20:02:38.624 12366 12366 V GraphicsEnvironment: com.anonymous.dungeoncrawler is not listed in ANGLE allowlist or settings, returning default
01-15 20:02:38.624 12366 12366 V GraphicsEnvironment: App is not on the allowlist for updatable production driver.
01-15 20:02:38.625 28027 30154 D DataMetrics5gSa: getCarrierConfigVersion Cursor = IN
01-15 20:02:38.625 28027 30154 D DataMetrics5gSa: getCarrierConfigVersion cursor= 1.0000
01-15 20:02:38.625 28027 30154 D DataMetrics5gSa: getCarrierSa5gBandConfig : content://com.samsung.ims.entitlementconfig.provider/config/xpath?tag_name=%2F%2FStandaloneBands5G_NRCA
01-15 20:02:38.625  4117 13315 I EntitlementConfigProvider: Empty slot. query regardless slot
01-15 20:02:38.626 28027 30154 D DataMetrics5gSa: getCarrierSa5gBandConfig rowNum=: 6
01-15 20:02:38.626 28027 30154 D DataMetrics5gSa: getCarrierSa5gBandConfig columnNum=: 2
01-15 20:02:38.626 28027 30154 D DataMetrics5gSa: getCarrierSa5gBandConfig TagValue: StandaloneBands5G_NRCA/SAn41Enabled_NRCA
01-15 20:02:38.626 28027 30154 D DataMetrics5gSa: getCarrierSa5gBandConfig Tag: SAn41Enabled_NRCA
01-15 20:02:38.626 28027 30154 D DataMetrics5gSa: getCarrierSa5gBandConfig TagValue: true
01-15 20:02:38.626 28027 30154 D DataMetrics5gSa: getCarrierSa5gBandConfig Value: true
01-15 20:02:38.627 28027 30154 D DataMetrics5gSa: getCarrierSa5gBandConfig TagValue: StandaloneBands5G_NRCA/SAn71Enabled_NRCA
01-15 20:02:38.627 28027 30154 D DataMetrics5gSa: getCarrierSa5gBandConfig Tag: SAn71Enabled_NRCA
01-15 20:02:38.627 28027 30154 D DataMetrics5gSa: getCarrierSa5gBandConfig TagValue: true
