01-15 20:02:38.796  1868  1868 I SurfaceFlinger: [LayerHierarchy{RequestedLayerState{ActivityRecord{154313699 u0 com.anonymous.dungeoncrawler/.MainActivity t4772}#45486} 1 children}] RelativeParent to null
01-15 20:02:38.796  1868  1868 I SurfaceFlinger: [LayerHierarchy{RequestedLayerState{6b31040 com.anonymous.dungeoncrawler/com.anonymous.dungeoncrawler.MainActivity#45487} no children}] reparent to OffscreenRoot
01-15 20:02:38.796  1868  1868 I SurfaceFlinger: [LayerHierarchy{RequestedLayerState{6b31040 com.anonymous.dungeoncrawler/com.anonymous.dungeoncrawler.MainActivity#45487} no children}] RelativeParent to null
01-15 20:02:38.796  1868  1868 I SurfaceFlinger: [LayerHierarchy{RequestedLayerState{com.sec.android.app.launcher/com.sec.android.app.launcher.activities.LauncherActivity$_4520#45489} no children}] reparent to OffscreenRoot
01-15 20:02:38.796  1868  1868 I SurfaceFlinger: [LayerHierarchy{RequestedLayerState{com.sec.android.app.launcher/com.sec.android.app.launcher.activities.LauncherActivity$_4520#45489} no children}] RelativeParent to null
01-15 20:02:38.796  1868  1868 I SurfaceFlinger: [LayerHierarchy{RequestedLayerState{Task=4772#45490 z=26} no children}] reparent to OffscreenRoot
01-15 20:02:38.796  1868  1868 I SurfaceFlinger: [LayerHierarchy{RequestedLayerState{Task=4772#45490 z=26} no children}] RelativeParent to null
01-15 20:02:38.797  1868  4900 D NativeSemDvfsManager: acquire:: timeout = 2000 mIsAcquired = 1  mTagName : SurfaceFlinger 
01-15 20:02:38.797  1868  1868 I SurfaceFlinger: id=45490 Removed Task=4772#45490 (222)
01-15 20:02:38.797  1868  1868 I SurfaceFlinger: id=45486 Removed ActivityRecord{154313699 u0 com.anonymous.dungeoncrawler/.MainActivity t4772}#45486 (222)
01-15 20:02:38.797  1868  4900 E NativeCustomFrequencyManager: [NativeCFMS] BpCustomFrequencyManager::acquire()
01-15 20:02:38.797  1868  1868 I SurfaceFlinger: id=45487 Removed 6b31040 com.anonymous.dungeoncrawler/com.anonymous.dungeoncrawler.MainActivity#45487 (222)
01-15 20:02:38.797  1744  1902 I HYPER-HAL: [RequestManager.cpp]acquire(): Acquired ID : 4115146  [1868 / 1000]    HINT : SF_GPU_MINLOCK    list : [TIMEOUT / 2000] 
01-15 20:02:38.797  1868  4509 I SurfaceFlinger: id=45489 Removed com.sec.android.app.launcher/com.sec.android.app.launcher.activities.LauncherActivity$_4520#45489 (222)
01-15 20:02:38.801  4520 12151 E AppIconSolution: Couldn't get theme package resources, package is null
01-15 20:02:38.801  4520 12151 I AppIconSolution: load= live icon for com.sec.android.app.clockpackage, from overlay = false
01-15 20:02:38.803  4520 12151 I LauncherActivityInfo: packageName: com.sec.android.app.clockpackage, useThemeIcon: false, height: 288, width: 288, density: 640
01-15 20:02:38.805  4520 12151 I HoneySpace.LiveIconSupplier: updateIcon - 61, CLOCK, true - 20:02, view: #e1e8bb8, parent: ApplistCellLayout#9e3bd91
01-15 20:02:38.813  1868  1868 I SurfaceFlinger: destroyed ActivityRecord{154313699 u0 com.anonymous.dungeoncrawler/.MainActivity t4772}#45486 form LifecycleManager
01-15 20:02:38.813  1868  1868 I SurfaceFlinger: destroyed Task=4772#45490 form LifecycleManager
01-15 20:02:38.813  1868  1868 I SurfaceFlinger: destroyed com.sec.android.app.launcher/com.sec.android.app.launcher.activities.LauncherActivity$_4520#45489 form LifecycleManager
01-15 20:02:38.813  1868  1868 I SurfaceFlinger: destroyed 6b31040 com.anonymous.dungeoncrawler/com.anonymous.dungeoncrawler.MainActivity#45487 form LifecycleManager
01-15 20:02:38.813  1868  1868 I SurfaceFlinger: id=45486 onLayerDestroyed from LayerHierarchyBuilder(RequestedLayerState{ActivityRecord{154313699 u0 com.anonymous.dungeoncrawler/.MainActivity t4772}#45486 !handle})
01-15 20:02:38.813  1868  1868 I SurfaceFlinger: id=45490 onLayerDestroyed from LayerHierarchyBuilder(RequestedLayerState{Task=4772#45490 !handle z=26})
01-15 20:02:38.813  1868  1868 I SurfaceFlinger: id=45489 onLayerDestroyed from LayerHierarchyBuilder(RequestedLayerState{com.sec.android.app.launcher/com.sec.android.app.launcher.activities.LauncherActivity$_4520#45489 !handle})
01-15 20:02:38.813  1868  1868 I SurfaceFlinger: id=45487 onLayerDestroyed from LayerHierarchyBuilder(RequestedLayerState{6b31040 com.anonymous.dungeoncrawler/com.anonymous.dungeoncrawler.MainActivity#45487 !handle})
01-15 20:02:38.813  1868  1868 I Layer   : id=45486 Destroyed ActivityRecord{154313699 u0 com.anonymous.dungeoncrawler/.MainActivity t4772}#45486
01-15 20:02:38.813  1868  1868 I Layer   : id=45490 Destroyed Task=4772#45490
01-15 20:02:38.813  1868  1868 I Layer   : id=45489 Destroyed com.sec.android.app.launcher/com.sec.android.app.launcher.activities.LauncherActivity$_4520#45489
01-15 20:02:38.813  1868  1868 I Layer   : id=45487 Destroyed 6b31040 com.anonymous.dungeoncrawler/com.anonymous.dungeoncrawler.MainActivity#45487
01-15 20:02:38.822  2383  7455 I WindowManager: Relayout Window{33464ee u0 com.sec.android.app.launcher/com.sec.android.app.launcher.activities.LauncherActivity}: viewVisibility=8 req=1080x2340 ty=1 d0
01-15 20:02:38.822  2383  7455 I WindowManager: Relayout hash=33464ee, pid=4520, syncId=-1: mAttrs={(0,0)(fillxfill) sim={adjust=nothing forwardNavigation} layoutInDisplayCutoutMode=always ty=BASE_APPLICATION fmt=TRANSPARENT wanim=0x1030306
01-15 20:02:38.822  2383  7455 I WindowManager:   fl=81910100
01-15 20:02:38.822  2383  7455 I WindowManager:   pfl=10008840
01-15 20:02:38.822  2383  7455 I WindowManager:   bhv=2
01-15 20:02:38.822  2383  7455 I WindowManager:   fitSides=0
01-15 20:02:38.822  2383  7455 I WindowManager:   frameRateBoostOnTouch=true
01-15 20:02:38.822  2383  7455 I WindowManager:   dvrrWindowFrameRateHint=true screenDimDuration=200000 naviIconColor=0}
01-15 20:02:38.822  4520  4520 I VRI[LauncherActivity]@d355503: Relayout returned: old=(0,0,1080,2340) new=(0,0,1080,2340) relayoutAsync=false req=(1080,2340)8 dur=0 res=0x0 s={false 0x0} ch=false seqId=0
01-15 20:02:38.849 11339 11339 I BSS_SysUiManager: handleMessage = 9, 0, 0
01-15 20:02:38.854  7045 16027 I SDHMS:k : onTaskStackChanged
01-15 20:02:38.854  4520 12151 I HoneySpace.RecentTasks: onRecentTasksChanged
01-15 20:02:38.854  7045  7405 I SDHMS:k : no app is Resumed!!! mResumedPackages.size = 0
01-15 20:02:38.855  2383  7455 W ParceledListSlice: Element #8 is 18476 bytes.
01-15 20:02:38.855  2383  7455 W ParceledListSlice: Element #9 is 19392 bytes.
01-15 20:02:38.856  2383  6918 W ParceledListSlice: Element #22 is 21248 bytes.
01-15 20:02:38.891  2383  3373 D MdnieScenarioControlService:  packageName : com.sec.android.app.launcher    className : com.sec.android.app.launcher.Launcher
01-15 20:02:38.892  2383  3373 V MdnieScenarioControlService: setUIMode from UI function(3)
01-15 20:02:38.954 11339 11339 I BSS_SysUiManager: handleMessage = 9, 0, 0
01-15 20:02:38.992  2383  3373 D DisplayAiqeManager: getContentMode : start
01-15 20:02:38.992  2383  3373 D DisplayAiqeManagerService: getContentMode : start
01-15 20:02:38.992  2383  3373 D DisplayAiqeAidl: getContentMode : UI
01-15 20:02:38.992  2383  3373 D DisplayAiqeManagerService: getContentMode : mode - UI
01-15 20:02:38.992  2383  3373 D DisplayAiqeManager: getContentMode : mode - UI
01-15 20:02:38.992  2383  3373 V MdnieScenarioControlService: mAclOffEnabled : false
01-15 20:02:39.106  1864  1912 E HeatmapThread: ECT Thread time in milliseconds: 1768536159
01-15 20:02:39.108  1864  1912 D HeatmapThread: !@ batteryplugType : 2
01-15 20:02:39.108  1864  1912 D HeatmapThread: !@ batteryLevel : 100  batteryTemperature : 270 
01-15 20:02:39.108  1864  1912 D HeatmapThread: !@ Heatmap currtime: 29475602
01-15 20:02:39.108  1864  1912 D HeatmapThread: !@ Heatmap prevtime: 29475580
01-15 20:02:39.108  1864  1912 D HeatmapThread: !@ Heatmap plugstarttime: 29475279
01-15 20:02:39.108  1864  1912 D HeatmapThread: !@ Heatmap prevv_dsoh_update_time: 29475594
01-15 20:02:39.108  1864  1912 E HeatmapThread: !@ CAM New BSOH: 100
01-15 20:02:39.108  1864  1912 E HeatmapThread: !@ CAM is Working
01-15 20:02:39.114  2383  7073 D SGM:GameManager: identifyGamePackage. com.sec.android.app.launcher, mCurrentUserId: 0, callingMethodInfo: com.samsung.android.game.IGameManagerService$Stub.onTransact(IGameManagerService.java:247)
01-15 20:02:39.276  1744 12360 I HYPER-HAL: [RequestManager.cpp]releaseLocked(): Released ID : 2912521
01-15 20:02:39.439  1737 28939 I sensors-hal: handle_sns_client_event:379, [0][758208] accel_sample [ 0.113,  0.144,  9.799] 630354068561372
01-15 20:02:39.635  4520  4520 I HoneySpace.EdgePanel.EdgeVisibilityRepository: getComputedTrayVisible : keyguardState = 3
01-15 20:02:39.635  4520  4520 I HoneySpace.EdgePanel.EdgeVisibilityRepository: updateTrayVisible: State = 0x3, visible = false, current containerState = 4, specificMode = 0
01-15 20:02:39.635  4520  4520 I HoneySpace.EdgePanel.DumpHelper: Tray State
01-15 20:02:39.636  4520  4520 I HoneySpace.EdgePanel.EdgeVisibilityRepository: Same container state 4
01-15 20:02:39.679  2383  3233 D HintManagerService: Starts cleaning for 10553
01-15 20:02:39.695  1771  5397 I StatsHandler: [avcD_174] Stats: Pending(0) i/p-done(0) Works: Q: 73/Done 61|Work-Rate: Q(0.0/s Avg=0.0/s) Done(0.000/s Avg=0.003/s)| Stream: 30.00fps 1.2Mbps
01-15 20:02:39.695  1771  5397 I StatsHandler: [avcD_174] Mem-usage:  [In-1D: 13 bufs 104.000 MB] [1D-211: 31 bufs 0.484 MB] [2D-212: 18 bufs 12.094 MB] | Total: 116.578 MB
01-15 20:02:39.695  1771  5397 I StatsHandler: [avcD_179] Stats: Pending(0) i/p-done(0) Works: Q: 6515/Done 6503|Work-Rate: Q(0.0/s Avg=0.3/s) Done(0.000/s Avg=0.330/s)| Stream: 30.00fps 946.0Kbps
01-15 20:02:39.695  1771  5397 I StatsHandler: [avcD_179] Mem-usage:  [In-1D: 12 bufs 96.000 MB] [1D-221: 30 bufs 0.469 MB] [2D-222: 18 bufs 12.094 MB] | Total: 108.562 MB
01-15 20:02:39.695  1771  5397 I StatsHandler: [avcD_181] Stats: Pending(0) i/p-done(0) Works: Q: 29/Done 17|Work-Rate: Q(0.0/s Avg=0.0/s) Done(0.000/s Avg=0.001/s)| Stream: 30.00fps 1.6Mbps
01-15 20:02:39.695  1771  5397 I StatsHandler: [avcD_181] Mem-usage:  [In-1D: 11 bufs 88.000 MB] [1D-225: 28 bufs 0.438 MB] [2D-226: 17 bufs 31.477 MB] | Total: 119.914 MB
01-15 20:02:40.045 23639 23639 I wpa_supplicant: Heartbeat 49410
01-15 20:02:40.051  2428  2428 I CNSS    : /sys/wifi/max_chipset_log_size doesn't exist
01-15 20:02:40.077  1744 12361 I HYPER-HAL: [RequestManager.cpp]releaseLocked(): Released ID : 24988939
01-15 20:02:40.107  1864  1912 E HeatmapThread: ECT Thread time in milliseconds: 1768536160
01-15 20:02:40.109  1864  1912 D HeatmapThread: !@ batteryplugType : 2
01-15 20:02:40.109  1864  1912 D HeatmapThread: !@ batteryLevel : 100  batteryTemperature : 270 
01-15 20:02:40.109  1864  1912 D HeatmapThread: !@ Heatmap currtime: 29475602
01-15 20:02:40.109  1864  1912 D HeatmapThread: !@ Heatmap prevtime: 29475580
01-15 20:02:40.109  1864  1912 D HeatmapThread: !@ Heatmap plugstarttime: 29475279
01-15 20:02:40.109  1864  1912 D HeatmapThread: !@ Heatmap prevv_dsoh_update_time: 29475594
01-15 20:02:40.109  1864  1912 E HeatmapThread: !@ CAM New BSOH: 100
01-15 20:02:40.109  1864  1912 E HeatmapThread: !@ CAM is Working
01-15 20:02:40.372  4237  4237 I EPDG -- SIM1 [SMARTWIFI]: isProfiling, hash=4858583, started=true
01-15 20:02:40.372  4237  4237 I EPDG -- SIM1 [SMARTWIFI]: isProfiling, hash=4858583, started=true
01-15 20:02:40.372  4237  4237 I EPDG -- SIM1 [SMARTWIFI]: Rssi : -51 highrange : -71 lowrange : -80 mIsRssiInHystersis : false
01-15 20:02:40.372  4237  4237 I EPDG -- SIM1 [SMARTWIFI]: getHandoverThresholdMet: value is: false
01-15 20:02:40.376  1737  5464 I sensors-hal: handle_sns_client_event:323, [0][198321] mag_sample_cal(magcal_available:1): ts=630355015898403 ns; cal = [-25.067396, -8.043298, -38.778976], uncal = [-54.587395, 9.656701, -147.978973], bias = [-29.519999, 17.699999, -109.199997], status=3, cal_id=0
01-15 20:02:40.450  1737  5467 I sensors-hal: handle_sns_std_sensor_event:157, [124175] Pressure 995.084, cal 0.530, sw_offset 0.000 (lsb(bit) 0x58 0x3a 0x61)
01-15 20:02:40.553  1068  1068 D io_stats: !@   8,0 r 20988965 567607860 w 14248174 280554740 d 1555959 364539552 f 364933 2097805 iot 3276388 0 th 0 0 0 pt 0 inp 0 0 382163.811
01-15 20:02:40.553  1068  1068 D io_stats: !@ Read_top(KB): id.app.launcher:top(4520) 1224 martsuggestions:high(6833) 148 system_server:high(2383) 96
01-15 20:02:40.553  1068  1068 D io_stats: !@ Write_top(KB): f2fs_ckpt-254:6:/(1331) 256 kworker/2:1:/(29063) 228 android.dqagent:low(1161) 28
01-15 20:02:40.633  1769  1889 E PERFHAL-UTIL: PERFHAL-UTIL: change_node_val() 204: Failed to update node /proc/sys/walt/sched_per_task_boost with value 12366 0
01-15 20:02:40.633  1769  1889 E PERFHAL-OPTSHANDLER: PERFHAL-OPTSHANDLER: sched_reset_task_boost() 3696: can't reset task 12366
01-15 20:02:40.633  1769  1889 E PERFHAL-RESOURCEQS: PERFHAL-RESOURCEQS: RemoveAndApply() 372: Failed to reset optimization [3, 32]
01-15 20:02:40.637  4520  4520 I HoneySpace.EdgePanel.EdgeVisibilityRepository: getComputedTrayVisible : keyguardState = 3
01-15 20:02:40.637  4520  4520 I HoneySpace.EdgePanel.EdgeVisibilityRepository: updateTrayVisible: State = 0x3, visible = false, current containerState = 4, specificMode = 0
01-15 20:02:40.637  4520  4520 I HoneySpace.EdgePanel.DumpHelper: Tray State
01-15 20:02:40.637  4520  4520 I HoneySpace.EdgePanel.EdgeVisibilityRepository: Same container state 4
01-15 20:02:40.798  1744 12468 I HYPER-HAL: [RequestManager.cpp]releaseLocked(): Released ID : 4115146
01-15 20:02:40.823  1744  1902 I HYPER-HAL: [RequestManager.cpp]acquire(): Acquired ID : 185789977  [1748 / 17527]    HINT :      list : [TID_LOW_LATENCY / 0] [TID / 7154] [TID / 7155] [TID / 4520] [TID / 7042] 
01-15 20:02:40.823  1748  1748 I SS_POWER_HINT_SESSION: SS_ADPF 4520-10153-52b0 destroy
01-15 20:02:40.824  1744  1902 I HYPER-HAL: [RequestManager.cpp]releaseLocked(): Released ID : 185789977
01-15 20:02:40.824  1744  1902 I HYPER-HAL: [RequestManager.cpp]acquire(): Acquired ID : 185809254  [1748 / 17528]    HINT :      list : [UCLAMP_MIN_BOOST / 0] [TIMEOUT / 0] [TID / 7154] [TID / 7155] [TID / 4520] [TID / 7042] 
01-15 20:02:40.825  1744  1902 I HYPER-HAL: [RequestManager.cpp]releaseLocked(): Released ID : 185809254
01-15 20:02:41.107  1864  1912 E HeatmapThread: ECT Thread time in milliseconds: 1768536161
01-15 20:02:41.109  1864  1912 D HeatmapThread: !@ batteryplugType : 2
01-15 20:02:41.109  1864  1912 D HeatmapThread: !@ batteryLevel : 100  batteryTemperature : 270 
01-15 20:02:41.109  1864  1912 D HeatmapThread: !@ Heatmap currtime: 29475602
01-15 20:02:41.109  1864  1912 D HeatmapThread: !@ Heatmap prevtime: 29475580
01-15 20:02:41.109  1864  1912 D HeatmapThread: !@ Heatmap plugstarttime: 29475279
01-15 20:02:41.109  1864  1912 D HeatmapThread: !@ Heatmap prevv_dsoh_update_time: 29475594
01-15 20:02:41.110  1864  1912 E HeatmapThread: !@ CAM New BSOH: 100
01-15 20:02:41.110  1864  1912 E HeatmapThread: !@ CAM is Working
01-15 20:02:41.398  2383  2964 D MARsPolicyManager: triggerAction called!
01-15 20:02:41.398  2383  2964 I NSLocationMonitor: getGPSUsingApps() called
01-15 20:02:41.399  4954  4978 I NSLocationManager_FLP: getGPSUsingApps, No change
01-15 20:02:41.403  2383  2964 D MARs:ActiveTrafficFilter: filter : com.tmobile.tuesdays(0)
01-15 20:02:41.403  2383  2964 D MARs:ActiveTrafficFilter: filter : com.reddit.frontpage(0)
01-15 20:02:41.403  2383  2964 D MARs:ActiveTrafficFilter: filter : com.onedebit.chime(0)
01-15 20:02:41.403  2383  2964 D MARs:ActiveTrafficFilter: filter : com.instagram.android(0)
01-15 20:02:41.404  2383  2964 D MARs:ActiveTrafficFilter: filter : com.google.android.gm(0)
01-15 20:02:41.404  2383  2964 D MARs:ActiveTrafficFilter: filter : com.google.android.apps.tachyon(0)
01-15 20:02:41.404  2383  2964 D MARs:ActiveTrafficFilter: filter : com.sec.android.gallery3d(0)
01-15 20:02:41.404  2383  2964 D MARs:ActiveTrafficFilter: filter : com.google.android.apps.nbu.files(0)
01-15 20:02:41.404  2383  2964 D MARs:ActiveTrafficFilter: filter : com.samsung.android.app.reminder(0)
01-15 20:02:41.404  2383  2964 D MARs:ActiveTrafficFilter: filter : com.google.android.apps.maps(0)
01-15 20:02:41.405  2383  2964 D MARs:ActiveTrafficFilter: filter : com.google.android.contactkeys(0)
01-15 20:02:41.405  2383  2964 D MARs:ActiveTrafficFilter: filter : com.google.android.apps.photos(0)
01-15 20:02:41.405  2383  2964 D MARs:ActiveTrafficFilter: filter : com.facebook.katana(0)
01-15 20:02:41.405  2383  2964 D MARs:ActiveTrafficFilter: filter : com.facebook.orca(0)
01-15 20:02:41.405  2383  2964 D MARs:ActiveTrafficFilter: filter : com.sec.android.app.shealth(0)
01-15 20:02:41.406  2383  2964 D MARs:ActiveTrafficFilter: filter : com.google.android.safetycore(0)
01-15 20:02:41.406  2383  2964 D MARs:ActiveTrafficFilter: filter : com.google.android.apps.work.clouddpc(0)
01-15 20:02:41.406  2383  2964 D MARs:ActiveTrafficFilter: filter : com.kraken.invest.app(0)
01-15 20:02:41.424  2383  2894 E Watchdog: !@Sync: 12732 heap(MB): 188 / 198 FD: 1620 [2026-01-15 20:02:41.424]
01-15 20:02:41.500  1737 28939 I sensors-hal: handle_sns_client_event:379, [0][758228] accel_sample [ 0.123,  0.146,  9.799] 630356129126789
01-15 20:02:41.675  2383  3649 I Pageboost: Launcher App Execution
01-15 20:02:41.675  2383  3649 E Pageboost: ioinfo read failed
