01-15 20:02:38.627 28027 30154 D DataMetrics5gSa: getCarrierSa5gBandConfig Value: true
01-15 20:02:38.627 28027 30154 D DataMetrics5gSa: getCarrierSa5gBandConfig TagValue: StandaloneBands5G_NRCA/SAn25Enabled_NRCA
01-15 20:02:38.627 28027 30154 D DataMetrics5gSa: getCarrierSa5gBandConfig Tag: SAn25Enabled_NRCA
01-15 20:02:38.627 28027 30154 D DataMetrics5gSa: getCarrierSa5gBandConfig TagValue: true
01-15 20:02:38.627 28027 30154 D DataMetrics5gSa: getCarrierSa5gBandConfig Value: true
01-15 20:02:38.627 28027 30154 D DataMetrics5gSa: getCarrierSa5gBandConfig TagValue: StandaloneBands5G_NRCA/SAn77Enabled_NRCA
01-15 20:02:38.627 28027 30154 D DataMetrics5gSa: getCarrierSa5gBandConfig Tag: SAn77Enabled_NRCA
01-15 20:02:38.627 28027 30154 D DataMetrics5gSa: getCarrierSa5gBandConfig TagValue: true
01-15 20:02:38.627 28027 30154 D DataMetrics5gSa: getCarrierSa5gBandConfig Value: true
01-15 20:02:38.627 28027 30154 D DataMetrics5gSa: getCarrierSa5gBandConfig TagValue: StandaloneBands5G_NRCA/SAn66Enabled_NRCA
01-15 20:02:38.627 28027 30154 D DataMetrics5gSa: getCarrierSa5gBandConfig Tag: SAn66Enabled_NRCA
01-15 20:02:38.627 28027 30154 D DataMetrics5gSa: getCarrierSa5gBandConfig TagValue: true
01-15 20:02:38.627 28027 30154 D DataMetrics5gSa: getCarrierSa5gBandConfig Value: true
01-15 20:02:38.627 28027 30154 D DataMetrics5gSa: getCarrierSa5gBandConfig TagValue: StandaloneBands5G_NRCA/SAn48Enabled_NRCA
01-15 20:02:38.627 28027 30154 D DataMetrics5gSa: getCarrierSa5gBandConfig Tag: SAn48Enabled_NRCA
01-15 20:02:38.627 28027 30154 D DataMetrics5gSa: getCarrierSa5gBandConfig TagValue: true
01-15 20:02:38.627 28027 30154 D DataMetrics5gSa: getCarrierSa5gBandConfig Value: true
01-15 20:02:38.627 28027 30154 D DataMetrics5gSa: getCarrierSa5gBandConfig : content://com.samsung.ims.entitlementconfig.provider/config/xpath?tag_name=%2F%2FStandaloneBands5G
01-15 20:02:38.627  4117 13315 I EntitlementConfigProvider: Empty slot. query regardless slot
01-15 20:02:38.628 28027 30154 D DataMetrics5gSa: getCarrierSa5gBandConfig : cursor is null
01-15 20:02:38.628 28027 30154 D DataMetrics5gSa: getCarrierSa5gBandConfig : content://com.samsung.ims.entitlementconfig.provider/config/xpath?tag_name=%2F%2FTT_NR_CA
01-15 20:02:38.629  4117 13315 I EntitlementConfigProvider: Empty slot. query regardless slot
01-15 20:02:38.630 28027 30154 D DataMetrics5gSa: getCarrierSa5gBandConfig rowNum=: 5
01-15 20:02:38.630 28027 30154 D DataMetrics5gSa: getCarrierSa5gBandConfig columnNum=: 2
01-15 20:02:38.630 28027 30154 D DataMetrics5gSa: getCarrierSa5gBandConfig TagValue: TT_NR_CA/n41_AC
01-15 20:02:38.630 28027 30154 D DataMetrics5gSa: getCarrierSa5gBandConfig Tag: n41_AC
01-15 20:02:38.630 28027 30154 D DataMetrics5gSa: getCarrierSa5gBandConfig TagValue: true
01-15 20:02:38.630 28027 30154 D DataMetrics5gSa: getCarrierSa5gBandConfig Value: true
01-15 20:02:38.630 28027 30154 D DataMetrics5gSa: getCarrierSa5gBandConfig TagValue: TT_NR_CA/n41_2A
01-15 20:02:38.630 28027 30154 D DataMetrics5gSa: getCarrierSa5gBandConfig Tag: n41_2A
01-15 20:02:38.630 28027 30154 D DataMetrics5gSa: getCarrierSa5gBandConfig TagValue: true
01-15 20:02:38.630 28027 30154 D DataMetrics5gSa: getCarrierSa5gBandConfig Value: true
01-15 20:02:38.630 28027 30154 D DataMetrics5gSa: getCarrierSa5gBandConfig TagValue: TT_NR_CA/n41C
01-15 20:02:38.630 28027 30154 D DataMetrics5gSa: getCarrierSa5gBandConfig Tag: n41C
01-15 20:02:38.630 28027 30154 D DataMetrics5gSa: getCarrierSa5gBandConfig TagValue: true
01-15 20:02:38.630 28027 30154 D DataMetrics5gSa: getCarrierSa5gBandConfig Value: true
01-15 20:02:38.630 28027 30154 D DataMetrics5gSa: getCarrierSa5gBandConfig TagValue: TT_NR_CA/n41_4A
01-15 20:02:38.630 28027 30154 D DataMetrics5gSa: getCarrierSa5gBandConfig Tag: n41_4A
01-15 20:02:38.630 28027 30154 D DataMetrics5gSa: getCarrierSa5gBandConfig TagValue: true
01-15 20:02:38.630 28027 30154 D DataMetrics5gSa: getCarrierSa5gBandConfig Value: true
01-15 20:02:38.630 12366 12366 W SoLoader: Initializing SoLoader: 0
01-15 20:02:38.630 28027 30154 D DataMetrics5gSa: getCarrierSa5gBandConfig TagValue: TT_NR_CA/n41_3A
01-15 20:02:38.630 28027 30154 D DataMetrics5gSa: getCarrierSa5gBandConfig Tag: n41_3A
01-15 20:02:38.630 28027 30154 D DataMetrics5gSa: getCarrierSa5gBandConfig TagValue: true
01-15 20:02:38.630 28027 30154 D DataMetrics5gSa: getCarrierSa5gBandConfig Value: true
01-15 20:02:38.630 28027 30154 D DataMetrics5gSa: getCarrierSa5gBandConfig : content://com.samsung.ims.entitlementconfig.provider/config/xpath?tag_name=%2F%2FFF_NR_CA
01-15 20:02:38.630 12366 12366 W SoLoader: Recording new base apk path: /data/app/~~YoKgp145yHLeeqhXobE0oQ==/com.anonymous.dungeoncrawler-01paK_x9LljgV78scPzfrQ==/base.apk
01-15 20:02:38.630 12366 12366 W SoLoader: Previously recorded 0 base apk paths.
01-15 20:02:38.631  4117 13315 I EntitlementConfigProvider: Empty slot. query regardless slot
01-15 20:02:38.631 12366 12366 I SoLoader: Preparing SO source: DirectorySoSource[root = /vendor/lib64 flags = 2]
01-15 20:02:38.631 12366 12366 I SoLoader: Preparing SO source: DirectorySoSource[root = /system/lib64 flags = 2]
01-15 20:02:38.631 12366 12366 I SoLoader: Preparing SO source: DirectApkSoSource[root = [/data/app/~~YoKgp145yHLeeqhXobE0oQ==/com.anonymous.dungeoncrawler-01paK_x9LljgV78scPzfrQ==/base.apk!/lib/arm64-v8a]]
01-15 20:02:38.632 12366 12366 I SoLoader: Preparing SO source: ApplicationSoSource[DirectorySoSource[root = /data/app/~~YoKgp145yHLeeqhXobE0oQ==/com.anonymous.dungeoncrawler-01paK_x9LljgV78scPzfrQ==/lib/arm64 flags = 0]]
01-15 20:02:38.632 12366 12366 I SoLoader: init finish: 4 SO sources prepared
01-15 20:02:38.632 12366 12366 W SoLoader: SoLoader initialized: 8
01-15 20:02:38.632 28027 30154 D DataMetrics5gSa: getCarrierSa5gBandConfig rowNum=: 7
01-15 20:02:38.632 28027 30154 D DataMetrics5gSa: getCarrierSa5gBandConfig columnNum=: 2
01-15 20:02:38.632 28027 30154 D DataMetrics5gSa: getCarrierSa5gBandConfig TagValue: FF_NR_CA/n25_2A_n71A
01-15 20:02:38.632 28027 30154 D DataMetrics5gSa: getCarrierSa5gBandConfig Tag: n25_2A_n71A
01-15 20:02:38.632 28027 30154 D DataMetrics5gSa: getCarrierSa5gBandConfig TagValue: true
01-15 20:02:38.632 28027 30154 D DataMetrics5gSa: getCarrierSa5gBandConfig Value: true
01-15 20:02:38.632 28027 30154 D DataMetrics5gSa: getCarrierSa5gBandConfig TagValue: FF_NR_CA/n25A_n66A_n71B
01-15 20:02:38.632 28027 30154 D DataMetrics5gSa: getCarrierSa5gBandConfig Tag: n25A_n66A_n71B
01-15 20:02:38.632 28027 30154 D DataMetrics5gSa: getCarrierSa5gBandConfig TagValue: true
01-15 20:02:38.632 28027 30154 D DataMetrics5gSa: getCarrierSa5gBandConfig Value: true
01-15 20:02:38.632 28027 30154 D DataMetrics5gSa: getCarrierSa5gBandConfig TagValue: FF_NR_CA/n25A_n66A_n71A
01-15 20:02:38.632 28027 30154 D DataMetrics5gSa: getCarrierSa5gBandConfig Tag: n25A_n66A_n71A
01-15 20:02:38.632 28027 30154 D DataMetrics5gSa: getCarrierSa5gBandConfig TagValue: true
01-15 20:02:38.632 28027 30154 D DataMetrics5gSa: getCarrierSa5gBandConfig Value: true
01-15 20:02:38.632 28027 30154 D DataMetrics5gSa: getCarrierSa5gBandConfig TagValue: FF_NR_CA/n25A_n66A_n71_2A
01-15 20:02:38.632 28027 30154 D DataMetrics5gSa: getCarrierSa5gBandConfig Tag: n25A_n66A_n71_2A
01-15 20:02:38.632 28027 30154 D DataMetrics5gSa: getCarrierSa5gBandConfig TagValue: true
01-15 20:02:38.632 28027 30154 D DataMetrics5gSa: getCarrierSa5gBandConfig Value: true
01-15 20:02:38.632 28027 30154 D DataMetrics5gSa: getCarrierSa5gBandConfig TagValue: FF_NR_CA/n25_2A_n66A_n71A
01-15 20:02:38.632  2383  4340 D WindowManager: App launched activity=ActivityRecord{154313699 u0 com.anonymous.dungeoncrawler/.MainActivity t4772}, state=1
01-15 20:02:38.632 28027 30154 D DataMetrics5gSa: getCarrierSa5gBandConfig Tag: n25_2A_n66A_n71A
01-15 20:02:38.632 28027 30154 D DataMetrics5gSa: getCarrierSa5gBandConfig TagValue: true
01-15 20:02:38.632 28027 30154 D DataMetrics5gSa: getCarrierSa5gBandConfig Value: true
01-15 20:02:38.632 28027 30154 D DataMetrics5gSa: getCarrierSa5gBandConfig TagValue: FF_NR_CA/n25_2A
01-15 20:02:38.632 28027 30154 D DataMetrics5gSa: getCarrierSa5gBandConfig Tag: n25_2A
01-15 20:02:38.632 28027 30154 D DataMetrics5gSa: getCarrierSa5gBandConfig TagValue: true
01-15 20:02:38.632 28027 30154 D DataMetrics5gSa: getCarrierSa5gBandConfig Value: true
01-15 20:02:38.632 28027 30154 D DataMetrics5gSa: getCarrierSa5gBandConfig TagValue: FF_NR_CA/n25A_n71A
01-15 20:02:38.632 28027 30154 D DataMetrics5gSa: getCarrierSa5gBandConfig Tag: n25A_n71A
01-15 20:02:38.632 28027 30154 D DataMetrics5gSa: getCarrierSa5gBandConfig TagValue: true
01-15 20:02:38.632 28027 30154 D DataMetrics5gSa: getCarrierSa5gBandConfig Value: true
01-15 20:02:38.632 28027 30154 D DataMetrics5gSa: getCarrierSa5gBandConfig : content://com.samsung.ims.entitlementconfig.provider/config/xpath?tag_name=%2F%2FFT_NR_CA
01-15 20:02:38.632  2383  4340 V WindowManager: rotationForOrientation(orient=SCREEN_ORIENTATION_NOSENSOR (5), last=ROTATION_0 (0)); user=ROTATION_0 (0) 
01-15 20:02:38.632  2383  4340 D WindowManager: rotationForOrientation, orientationSource=Window{62a1b9 u0 NotificationShade}
01-15 20:02:38.633  4117 13315 I EntitlementConfigProvider: Empty slot. query regardless slot
01-15 20:02:38.633  2383  4340 V WindowManager: Computed rotation=ROTATION_0 (0) for display id=0 based on lastOrientation=SCREEN_ORIENTATION_NOSENSOR (5) and oldRotation=ROTATION_0 (0), caller=com.android.server.wm.DisplayRotation.updateOrientation:79 com.android.server.wm.DisplayContent.updateOrientation:41 com.android.server.wm.DisplayContent.updateOrientationAndComputeConfig:48 com.android.server.wm.RootWindowContainer.ensureVisibilityAndConfig:7 com.android.server.wm.ActivityTaskSupervisor.realStartActivityLocked:182 com.android.server.wm.RootWindowContainer.attachApplication:92 
01-15 20:02:38.633  2383  4340 D SGM:FgCheckThread: notifyAppCreated(), packageName: com.anonymous.dungeoncrawler, userId: 0, sendRet: true
01-15 20:02:38.633  2383  3295 D SGM:FgCheckThread: onLooperPrepared(), msg: MSG_APP_CREATE, pkgName: com.anonymous.dungeoncrawler, userId: 0
01-15 20:02:38.633  2383  4340 D SGM:FgCheckThread: TaskStackListener.onTaskFocusChanged(), taskId=4337, focused=false
01-15 20:02:38.633  2383  4340 D SGM:FgCheckThread: TaskStackListener.onTaskFocusChanged(), taskId=4772, focused=true
01-15 20:02:38.633  2383  4340 D SGM:FgCheckThread:   sendRunningComponentFocus(), pkgName: com.anonymous.dungeoncrawler, userId: 0
01-15 20:02:38.633  2383  3295 D SGM:FgCheckThread: onLooperPrepared(), msg: MSG_TASK_FOCUSED, pkgName: com.anonymous.dungeoncrawler, userId: 0
01-15 20:02:38.633  2383  3295 D SGM:FgCheckThread: handleTaskFocused().
01-15 20:02:38.633  2383  3295 D SGM:FgCheckThread:   handleTaskFocused(), pkgName: com.anonymous.dungeoncrawler, userID:0
01-15 20:02:38.633  2383  4340 D InputDispatcher: Focused application(0): ActivityRecord{154313699 u0 com.anonymous.dungeoncrawler/.MainActivity t4772}
01-15 20:02:38.633  2383  3295 D SGM:FgCheckThread: handleResume().
01-15 20:02:38.633  2383  3295 D SGM:SystemHelper: callReleaseBlock needReleaseBlock:false
01-15 20:02:38.633  2383  3295 D SGM:FgCheckThread:   handleResume(). device is locked yet. ignore
01-15 20:02:38.633  2383  4340 D ActivityTaskManager: scheduleTopResumedActivityChanged, onTop=true, r=ActivityRecord{154313699 u0 com.anonymous.dungeoncrawler/.MainActivity t4772}, caller=com.android.server.wm.ActivityTaskSupervisor.scheduleTopResumedActivityStateIfNeeded:18 com.android.server.wm.ActivityTaskSupervisor.updateTopResumedActivityIfNeeded:54 com.android.server.wm.TaskFragment.setResumedActivity:30 com.android.server.wm.ActivityRecord.setState:100 com.android.server.wm.ActivityTaskSupervisor.realStartActivityLocked:477 com.android.server.wm.RootWindowContainer.attachApplication:92 
01-15 20:02:38.633  4520  4630 I HoneySpace.TopTaskSource: onTaskFocusChanged(): taskId = 4772
01-15 20:02:38.633  2383  4340 D BLASTSyncEngine: SyncGroup 2877: Set ready true, caller=com.android.server.wm.BLASTSyncEngine.setReady:32 com.android.server.wm.Transition.applyReady:54 com.android.server.wm.Transition.setReady:72 com.android.server.wm.TransitionController.setReady:6 com.android.server.wm.DisplayContent.executeAppTransition:4 com.android.server.wm.ActivityRecord.completeResumeLocked:115 
01-15 20:02:38.634  2383  4340 D ActivityTaskManager: scheduleTopResumedActivityChanged, onTop=false, r=ActivityRecord{154313699 u0 com.anonymous.dungeoncrawler/.MainActivity t4772}, caller=com.android.server.wm.ActivityTaskSupervisor.scheduleTopResumedActivityStateLossIfNeeded:19 com.android.server.wm.ActivityTaskSupervisor.updateTopResumedActivityIfNeeded:20 com.android.server.wm.TaskFragment.setResumedActivity:30 com.android.server.wm.ActivityRecord.setState:91 com.android.server.wm.TaskFragment.startPausing$1:209 com.android.server.wm.Task$$ExternalSyntheticLambda37.accept:150 
01-15 20:02:38.634  2383  3386 D AS.MultiSoundManager: mForegroundUid = 10553
01-15 20:02:38.634  2383  3412 I CocktailBarManagerServiceContainer: handleMessage: entry what = 5
01-15 20:02:38.634  4520  4520 I HoneySpace.EdgePanel.CocktailHostRepositoryImpl: onNoteResume
01-15 20:02:38.634  4520  4520 I HoneySpace.EdgePanel.EdgePanelContainerViewModel: cocktailHostRepository.edgePanelOperation NoteResumeComponent(componentName=ComponentInfo{com.anonymous.dungeoncrawler/com.anonymous.dungeoncrawler.MainActivity})
01-15 20:02:38.634  4520  4520 I HoneySpace.EdgePanel.ActivityUtils: HomePackage : com.sec.android.app.launcher, resumePackageName : com.anonymous.dungeoncrawler, className : com.anonymous.dungeoncrawler.MainActivity
01-15 20:02:38.634  2383  3422 D BackgroundInstallControlService: Package event received: 0
01-15 20:02:38.634  2383  2879 D BLASTSyncEngine: SyncGroup 2877:  Unfinished container: ActivityRecord{154313699 u0 com.anonymous.dungeoncrawler/.MainActivity t4772} mSyncState=2
01-15 20:02:38.634 28027 30154 D DataMetrics5gSa: getCarrierSa5gBandConfig rowNum=: 13
01-15 20:02:38.634 28027 30154 D DataMetrics5gSa: getCarrierSa5gBandConfig columnNum=: 2
01-15 20:02:38.634 28027 30154 D DataMetrics5gSa: getCarrierSa5gBandConfig TagValue: FT_NR_CA/n25_2A_n41A_n66A
01-15 20:02:38.634 28027 30154 D DataMetrics5gSa: getCarrierSa5gBandConfig Tag: n25_2A_n41A_n66A
01-15 20:02:38.634 28027 30154 D DataMetrics5gSa: getCarrierSa5gBandConfig TagValue: true
01-15 20:02:38.634 28027 30154 D DataMetrics5gSa: getCarrierSa5gBandConfig Value: true
01-15 20:02:38.634 28027 30154 D DataMetrics5gSa: getCarrierSa5gBandConfig TagValue: FT_NR_CA/n25_2A_n41A_n71A
01-15 20:02:38.634 28027 30154 D DataMetrics5gSa: getCarrierSa5gBandConfig Tag: n25_2A_n41A_n71A
01-15 20:02:38.634 28027 30154 D DataMetrics5gSa: getCarrierSa5gBandConfig TagValue: true
01-15 20:02:38.634 28027 30154 D DataMetrics5gSa: getCarrierSa5gBandConfig Value: true
01-15 20:02:38.634 28027 30154 D DataMetrics5gSa: getCarrierSa5gBandConfig TagValue: FT_NR_CA/n25_2A_n41_AC
01-15 20:02:38.634 28027 30154 D DataMetrics5gSa: getCarrierSa5gBandConfig Tag: n25_2A_n41_AC
01-15 20:02:38.634 28027 30154 D DataMetrics5gSa: getCarrierSa5gBandConfig TagValue: true
01-15 20:02:38.634 28027 30154 D DataMetrics5gSa: getCarrierSa5gBandConfig Value: true
01-15 20:02:38.634 28027 30154 D DataMetrics5gSa: getCarrierSa5gBandConfig TagValue: FT_NR_CA/n25A_n41_AC_n66A
01-15 20:02:38.634 28027 30154 D DataMetrics5gSa: getCarrierSa5gBandConfig Tag: n25A_n41_AC_n66A
01-15 20:02:38.634 28027 30154 D DataMetrics5gSa: getCarrierSa5gBandConfig TagValue: true
01-15 20:02:38.634 28027 30154 D DataMetrics5gSa: getCarrierSa5gBandConfig Value: true
01-15 20:02:38.634 28027 30154 D DataMetrics5gSa: getCarrierSa5gBandConfig TagValue: FT_NR_CA/n25_2A_n41_3A
01-15 20:02:38.634 28027 30154 D DataMetrics5gSa: getCarrierSa5gBandConfig Tag: n25_2A_n41_3A
01-15 20:02:38.634 28027 30154 D DataMetrics5gSa: getCarrierSa5gBandConfig TagValue: true
01-15 20:02:38.634 28027 30154 D DataMetrics5gSa: getCarrierSa5gBandConfig Value: true
01-15 20:02:38.634 28027 30154 D DataMetrics5gSa: getCarrierSa5gBandConfig TagValue: FT_NR_CA/n25A_n41A
01-15 20:02:38.634 28027 30154 D DataMetrics5gSa: getCarrierSa5gBandConfig Tag: n25A_n41A
01-15 20:02:38.634 28027 30154 D DataMetrics5gSa: getCarrierSa5gBandConfig TagValue: true
01-15 20:02:38.634 28027 30154 D DataMetrics5gSa: getCarrierSa5gBandConfig Value: true
01-15 20:02:38.634 28027 30154 D DataMetrics5gSa: getCarrierSa5gBandConfig TagValue: FT_NR_CA/n41A_n66A_n71A
01-15 20:02:38.634 28027 30154 D DataMetrics5gSa: getCarrierSa5gBandConfig Tag: n41A_n66A_n71A
01-15 20:02:38.634 28027 30154 D DataMetrics5gSa: getCarrierSa5gBandConfig TagValue: true
01-15 20:02:38.634 28027 30154 D DataMetrics5gSa: getCarrierSa5gBandConfig Value: true
01-15 20:02:38.634 28027 30154 D DataMetrics5gSa: getCarrierSa5gBandConfig TagValue: FT_NR_CA/n25A_n41A_n66A_n71A
01-15 20:02:38.634 28027 30154 D DataMetrics5gSa: getCarrierSa5gBandConfig Tag: n25A_n41A_n66A_n71A
01-15 20:02:38.634 28027 30154 D DataMetrics5gSa: getCarrierSa5gBandConfig TagValue: true
01-15 20:02:38.634 28027 30154 D DataMetrics5gSa: getCarrierSa5gBandConfig Value: true
01-15 20:02:38.634 28027 30154 D DataMetrics5gSa: getCarrierSa5gBandConfig TagValue: FT_NR_CA/n25A_n41A_n71A
01-15 20:02:38.634 28027 30154 D DataMetrics5gSa: getCarrierSa5gBandConfig Tag: n25A_n41A_n71A
01-15 20:02:38.634 28027 30154 D DataMetrics5gSa: getCarrierSa5gBandConfig TagValue: true
01-15 20:02:38.634 28027 30154 D DataMetrics5gSa: getCarrierSa5gBandConfig Value: true
01-15 20:02:38.634 28027 30154 D DataMetrics5gSa: getCarrierSa5gBandConfig TagValue: FT_NR_CA/n25A_n41A_n66A
01-15 20:02:38.635 28027 30154 D DataMetrics5gSa: getCarrierSa5gBandConfig Tag: n25A_n41A_n66A
01-15 20:02:38.635 28027 30154 D DataMetrics5gSa: getCarrierSa5gBandConfig TagValue: true
01-15 20:02:38.635 28027 30154 D DataMetrics5gSa: getCarrierSa5gBandConfig Value: true
01-15 20:02:38.635 28027 30154 D DataMetrics5gSa: getCarrierSa5gBandConfig TagValue: FT_NR_CA/n25A_n41_3A_n66A
01-15 20:02:38.635 28027 30154 D DataMetrics5gSa: getCarrierSa5gBandConfig Tag: n25A_n41_3A_n66A
01-15 20:02:38.635 28027 30154 D DataMetrics5gSa: getCarrierSa5gBandConfig TagValue: true
01-15 20:02:38.635 28027 30154 D DataMetrics5gSa: getCarrierSa5gBandConfig Value: true
01-15 20:02:38.635 28027 30154 D DataMetrics5gSa: getCarrierSa5gBandConfig TagValue: FT_NR_CA/n25_2A_n41A
01-15 20:02:38.635 28027 30154 D DataMetrics5gSa: getCarrierSa5gBandConfig Tag: n25_2A_n41A
01-15 20:02:38.635 28027 30154 D DataMetrics5gSa: getCarrierSa5gBandConfig TagValue: true
01-15 20:02:38.635 28027 30154 D DataMetrics5gSa: getCarrierSa5gBandConfig Value: true
01-15 20:02:38.635 28027 30154 D DataMetrics5gSa: getCarrierSa5gBandConfig TagValue: FT_NR_CA/n41A_n71A
01-15 20:02:38.635 28027 30154 D DataMetrics5gSa: getCarrierSa5gBandConfig Tag: n41A_n71A
01-15 20:02:38.635 28027 30154 D DataMetrics5gSa: getCarrierSa5gBandConfig TagValue: true
01-15 20:02:38.635 28027 30154 D DataMetrics5gSa: getCarrierSa5gBandConfig Value: true
01-15 20:02:38.635 28027 30154 D DataMetrics5gSa: getCarrierSa5gBandConfig : content://com.samsung.ims.entitlementconfig.provider/config/xpath?tag_name=%2F%2FTF_NR_CA
01-15 20:02:38.635  2383  7065 D GraphicsStatsService: requestRenderEngineFor(com.anonymous.dungeoncrawler)
01-15 20:02:38.635  4117 13315 I EntitlementConfigProvider: Empty slot. query regardless slot
01-15 20:02:38.635 12366 12366 D ActivityThread: com.anonymous.dungeoncrawler will use render engine as VK
01-15 20:02:38.635 12366 12366 D HWUI    : HWUI - treat SMPTE_170M as sRGB
01-15 20:02:38.635  2383  2878 D SGM:GameManager: identifyGamePackage. com.anonymous.dungeoncrawler, mCurrentUserId: 0, callingMethodInfo: com.samsung.android.game.SemGameManager.isGamePackage(SemGameManager.java:106)
01-15 20:02:38.635  2383  2878 D SGM:SemGameManager: isGamePackage(), pkgName=com.anonymous.dungeoncrawler, ret=false
01-15 20:02:38.635  2383  2878 D SGM:FgCheckThread: noteResumeComponent(), received pkgName: com.anonymous.dungeoncrawler, userId: 0
01-15 20:02:38.635 12366 12399 I DisplayManager: Choreographer implicitly registered for the refresh rate.
01-15 20:02:38.636  2383  3295 D SGM:FgCheckThread: onLooperPrepared(), msg: MSG_APP_RESUME, pkgName: com.anonymous.dungeoncrawler, userid: 0
01-15 20:02:38.636  2383  3295 D SGM:FgCheckThread: handleResume().
01-15 20:02:38.636  2383  3295 D SGM:SystemHelper: callReleaseBlock needReleaseBlock:false
01-15 20:02:38.636  2383  3295 D SGM:FgCheckThread:   handleResume(). device is locked yet. ignore
01-15 20:02:38.636  7045 16027 I SDHMS:k : handleResumeComponent : put = com.anonymous.dungeoncrawler, userid = 0 instanceid =199089305
01-15 20:02:38.636 12366 12399 D HWUI    : CacheManager constructor. deviceInfo=(1080, 1920)
01-15 20:02:38.636 12366 12399 D vulkan  : searching for layers in '/data/app/~~YoKgp145yHLeeqhXobE0oQ==/com.anonymous.dungeoncrawler-01paK_x9LljgV78scPzfrQ==/lib/arm64'
01-15 20:02:38.636  2383  3422 D BackgroundInstallControlService: Package event received: 0
01-15 20:02:38.636 12366 12399 D vulkan  : searching for layers in '/data/app/~~YoKgp145yHLeeqhXobE0oQ==/com.anonymous.dungeoncrawler-01paK_x9LljgV78scPzfrQ==/base.apk!/lib/arm64-v8a'
01-15 20:02:38.636  5550  5572 V OsAgent : broadcastSystemEvent - 7
01-15 20:02:38.637 28027 30154 D DataMetrics5gSa: getCarrierSa5gBandConfig rowNum=: 16
01-15 20:02:38.637 28027 30154 D DataMetrics5gSa: getCarrierSa5gBandConfig columnNum=: 2
01-15 20:02:38.637 28027 30154 D DataMetrics5gSa: getCarrierSa5gBandConfig TagValue: TF_NR_CA/n41_2A_n71A
01-15 20:02:38.637 28027 30154 D DataMetrics5gSa: getCarrierSa5gBandConfig Tag: n41_2A_n71A
01-15 20:02:38.637 28027 30154 D DataMetrics5gSa: getCarrierSa5gBandConfig TagValue: true
01-15 20:02:38.637 28027 30154 D DataMetrics5gSa: getCarrierSa5gBandConfig Value: true
01-15 20:02:38.637 28027 30154 D DataMetrics5gSa: getCarrierSa5gBandConfig TagValue: TF_NR_CA/n25A_n41C
01-15 20:02:38.637 28027 30154 D DataMetrics5gSa: getCarrierSa5gBandConfig Tag: n25A_n41C
01-15 20:02:38.637 28027 30154 D DataMetrics5gSa: getCarrierSa5gBandConfig TagValue: true
01-15 20:02:38.637 28027 30154 D DataMetrics5gSa: getCarrierSa5gBandConfig Value: true
01-15 20:02:38.637 28027 30154 D DataMetrics5gSa: getCarrierSa5gBandConfig TagValue: TF_NR_CA/n41C_n71A
01-15 20:02:38.637 28027 30154 D DataMetrics5gSa: getCarrierSa5gBandConfig Tag: n41C_n71A
01-15 20:02:38.637 28027 30154 D DataMetrics5gSa: getCarrierSa5gBandConfig TagValue: true
01-15 20:02:38.637 28027 30154 D DataMetrics5gSa: getCarrierSa5gBandConfig Value: true
01-15 20:02:38.637 28027 30154 D DataMetrics5gSa: getCarrierSa5gBandConfig TagValue: TF_NR_CA/n25_2A_n41C
01-15 20:02:38.637 28027 30154 D DataMetrics5gSa: getCarrierSa5gBandConfig Tag: n25_2A_n41C
01-15 20:02:38.637 28027 30154 D DataMetrics5gSa: getCarrierSa5gBandConfig TagValue: true
01-15 20:02:38.637 28027 30154 D DataMetrics5gSa: getCarrierSa5gBandConfig Value: true
01-15 20:02:38.637 28027 30154 D DataMetrics5gSa: getCarrierSa5gBandConfig TagValue: TF_NR_CA/n25A_n41C_n71A
01-15 20:02:38.637 28027 30154 D DataMetrics5gSa: getCarrierSa5gBandConfig Tag: n25A_n41C_n71A
01-15 20:02:38.637 28027 30154 D DataMetrics5gSa: getCarrierSa5gBandConfig TagValue: true
01-15 20:02:38.637 28027 30154 D DataMetrics5gSa: getCarrierSa5gBandConfig Value: true
01-15 20:02:38.637 28027 30154 D DataMetrics5gSa: getCarrierSa5gBandConfig TagValue: TF_NR_CA/n25_2A_n41_2A
01-15 20:02:38.637 28027 30154 D DataMetrics5gSa: getCarrierSa5gBandConfig Tag: n25_2A_n41_2A
01-15 20:02:38.637 28027 30154 D DataMetrics5gSa: getCarrierSa5gBandConfig TagValue: true
01-15 20:02:38.637 28027 30154 D DataMetrics5gSa: getCarrierSa5gBandConfig Value: true
01-15 20:02:38.637 28027 30154 D DataMetrics5gSa: getCarrierSa5gBandConfig TagValue: TF_NR_CA/n41C_n66A
01-15 20:02:38.637 28027 30154 D DataMetrics5gSa: getCarrierSa5gBandConfig Tag: n41C_n66A
01-15 20:02:38.637 28027 30154 D DataMetrics5gSa: getCarrierSa5gBandConfig TagValue: true
01-15 20:02:38.637 28027 30154 D DataMetrics5gSa: getCarrierSa5gBandConfig Value: true
01-15 20:02:38.637 28027 30154 D DataMetrics5gSa: getCarrierSa5gBandConfig TagValue: TF_NR_CA/n25A_n41_2A_n71A
01-15 20:02:38.637 28027 30154 D DataMetrics5gSa: getCarrierSa5gBandConfig Tag: n25A_n41_2A_n71A
01-15 20:02:38.637 28027 30154 D DataMetrics5gSa: getCarrierSa5gBandConfig TagValue: true
01-15 20:02:38.637 28027 30154 D DataMetrics5gSa: getCarrierSa5gBandConfig Value: true
01-15 20:02:38.637 28027 30154 D DataMetrics5gSa: getCarrierSa5gBandConfig TagValue: TF_NR_CA/n25A_n41C_n66A
01-15 20:02:38.637 28027 30154 D DataMetrics5gSa: getCarrierSa5gBandConfig Tag: n25A_n41C_n66A
01-15 20:02:38.637 28027 30154 D DataMetrics5gSa: getCarrierSa5gBandConfig TagValue: true
01-15 20:02:38.637 28027 30154 D DataMetrics5gSa: getCarrierSa5gBandConfig Value: true
01-15 20:02:38.637 28027 30154 D DataMetrics5gSa: getCarrierSa5gBandConfig TagValue: TF_NR_CA/n25A_n41_AC
01-15 20:02:38.637 28027 30154 D DataMetrics5gSa: getCarrierSa5gBandConfig Tag: n25A_n41_AC
01-15 20:02:38.637 28027 30154 D DataMetrics5gSa: getCarrierSa5gBandConfig TagValue: true
01-15 20:02:38.637 28027 30154 D DataMetrics5gSa: getCarrierSa5gBandConfig Value: true
01-15 20:02:38.637 28027 30154 D DataMetrics5gSa: getCarrierSa5gBandConfig TagValue: TF_NR_CA/n25A_n41_3A
01-15 20:02:38.637 28027 30154 D DataMetrics5gSa: getCarrierSa5gBandConfig Tag: n25A_n41_3A
01-15 20:02:38.637 28027 30154 D DataMetrics5gSa: getCarrierSa5gBandConfig TagValue: true
01-15 20:02:38.637 28027 30154 D DataMetrics5gSa: getCarrierSa5gBandConfig Value: true
01-15 20:02:38.637 28027 30154 D DataMetrics5gSa: getCarrierSa5gBandConfig TagValue: TF_NR_CA/n25A_n41_2A
01-15 20:02:38.637 28027 30154 D DataMetrics5gSa: getCarrierSa5gBandConfig Tag: n25A_n41_2A
01-15 20:02:38.637 28027 30154 D DataMetrics5gSa: getCarrierSa5gBandConfig TagValue: true
01-15 20:02:38.637 28027 30154 D DataMetrics5gSa: getCarrierSa5gBandConfig Value: true
01-15 20:02:38.637 28027 30154 D DataMetrics5gSa: getCarrierSa5gBandConfig TagValue: TF_NR_CA/n25A_n41_2A_n66A
01-15 20:02:38.637 28027 30154 D DataMetrics5gSa: getCarrierSa5gBandConfig Tag: n25A_n41_2A_n66A
01-15 20:02:38.637 28027 30154 D DataMetrics5gSa: getCarrierSa5gBandConfig TagValue: true
01-15 20:02:38.637 28027 30154 D DataMetrics5gSa: getCarrierSa5gBandConfig Value: true
01-15 20:02:38.637 28027 30154 D DataMetrics5gSa: getCarrierSa5gBandConfig TagValue: TF_NR_CA/n41C_n66A_n71A
01-15 20:02:38.637 28027 30154 D DataMetrics5gSa: getCarrierSa5gBandConfig Tag: n41C_n66A_n71A
01-15 20:02:38.637 28027 30154 D DataMetrics5gSa: getCarrierSa5gBandConfig TagValue: true
01-15 20:02:38.637 28027 30154 D DataMetrics5gSa: getCarrierSa5gBandConfig Value: true
01-15 20:02:38.637 28027 30154 D DataMetrics5gSa: getCarrierSa5gBandConfig TagValue: TF_NR_CA/n41_2A_n66A
01-15 20:02:38.637 28027 30154 D DataMetrics5gSa: getCarrierSa5gBandConfig Tag: n41_2A_n66A
01-15 20:02:38.637 28027 30154 D DataMetrics5gSa: getCarrierSa5gBandConfig TagValue: true
01-15 20:02:38.637 28027 30154 D DataMetrics5gSa: getCarrierSa5gBandConfig Value: true
01-15 20:02:38.637 28027 30154 D DataMetrics5gSa: getCarrierSa5gBandConfig TagValue: TF_NR_CA/n41_2A_n66A_n71A
01-15 20:02:38.637 28027 30154 D DataMetrics5gSa: getCarrierSa5gBandConfig Tag: n41_2A_n66A_n71A
01-15 20:02:38.637 28027 30154 D DataMetrics5gSa: getCarrierSa5gBandConfig TagValue: true
01-15 20:02:38.637 28027 30154 D DataMetrics5gSa: getCarrierSa5gBandConfig Value: true
01-15 20:02:38.637 12366 12366 D AppCompatDelegate: Checking for metadata for AppLocalesMetadataHolderService : Service not found
01-15 20:02:38.637 28027 30154 D DataMetrics5gSa: carrierSa5gBandConfig Size : 47
01-15 20:02:38.637 28027 30154 D DataMetrics5gSa: SettingsLog(): wifiCalling=CELLULAR, wifi=ON, roaming=ON, rtt=MANUAL, rttTranscript=-1, networkMode=5G, CarrierConfigVersion=1.0000, CarrierSa5gBandConfig={SAn41Enabled_NRCA=true, SAn71Enabled_NRCA=true, SAn25Enabled_NRCA=true, SAn77Enabled_NRCA=true, SAn66Enabled_NRCA=true, SAn48Enabled_NRCA=true, n41_AC=true, n41_2A=true, n41C=true, n41_4A=true, n41_3A=true, n25_2A_n71A=true, n25A_n66A_n71B=true, n25A_n66A_n71A=true, n25A_n66A_n71_2A=true, n25_2A_n66A_n71A=true, n25_2A=true, n25A_n71A=true, n25_2A_n41A_n66A=true, n25_2A_n41A_n71A=true, n25_2A_n41_AC=true, n25A_n41_AC_n66A=true, n25_2A_n41_3A=true, n25A_n41A=true, n41A_n66A_n71A=true, n25A_n41A_n66A_n71A=true, n25A_n41A_n71A=true, n25A_n41A_n66A=true, n25A_n41_3A_n66A=true, n25_2A_n41A=true, n41A_n71A=true, n41_2A_n71A=true, n25A_n41C=true, n41C_n71A=true, n25_2A_n41C=true, n25A_n41C_n71A=true, n25_2A_n41_2A=true, n41C_n66A=true, n25A_n41_2A_n71A=true, n25A_n41C_n66A=true, n25A_n41_AC=true, n25A_n41_3A=true, n25A_n41_2A=true, n25A_n41_2A_n66A=true, n41C_n66A_n71A=true, n41_2A_n66A=true, n41_2A_n66A_n71A=true}, vonrSetting=ON, vonrStatus=CAPABLE
01-15 20:02:38.637 28027 30154 D DataMetrics5gSa: getDlCarrierLog(): Entered
01-15 20:02:38.637 28027 30154 D DataMetrics5gSa: invokeOemRilRequestRaw: DefaultDataSubId= 1
01-15 20:02:38.638 12366 12366 E ashmem  : Pinning is deprecated since Android Q. Please use trim or other methods.
01-15 20:02:38.638  2383  3422 D BackgroundInstallControlService: Package event received: 0
01-15 20:02:38.640 12366 12366 W SoLoader: SoLoader already initialized
01-15 20:02:38.641 28027 30154 D DataMetrics5gSa: invokeOemRilRequestRaw: resp= 88
01-15 20:02:38.641 28027 30154 D DataMetrics5gSa: getResultsFromBytes(): resultString=1|1|396250|20|n25|-999|-2|-2|-2|-999|-2|-2|-2|-999|-2|-2|-2|-999|-2|-2|-2|-999|-2|-2|-2|
01-15 20:02:38.641 28027 30154 D DataMetrics5gSa: invokeOemRilRequestRaw: msg= 4, resultFromCp= [1, 1, 396250, 20, n25, -999, -2, -2, -2, -999, -2, -2, -2, -999, -2, -2, -2, -999, -2, -2, -2, -999, -2, -2, -2, -2]
01-15 20:02:38.641 28027 30154 D DataMetrics5gSa: cpTechType: ret=NR
01-15 20:02:38.641 28027 30154 D DataMetrics5gSa: numAggChannels ==1 Data Feteched already
01-15 20:02:38.641 12366 12399 E Adreno-AppProfiles: QSPM AIDL service doesn't exist
01-15 20:02:38.642 12366 12399 I AdrenoVK-0: ===== BEGIN DUMP OF OVERRIDDEN SETTINGS =====
01-15 20:02:38.642 12366 12399 I AdrenoVK-0: ===== END DUMP OF OVERRIDDEN SETTINGS =====
01-15 20:02:38.642 28027 30154 D DataMetrics5gSa: invokeOemRilRequestRaw: DefaultDataSubId= 1
01-15 20:02:38.644 12366 12399 D qdgralloc: Fetching IMapper5 from QtiMapper5
01-15 20:02:38.644 28027 30154 D DataMetrics5gSa: invokeOemRilRequestRaw: resp= 47
01-15 20:02:38.644 28027 30154 D DataMetrics5gSa: getResultsFromBytes(): resultString=-2|-2|-2|0|-2|-2|-999|-999|-999|-999|-999|-999|
01-15 20:02:38.644 28027 30154 D DataMetrics5gSa: invokeOemRilRequestRaw: msg= 3, resultFromCp= [-2, -2, -2, 0, -2, -2, -999, -999, -999, -999, -999, -999, -2]
01-15 20:02:38.644 28027 30154 D DataMetrics5gSa: getCommonRFConfig: Transmission mode = -2
01-15 20:02:38.644 28027 30154 D DataMetrics5gSa: invokeOemRilRequestRaw: DefaultDataSubId= 1
01-15 20:02:38.644 12366 12366 D nativeloader: Load /data/app/~~YoKgp145yHLeeqhXobE0oQ==/com.anonymous.dungeoncrawler-01paK_x9LljgV78scPzfrQ==/base.apk!/lib/arm64-v8a/libc++_shared.so using class loader ns clns-9 (caller=/data/app/~~YoKgp145yHLeeqhXobE0oQ==/com.anonymous.dungeoncrawler-01paK_x9LljgV78scPzfrQ==/base.apk!classes2.dex): ok
01-15 20:02:38.646 28027 30154 D DataMetrics5gSa: invokeOemRilRequestRaw: resp= 36
01-15 20:02:38.646 28027 30154 D DataMetrics5gSa: getResultsFromBytes(): resultString=-2|-2|-2|-2|-2|-2|-2|-2|-2|-2|-2|-2|
01-15 20:02:38.646 28027 30154 D DataMetrics5gSa: invokeOemRilRequestRaw: msg= 6, resultFromCp= [-2, -2, -2, -2, -2, -2, -2, -2, -2, -2, -2, -2, -2]
01-15 20:02:38.646 12366 12366 D nativeloader: Load /data/app/~~YoKgp145yHLeeqhXobE0oQ==/com.anonymous.dungeoncrawler-01paK_x9LljgV78scPzfrQ==/base.apk!/lib/arm64-v8a/libjsi.so using class loader ns clns-9 (caller=/data/app/~~YoKgp145yHLeeqhXobE0oQ==/com.anonymous.dungeoncrawler-01paK_x9LljgV78scPzfrQ==/base.apk!classes2.dex): ok
01-15 20:02:38.647 28027 30154 D DataMetrics5gSa: getCurrentNetworkType(): default on currNetwork=18
01-15 20:02:38.647 28027 30154 D DataMetrics5gSa: getCurrentNetworkType(): ret=-2
01-15 20:02:38.647 28027 30154 D DataMetrics5gSa: CellInfo : currNetworkType: -2
01-15 20:02:38.647 28027 30154 D DataMetrics5gSa: CellInfo : current network is not available
01-15 20:02:38.647 28027 30154 D DataMetrics5gSa: invokeOemRilRequestRaw: DefaultDataSubId= 1
01-15 20:02:38.647 12366 12366 D nativeloader: Load /data/app/~~YoKgp145yHLeeqhXobE0oQ==/com.anonymous.dungeoncrawler-01paK_x9LljgV78scPzfrQ==/base.apk!/lib/arm64-v8a/libfbjni.so using class loader ns clns-9 (caller=/data/app/~~YoKgp145yHLeeqhXobE0oQ==/com.anonymous.dungeoncrawler-01paK_x9LljgV78scPzfrQ==/base.apk!classes2.dex): ok
01-15 20:02:38.648 12366 12366 D nativeloader: Load /data/app/~~YoKgp145yHLeeqhXobE0oQ==/com.anonymous.dungeoncrawler-01paK_x9LljgV78scPzfrQ==/base.apk!/lib/arm64-v8a/libhermes.so using class loader ns clns-9 (caller=/data/app/~~YoKgp145yHLeeqhXobE0oQ==/com.anonymous.dungeoncrawler-01paK_x9LljgV78scPzfrQ==/base.apk!classes2.dex): ok
01-15 20:02:38.648 28027 30154 D DataMetrics5gSa: invokeOemRilRequestRaw: resp= 101
01-15 20:02:38.648 28027 30154 D DataMetrics5gSa: getResultsFromBytes(): resultString=-110|-11|-1|-99|-150|-50|-50|-50|-150|-50|-50|-50|-150|-50|-50|-50|-150|-50|-50|-50|-150|-50|-50|-50|
01-15 20:02:38.648 28027 30154 D DataMetrics5gSa: invokeOemRilRequestRaw: msg= 2, resultFromCp= [-110, -11, -1, -99, -150, -50, -50, -50, -150, -50, -50, -50, -150, -50, -50, -50, -150, -50, -50, -50, -150, -50, -50, -50, -2]
01-15 20:02:38.648 28027 30154 D DataMetrics5gSa: invokeOemRilRequestRaw: DefaultDataSubId= 1
01-15 20:02:38.651 28027 30154 D DataMetrics5gSa: invokeOemRilRequestRaw: resp= 19
01-15 20:02:38.651 28027 30154 D DataMetrics5gSa: getResultsFromBytes(): resultString=383|-1|-1|-1|-1|-1|
01-15 20:02:38.651 28027 30154 D DataMetrics5gSa: invokeOemRilRequestRaw: msg= 1, resultFromCp= [383, -1, -1, -1, -1, -1, -2]
01-15 20:02:38.651 28027 30154 D DataMetrics5gSa: getDlCarrierLog(): 1
01-15 20:02:38.651 28027 30154 D DataMetrics5gSa: getDlCarrierLog(): 0 == DlCarrierLog{techType='NR', bandNumber='n25', arfcn=396250, bandWidth=20.0, isPrimary=1, isEndcAnchor=2, modulationType='-2', transmissionMode=-2, numberLayers=-2, cellId=-2, pci=383, tac=-2, lac=-2, rsrp=-110.0, rsrq=-11.0, rssi=-99.0, rscp=-1.0, sinr=-1.0, csiRsrp=-1.0, csiRsrq=-1.0, csiRssi=-1.0, csiSinr=-1.0}
01-15 20:02:38.651 28027 30154 D DataMetrics5gSa: invokeOemRilRequestRaw: DefaultDataSubId= 1
01-15 20:02:38.651 12366 12366 D nativeloader: Load /data/app/~~YoKgp145yHLeeqhXobE0oQ==/com.anonymous.dungeoncrawler-01paK_x9LljgV78scPzfrQ==/base.apk!/lib/arm64-v8a/libreactnative.so using class loader ns clns-9 (caller=/data/app/~~YoKgp145yHLeeqhXobE0oQ==/com.anonymous.dungeoncrawler-01paK_x9LljgV78scPzfrQ==/base.apk!classes2.dex): ok
01-15 20:02:38.652 12366 12366 D jni_lib_merge: Entering merged library JNI_OnLoad.
01-15 20:02:38.652 12366 12366 D jni_lib_merge: Preparing 12 pre-merged libs (including stub)
01-15 20:02:38.652 12366 12366 D jni_lib_merge: Preparing to register libfabricjni_so.  onload_func: 0x77d98f622c
01-15 20:02:38.652 12366 12366 D jni_lib_merge: Preparing to register libmapbufferjni_so.  onload_func: 0x77d9941514
01-15 20:02:38.652 12366 12366 D jni_lib_merge: Preparing to register libreact_devsupportjni_so.  onload_func: 0x77d99b8bac
01-15 20:02:38.652 12366 12366 D jni_lib_merge: Preparing to register libreact_featureflagsjni_so.  onload_func: 0x77d99bfafc
01-15 20:02:38.652 12366 12366 D jni_lib_merge: Preparing to register libreact_newarchdefaults_so.  onload_func: 0x77d99e2dc8
01-15 20:02:38.652 12366 12366 D jni_lib_merge: Preparing to register libreactnativeblob_so.  onload_func: 0x77d9a6b12c
01-15 20:02:38.652 12366 12366 D jni_lib_merge: Preparing to register libreactnativejni_so.  onload_func: 0x77d9a89a74
01-15 20:02:38.652 12366 12366 D jni_lib_merge: Preparing to register librninstance_so.  onload_func: 0x77d9aa3c78
01-15 20:02:38.652 12366 12399 I SnapAlloc: Graphics lib is available
01-15 20:02:38.652 12366 12366 D jni_lib_merge: Preparing to register libturbomodulejsijni_so.  onload_func: 0x77d9b02e48
01-15 20:02:38.652 12366 12366 D jni_lib_merge: Preparing to register libuimanagerjni_so.  onload_func: 0x77d9b0a6c0
01-15 20:02:38.652 12366 12366 D jni_lib_merge: Preparing to register libyoga_so.  onload_func: 0x77d9b0f970
01-15 20:02:38.652 12366 12366 D jni_lib_merge: About to register 11 actual methods.
01-15 20:02:38.652 12366 12366 D nativeloader: Load /data/app/~~YoKgp145yHLeeqhXobE0oQ==/com.anonymous.dungeoncrawler-01paK_x9LljgV78scPzfrQ==/base.apk!/lib/arm64-v8a/libhermestooling.so using class loader ns clns-9 (caller=/data/app/~~YoKgp145yHLeeqhXobE0oQ==/com.anonymous.dungeoncrawler-01paK_x9LljgV78scPzfrQ==/base.apk!classes2.dex): ok
01-15 20:02:38.652 12366 12366 D jni_lib_merge: Entering merged library JNI_OnLoad.
01-15 20:02:38.652 12366 12366 D jni_lib_merge: Preparing 4 pre-merged libs (including stub)
01-15 20:02:38.652 12366 12366 D jni_lib_merge: Preparing to register libhermes_executor_so.  onload_func: 0x77dfa5d780
01-15 20:02:38.652 12366 12366 D jni_lib_merge: Preparing to register libhermesinstancejni_so.  onload_func: 0x77dfa64178
01-15 20:02:38.652 12366 12366 D jni_lib_merge: Preparing to register libjsijniprofiler_so.  onload_func: 0x77dfa64834
01-15 20:02:38.652 12366 12366 D jni_lib_merge: About to register 3 actual methods.
01-15 20:02:38.652 12366 12366 W SoLoader: SoLoader already initialized
01-15 20:02:38.653 28027 30154 D DataMetrics5gSa: invokeOemRilRequestRaw: resp= 32
01-15 20:02:38.653 28027 30154 D DataMetrics5gSa: getResultsFromBytes(): resultString=1|1|381000|20|n25|-999|-2|-2|-2|
01-15 20:02:38.653 28027 30154 D DataMetrics5gSa: invokeOemRilRequestRaw: msg= 5, resultFromCp= [1, 1, 381000, 20, n25, -999, -2, -2, -2, -2]
01-15 20:02:38.653 28027 30154 D DataMetrics5gSa: cpTechType: ret=NR
01-15 20:02:38.653 28027 30154 D DataMetrics5gSa: getUlCarrierLog(): com.tmobile.echolocate.DataMetrics5gSa$UlCarrierLog@abf1b48
01-15 20:02:38.654 28027 30154 D DataMetrics5gSa: getNetworkTypeWithENDC(): default on currNetwork=18
01-15 20:02:38.654 28027 30154 D DataMetrics5gSa: getNetworkTypeWithENDC(): ret=-2
01-15 20:02:38.654 28027 30154 D DataMetrics5gSa: getRrcLog getNetworkTypeWithENDC(): =-2
01-15 20:02:38.654 28027 30154 D DataMetrics5gSa: getRrcLog():  lteRrcState=-1, nrRrcState=-1
01-15 20:02:38.654 28027 30154 D DataMetrics5gSa: getMccMnc(): ret=310260
01-15 20:02:38.654 12366 12366 D DesktopModeFlags: Toggle override initialized to: OVERRIDE_UNSET
01-15 20:02:38.654 28027 30154 D DataMetrics5gSa: getCurrentNetworkType(): default on currNetwork=18
01-15 20:02:38.654 28027 30154 D DataMetrics5gSa: getCurrentNetworkType(): ret=-2
01-15 20:02:38.655 28027 30154 D DataMetrics5gSa: getCurrentNetworkType(): default on currNetwork=18
01-15 20:02:38.655 28027 30154 D DataMetrics5gSa: getCurrentNetworkType(): ret=-2
01-15 20:02:38.656 12366 12366 I DecorView: setWindowBackground: isPopOver=false color=fffafafa d=android.graphics.drawable.ColorDrawable@9fc3f9c
01-15 20:02:38.656 28027 30154 D DataMetrics5gSa: getCurrentNetworkType(): default on currNetwork=18
01-15 20:02:38.656 28027 30154 D DataMetrics5gSa: getCurrentNetworkType(): ret=-2
01-15 20:02:38.656 28027 30154 D DataMetrics5gSa: getCurrentNetworkType(): default on currNetwork=18
01-15 20:02:38.656 28027 30154 D DataMetrics5gSa: getCurrentNetworkType(): ret=-2
01-15 20:02:38.656 28027 30154 D DataMetrics5gSa: getEndcUplinkLog(): mcc=310, mnc=260, endcCapability=-1, endcConnectionStatus=-1
01-15 20:02:38.656 12366 12399 I Adreno-UNKNOWN: Using previously loaded IMapper library.
01-15 20:02:38.657 28027 30154 D DataMetrics5gSa: getCurrentNetworkType(): default on currNetwork=18
01-15 20:02:38.657 28027 30154 D DataMetrics5gSa: getCurrentNetworkType(): ret=-2
01-15 20:02:38.658 28027 30154 D DataMetrics5gSa: getCurrentNetworkType(): default on currNetwork=18
01-15 20:02:38.658 28027 30154 D DataMetrics5gSa: getCurrentNetworkType(): ret=-2
01-15 20:02:38.658 28027 30154 D DataMetrics5gSa: get5gUiLog(): default on uiNetworkType=NA
01-15 20:02:38.658 28027 30154 D DataMetrics5gSa: getDataActivityType(): ret=BOTH_OFF
01-15 20:02:38.659 12366 12399 I AdrenoVK-0: QUALCOMM build          : e4a2ccdb56, Icac6f3510c
01-15 20:02:38.659 12366 12399 I AdrenoVK-0: Build Date              : 07/21/25
01-15 20:02:38.659 12366 12399 I AdrenoVK-0: Shader Compiler Version : E031.47.18.36
01-15 20:02:38.659 12366 12399 I AdrenoVK-0: Local Branch            : 
01-15 20:02:38.659 12366 12399 I AdrenoVK-0: Remote Branch           : refs/tags/AU_LINUX_ANDROID_LA.VENDOR.15.4.0.11.00.00.1088.743
01-15 20:02:38.659 12366 12399 I AdrenoVK-0: Remote Branch           : NONE
01-15 20:02:38.659 12366 12399 I AdrenoVK-0: Reconstruct Branch      : NOTHING
01-15 20:02:38.659 12366 12399 I AdrenoVK-0: Build Config            : S P 18.0.0 AArch64
01-15 20:02:38.659 12366 12399 I AdrenoVK-0: Driver Path             : /vendor/lib64/hw/vulkan.adreno.so
01-15 20:02:38.659 12366 12399 I AdrenoVK-0: Driver Version          : 0800.40.1
01-15 20:02:38.659 12366 12399 I AdrenoVK-0: PFP                     : 0x01500077
01-15 20:02:38.659 12366 12399 I AdrenoVK-0: ME                      : 0x01500014
01-15 20:02:38.659 12366 12399 I AdrenoVK-0: Application Name    : android framework
01-15 20:02:38.659 12366 12399 I AdrenoVK-0: Application Version : 0x00000000
01-15 20:02:38.659 12366 12399 I AdrenoVK-0: Engine Name         : android framework
01-15 20:02:38.659 12366 12399 I AdrenoVK-0: Engine Version      : 0x00000000
01-15 20:02:38.659 12366 12399 I AdrenoVK-0: Api Version         : 0x00401000
01-15 20:02:38.659 28027 30154 D DataMetrics5gSa: getUiLog(): timestamp=1768536158659, networkType=-2, uiNetworkType=NA, uiDataTransmission=BOTH_OFF, uiNumberOfAntennaBars=3
01-15 20:02:38.660 12366 12366 D ViewRootImpl: desktopMode is false
01-15 20:02:38.660 12366 12366 I ViewRootImpl: dVRR is disabled
01-15 20:02:38.660 12366 12366 D HardwareRenderer: onDisplayChanged. displayId=0 current wxh=1080x2340 mLargest wxh=0x0
01-15 20:02:38.660 12366 12366 D HardwareRenderer: Set largestWidth and largestHeight as logical resolution. (1080x2340)
01-15 20:02:38.662 12366 12399 D HWUI    : setMaxSurfaceArea requested wxh=(1080,2340) requestedSurfaceArea(2527200) mMaxSurfaceArea(2073600)
01-15 20:02:38.662 12366 12399 D NativeCustomFrequencyManager: [NativeCFMS] BpCustomFrequencyManager::BpCustomFrequencyManager()
01-15 20:02:38.663  2383  6918 D InputTransport: Input channel constructed: '6b31040', fd=1176
01-15 20:02:38.663  2383  6918 D InputTransport: Input channel constructed: '6b31040', fd=1276
01-15 20:02:38.663  2383  6918 D InputTransport: Input channel constructed: '6b31040', fd=1152
01-15 20:02:38.663  2383  6918 D InputTransport: Input channel destroyed: '6b31040', fd=1276
01-15 20:02:38.663  2383  6918 D WindowManager: prepareSync <SYNC_STATE_WAITING_FOR_DRAW>, mPrepareSyncSeqId=0, win=Window{6b31040 u0 com.anonymous.dungeoncrawler/com.anonymous.dungeoncrawler.MainActivity}
01-15 20:02:38.663  1748  1748 I SS_POWER_HINT_SESSION: SS_ADPF 12366-10553-5c10 PowerHintSession createHintSession : , 12421, 12422, 12366, 12399 : 16666667
01-15 20:02:38.663  1868  2006 I SurfaceFlinger: id=45487 createSurf, flag=84004, 6b31040 com.anonymous.dungeoncrawler/com.anonymous.dungeoncrawler.MainActivity#45487
01-15 20:02:38.663  2383  6918 D RestrictionPolicy: isScreenCaptureEnabled : ret=true userId=0
01-15 20:02:38.663  2383  6918 D RestrictionPolicy: isScreenCaptureEnabled : ret=true userId=0
01-15 20:02:38.664  1744  1902 I HYPER-HAL: [RequestManager.cpp]acquire(): Acquired ID : 188071566  [1748 / 17645]    HINT :      list : [TID_LOW_LATENCY / 1] [TID / 12421] [TID / 12422] [TID / 12366] [TID / 12399] 
01-15 20:02:38.664  2383  6918 D InputTransport: Input channel destroyed: '6b31040', fd=1152
01-15 20:02:38.664 12366 12366 D InputTransport: Input channel constructed: '6b31040', fd=111
01-15 20:02:38.664 12366 12421 E perf_hint: Session ID too large, must fit 32-bit integer
01-15 20:02:38.664 12366 12366 I InsetsController: onStateChanged: host=com.anonymous.dungeoncrawler/com.anonymous.dungeoncrawler.MainActivity, from=android.view.ViewRootImpl.onInsetsStateChanged:3026, state=InsetsState: {mDisplayFrame=Rect(0, 0 - 1080, 2340), mDisplayCutout=DisplayCutout{insets=Rect(0, 91 - 0, 0) waterfall=Insets{left=0, top=0, right=0, bottom=0} boundingRect={Bounds=[Rect(0, 0 - 0, 0), Rect(511, 0 - 569, 91), Rect(0, 0 - 0, 0), Rect(0, 0 - 0, 0)]} cutoutPathParserInfo={CutoutPathParserInfo{displayWidth=1080 displayHeight=2340 physicalDisplayWidth=1080 physicalDisplayHeight=2340 density={3.0} cutoutSpec={M 0,0 H -9.666666666666667 V 30.33333333333333 H 9.666666666666667 V 0 H 0 Z @dp} rotation={0} scale={1.0} physicalPixelDisplaySizeRatio={1.0}}} sideOverrides={}}, mRoundedCorners=RoundedCorners{[RoundedCorner{position=TopLeft, radius=102, center=Point(102, 102)}, RoundedCorner{position=TopRight, radius=102, center=Point(978, 102)}, RoundedCorner{position=BottomRight, radius=102, center=Point(978, 2238)}, RoundedCorner{position=BottomLeft, radius=102, center=Point(102, 2238)}]}  mRoundedCornerFrame=Rect(0, 0 - 1080, 2340), mPrivacyIndicatorBounds=PrivacyIndicatorBounds {static bounds=Rect(948, 0 - 1080, 91) rotation=0}, mDisplayShape=DisplayShape{ spec=-311912193 displayWidth=1080 displayHeight=2340 physicalPixelDisplaySizeRatio=1.0 rotation=0 offsetX=0 offsetY=0 scale=1.0}, mSources= { InsetsSource: {a7a60000 mType=statusBars mFrame=[0,0][1080,91] mVisible=true mFlags= mSideHint=TOP mBoundingRects=null}, InsetsSource: {a7a60005 mType=mandatorySystemGestures mFrame=[0,0][1080,127] mVisible=true mFlags= mSideHint=TOP mBoundingRects=null}, InsetsSource: {a7a60006 mType=tappableElement mFrame=[0,0][1080,91] mVisible=true mFlags= mSideHint=TOP mBoundingRects=null}, InsetsSource: {ae5b0001 mType=navigationBars mFrame=[0,2196][1080,2340] mVisible=false mFlags= mSideHint=BOTTOM mBoundingRects=null}, InsetsSource: {ae5b0004 mType=systemGestures mFrame=[0,0][0,0] mVisible=true mFlags= mSideHint=NONE mBoundingRects=null}, InsetsSource: {ae5b0005 mType=mandatorySystemGestures mFrame=[0,2196][1080,2340] mVisible=true mFlags= mSideHint=BOTTOM mBoundingRects=null}, InsetsSource: {ae5b0006 mType=tappableElement mFrame=[0,2196][1080,2340] mVisible=true mFlags= mSideHint=BOTTOM mBoundingRects=null}, InsetsSource: {ae5b0024 mType=systemGestures mFrame=[0,0][0,0] mVisible=true mFlags= mSideHint=NONE mBoundingRects=null}, InsetsSource: {3 mType=ime mFrame=[0,0][0,0] mVisible=false mFlags= mSideHint=NONE mBoundingRects=null}, InsetsSource: {27 mType=displayCutout mFrame=[0,0][1080,91] mVisible=true mFlags= mSideHint=TOP mBoundingRects=null} }
01-15 20:02:38.664 12366 12366 I VRI[MainActivity]@f4942d0: synced displayState. AttachInfo displayState=1
01-15 20:02:38.664 12366 12366 I VRI[MainActivity]@f4942d0: setView = com.android.internal.policy.DecorView@8053f19 IsHRR=false mFlingFrameRateChange=0 TM=true
01-15 20:02:38.664 12366 12366 I IDS_TAG : Starting IDS observe window
01-15 20:02:38.664 12366 12366 I IDS_TAG : Getting Shared Preference for com.anonymous.dungeoncrawler.MainApplication@c582f33 uid = 10553
01-15 20:02:38.665 12366 12366 I IDS_TAG : App com.anonymous.dungeoncrawler.MainApplication@c582f33 has not finished training
01-15 20:02:38.665 12366 12366 I IDS_TAG : Closing IDS observe window
01-15 20:02:38.665 12366 12366 I IDS_TAG : Getting Shared Preference for com.anonymous.dungeoncrawler.MainApplication@c582f33 uid = 10553
01-15 20:02:38.665 12366 12366 I IDS_TAG : IDS count updated to 4 for com.anonymous.dungeoncrawler.MainApplication@c582f33
01-15 20:02:38.665  2383  2878 D SGM:FgCheckThread: notePauseComponent(), received pkgName: com.anonymous.dungeoncrawler, userId: 0
01-15 20:02:38.665  2383  3412 I CocktailBarManagerServiceContainer: handleMessage: entry what = 6
01-15 20:02:38.665  2383  3422 D BackgroundInstallControlService: Package event received: 0
01-15 20:02:38.666  2383  2463 D CoreBackPreview: Window{6b31040 u0 com.anonymous.dungeoncrawler/com.anonymous.dungeoncrawler.MainActivity}: Setting back callback OnBackInvokedCallbackInfo{mCallback=android.window.IOnBackInvokedCallback$Stub$Proxy@c9aa758, mPriority=0, mIsAnimationCallback=false, mOverrideBehavior=0}
01-15 20:02:38.666  2383  6918 I WindowManager: Relayout Window{6b31040 u0 com.anonymous.dungeoncrawler/com.anonymous.dungeoncrawler.MainActivity}: viewVisibility=0 req=1080x2340 ty=1 d0
01-15 20:02:38.666  1868  2006 I SurfaceFlinger: id=45488 createSurf, flag=44004, com.anonymous.dungeoncrawler/com.anonymous.dungeoncrawler.MainActivity$_12366#45488
01-15 20:02:38.666  2383  6918 D WindowManager: makeSurface duration=1 name=com.anonymous.dungeoncrawler/com.anonymous.dungeoncrawler.MainActivity$_12366
01-15 20:02:38.666  2383  6918 D SurfaceComposerClient: setCornerRadius ## 6b31040 com.anonymous.dungeoncrawler/com.anonymous.dungeoncrawler.MainActivity#45487 cornerRadius=0.000000
01-15 20:02:38.666  2383  6918 D BLASTSyncEngine: SyncGroup 2877:  Unfinished container: ActivityRecord{154313699 u0 com.anonymous.dungeoncrawler/.MainActivity t4772} mSyncState=2
01-15 20:02:38.666  2383  3422 D BackgroundInstallControlService: Package event received: 0
01-15 20:02:38.666  2383  6918 V WindowManager: SyncGroup 2877: Finished!
01-15 20:02:38.666  2383  6918 D ChangeTransitionController: onTransactionReady: TransitionRecord{2eeb012 id=2877 type=OPEN flags=0x0 c=[
01-15 20:02:38.666  2383  6918 D ChangeTransitionController:    ChangeInfo{3619b3f container=DefaultTaskDisplayArea_d0@6381202 flags=0x0}
01-15 20:02:38.666  2383  6918 D ChangeTransitionController:    ChangeInfo{f967c0c container=ActivityRecord{154313699 u0 com.anonymous.dungeoncrawler/.MainActivity t4772} flags=0x0}
