01-15 20:13:32.988  2383  7065 D ActivityTaskManager: scheduleTopResumedActivityChanged, onTop=true, r=ActivityRecord{147644650 u0 com.sec.android.app.launcher/.activities.LauncherActivity t4337}, caller=com.android.server.wm.ActivityTaskSupervisor.scheduleTopResumedActivityStateIfNeeded:18 com.android.server.wm.ActivityTaskSupervisor.updateTopResumedActivityIfNeeded:54 com.android.server.wm.TaskFragment.setResumedActivity:30 com.android.server.wm.ActivityRecord.setState:100 com.android.server.wm.TaskFragment.resumeTopActivity:1705 com.android.server.wm.Task.resumeTopActivityInnerLocked:119 
01-15 20:13:32.988  2383  7065 V WindowManager: Collecting in transition 2880: ActivityRecord{147644650 u0 com.sec.android.app.launcher/.activities.LauncherActivity t4337}, caller=com.android.server.wm.TransitionController.collect:7 com.android.server.wm.ActivityRecord.setVisibility:132 com.android.server.wm.ActivityRecord.makeInvisible:32 com.android.server.wm.EnsureActivitiesVisibleHelper.process:542 com.android.server.wm.TaskFragment.updateActivityVisibilities:12 
01-15 20:13:32.989  2383  7065 V WindowManager: Computed rotation=ROTATION_0 (0) for display id=0 based on lastOrientation=SCREEN_ORIENTATION_NOSENSOR (5) and oldRotation=ROTATION_0 (0), caller=com.android.server.wm.DisplayRotation.updateOrientation:79 com.android.server.wm.DisplayContent.updateOrientation:41 com.android.server.wm.DisplayContent.updateOrientationAndComputeConfig:48 com.android.server.wm.RootWindowContainer.ensureVisibilityAndConfig:7 com.android.server.wm.TaskFragment.resumeTopActivity:1724 com.android.server.wm.Task.resumeTopActivityInnerLocked:119 
01-15 20:13:32.989  2383  7065 D ActivityTaskManager: scheduleTopResumedActivityChanged, onTop=false, r=ActivityRecord{147644650 u0 com.sec.android.app.launcher/.activities.LauncherActivity t4337}, caller=com.android.server.wm.ActivityTaskSupervisor.scheduleTopResumedActivityStateLossIfNeeded:19 com.android.server.wm.ActivityTaskSupervisor.updateTopResumedActivityIfNeeded:20 com.android.server.wm.TaskFragment.setResumedActivity:30 com.android.server.wm.ActivityRecord.setState:91 com.android.server.wm.TaskFragment.startPausing$1:209 com.android.server.wm.Task$$ExternalSyntheticLambda37.accept:150 
01-15 20:13:32.989  2383  7065 D DeviceReportingSecurityChecker: getStatus
01-15 20:13:32.989  2383  7065 D DeviceReportingSecurityChecker: mIsICDStatus is true
01-15 20:13:32.989  2383  7065 D DeviceReportingSecurityChecker: mIsSim is true
01-15 20:13:32.989  2383  7065 D DeviceReportingSecurityChecker: mIsEchoAppSignature is true
01-15 20:13:32.989  2383  7065 D DeviceReportingSecurityChecker: security check passed
01-15 20:13:32.989  2383  7065 D DeviceReportingSecurityChecker: mIsICDStatus === true mIsSim == true mIsMyAccountSignature== false mIsEchoAppSignature== true mIsSprintHubSignature== false
01-15 20:13:32.989  2383  7065 D DeviceReportingSecurityChecker: getStatus
01-15 20:13:32.989  2383  7065 D DeviceReportingSecurityChecker: mIsICDStatus is true
01-15 20:13:32.989  2383  7065 D DeviceReportingSecurityChecker: mIsSim is true
01-15 20:13:32.989  2383  7065 D DeviceReportingSecurityChecker: mIsEchoAppSignature is true
01-15 20:13:32.989  2383  7065 D DeviceReportingSecurityChecker: security check passed
01-15 20:13:32.989  2383  7065 D DeviceReportingSecurityChecker: mIsICDStatus === true mIsSim == true mIsMyAccountSignature== false mIsEchoAppSignature== true mIsSprintHubSignature== false
01-15 20:13:32.989  4520  4520 I VRI[LauncherActivity]@d355503: stopped(false) old = true
01-15 20:13:32.990  4520  4520 I HoneySpace.Launcher: !@Boot_EBS_D: Launcher.onStart()
01-15 20:13:32.990  1744  1902 I HYPER-HAL: [RequestManager.cpp]acquire(): Acquired ID : 188168551  [1748 / 17650]    HINT :      list : [UCLAMP_MIN_BOOST / 0] [TIMEOUT / 350] [TID / 7154] [TID / 7155] [TID / 4520] [TID / 7042] 
01-15 20:13:32.990  2383  4229 V WindowManager: Starting Transition 2880, caller=com.android.server.wm.WindowOrganizerController.startTransition:47 com.android.server.wm.WindowOrganizerController.startTransition:1 android.window.IWindowOrganizerController$Stub.onTransact:259 
01-15 20:13:32.990  4520  4520 I HoneySpace.Launcher: !@Boot_EBS_D: Launcher.onResume()
01-15 20:13:32.990  2383  4229 D BLASTSyncEngine: SyncGroup 2880: Set ready true, caller=com.android.server.wm.BLASTSyncEngine.setReady:32 com.android.server.wm.Transition.applyReady:54 com.android.server.wm.Transition.start:105 com.android.server.wm.WindowOrganizerController.startTransition:47 com.android.server.wm.WindowOrganizerController.startTransition:1 android.window.IWindowOrganizerController$Stub.onTransact:259 
01-15 20:13:32.990 14345 14345 W WindowOnBackDispatcher: sendCancelIfRunning: isInProgress=false callback=android.view.ViewRootImpl$$ExternalSyntheticLambda16@63cf524
01-15 20:13:32.990  4520  4520 I HoneySpace.Launcher: updateLauncherShowing false -> true
01-15 20:13:32.990  2383  2876 D ActivityManager: !@AM_BOOT_PROGRESS , ensureBootCompleted booting:false /enableScreen:false /caller:com.android.server.am.ActivityManagerService.ensureBootCompleted:47 com.android.server.am.ActivityManagerService$UiHandler.handleMessage$com$android$server$am$ActivityManagerService$UiHandler:614 
01-15 20:13:32.990  4520  4520 I HoneySpace.ShellTransitionManager: myHomeResumed
01-15 20:13:32.990 14345 14364 D HWUI    : CacheManager::trimMemory(20)
01-15 20:13:32.990  4520  4520 I HoneySpace.ResumeTimer: last resume updated : 382816249
01-15 20:13:32.990  4520 13533 I HoneySpace.Memory-Monitor: cancelTrimIfNeeded
01-15 20:13:32.990  4520  4520 I SearchHoneyPot: onViewCreated: onResume
01-15 20:13:32.990  4520 10169 I HoneySpace.LiveIconSupplier: time tick - 61, CLOCK, 20:13 - 20:02, view: #e1e8bb8, parent: ApplistCellLayout#9e3bd91
01-15 20:13:32.991  4520 30433 I HoneySpace.PredictionDataSourceImpl: requestPredictionUpdate 0 true
01-15 20:13:32.991  2383  2879 V WindowManager: SyncGroup 2880: Finished!
01-15 20:13:32.991  4520 13533 I HoneySpace.Memory-Monitor: updateMaxHeap isHighScreenSize=false
01-15 20:13:32.991  2383  2879 D ChangeTransitionController: onTransactionReady: TransitionRecord{47b8c45 id=2880 type=CLOSE flags=0x10 c=[
01-15 20:13:32.991  2383  2879 D ChangeTransitionController:    ChangeInfo{ccda7c1 container=DefaultTaskDisplayArea_d0@6381202 flags=0x0}
01-15 20:13:32.991  2383  2879 D ChangeTransitionController:    ChangeInfo{cf36b66 container=Task{8764bfc #4773 type=standard A=10553:com.anonymous.dungeoncrawler} flags=0x0}
01-15 20:13:32.991  2383  2879 D ChangeTransitionController:    ChangeInfo{541fea7 container=ActivityRecord{147644650 u0 com.sec.android.app.launcher/.activities.LauncherActivity t4337} flags=0x0}
01-15 20:13:32.991  2383  2879 D ChangeTransitionController:    ChangeInfo{4da7f54 container=Display{#0 state=OFF size=1080x2340 ROTATION_0} flags=0x0}
01-15 20:13:32.991  2383  2879 D ChangeTransitionController:    ChangeInfo{2cbfefd container=Task{abf3fdb #4337 type=home I=com.sec.android.app.launcher/.activities.LauncherActivity} flags=0x0}
01-15 20:13:32.991  2383  2879 D ChangeTransitionController:    ChangeInfo{d3ad7f2 container=Task{f219358 #1 type=home} flags=0x0}
01-15 20:13:32.991  2383  2879 D ChangeTransitionController: ]
01-15 20:13:32.991  2383  2879 D ChangeTransitionController: }
01-15 20:13:32.991  4520 13533 I HoneySpace.Memory-Monitor: PROPERTY_HOME_MEMORY_CACHE_LEVEL: -1
01-15 20:13:32.991  4520 13533 I HoneySpace.Memory-Monitor: updateGraphicResourceCache curMemoryCacheLevel=1
01-15 20:13:32.991  2383  2879 V WindowManager: Start calculating TransitionInfo based on participants: {Task{8764bfc #4773 type=standard A=10553:com.anonymous.dungeoncrawler}, ActivityRecord{147644650 u0 com.sec.android.app.launcher/.activities.LauncherActivity t4337}, Task{abf3fdb #4337 type=home I=com.sec.android.app.launcher/.activities.LauncherActivity}, Task{f219358 #1 type=home}}
01-15 20:13:32.991  2383  2879 V WindowManager:   Final targets: []
01-15 20:13:32.991  2383  2879 V WindowManager: Calling onTransitionReady: {id=2880 t=CLOSE f=0x50 trk=0 r=[] c=[]}
01-15 20:13:32.991  3719  9591 V WindowManagerShell: onTransitionReady(transaction=10234907321600)
01-15 20:13:32.991  2383  7446 D CoreBackPreview: Window{7b103d5 u0 com.anonymous.dungeoncrawler/com.anonymous.dungeoncrawler.MainActivity}: Setting back callback null
01-15 20:13:32.991  4520  7391 I HoneySpace.HoneyAppWidgetHost: called startListening, host: caab75e, hostId: 1024
01-15 20:13:32.991  4520  7391 I AppWidgetHost: semStartListening()
01-15 20:13:32.991 14345 14345 I VRI[MainActivity]@16d02c9: dispatchDetachedFromWindow
01-15 20:13:32.991  2383  6918 D InputTransport: Input channel destroyed: '7b103d5', fd=1525
01-15 20:13:32.991  2383  6918 V WindowManager: Remove Window{7b103d5 u0 com.anonymous.dungeoncrawler/com.anonymous.dungeoncrawler.MainActivity}: mSurfaceControl=null mAnimatingExit=false mRemoveOnExit=false mHasSurface=false surfaceShowing=false animating=false app-animation=false callers=com.android.server.wm.Session.remove:16 android.view.IWindowSession$Stub.onTransact:804 com.android.server.wm.Session.onTransact:1 android.os.Binder.execTransactInternal:1457 android.os.Binder.execTransact:1401 <bottom of call stack> 
01-15 20:13:32.991  4520 12151 I HoneySpace.SPayHandler: updateSpayHandler launcher activity is paused false
01-15 20:13:32.991  2383  6918 D RestrictionPolicy: isScreenCaptureEnabled : ret=true userId=0
01-15 20:13:32.991  4520  4520 I HoneySpace.Launcher: !@Boot_EBS_D: Launcher.onPause()
01-15 20:13:32.992  4520  4520 I HoneySpace.Launcher: updateLauncherShowing true -> false
01-15 20:13:32.992  3719  3719 I {OngoingActivityController}: onTaskFocusChanged but OA data is empty
01-15 20:13:32.992 14345 14345 D InputTransport: Input channel destroyed: '7b103d5', fd=111
01-15 20:13:32.992  4520 30433 I HoneySpace.PredictionDataSourceImpl: requestPredictionUpdate 1 true
01-15 20:13:32.992  4520 10169 I LauncherActivityInfo: Trying to load live icon for com.sec.android.app.clockpackage
01-15 20:13:32.992 14345 14393 I Process : Sending signal. PID: 14345 SIG: 9
01-15 20:13:32.992  2383  4229 I AppWidgetServiceImpl: startListening() 
01-15 20:13:32.993  3719  3866 V WindowManagerShell: onTransitionReady (#2880) android.os.BinderProxy@3814525: {id=2880 t=CLOSE f=0x50 trk=0 r=[] c=[]}
01-15 20:13:32.993  2383  4229 I AppWidgetServiceImpl: startListening callbacks : com.android.internal.appwidget.IAppWidgetHost$Stub$Proxy@95e8df9 intervalEnsure:631007679 intervalHostLock:631007679 LhostId:HostId{user:0, app:10153, hostId:1024, pkg:com.sec.android.app.launcher}
01-15 20:13:32.993  3719  3866 V ShellDesktopMode: DesktopModeLogger: taskInfo map after processing changes 0
01-15 20:13:32.993  2383  4229 I AppWidgetServiceImpl: startListening() finish
01-15 20:13:32.993  3719  3866 V WindowManagerShell: No transition roots in (#2880) android.os.BinderProxy@3814525@0 so abort
01-15 20:13:32.993  3719  3866 I SurfaceControlRegistry: apply, t=StartTransaction_SyncId<2880>, caller=android.view.SurfaceControl$Transaction.apply:3459 android.view.SurfaceControl$Transaction.apply:3447 android.view.SurfaceControl$Transaction.apply:3397 com.android.wm.shell.transition.Transitions.processReadyQueue:196 com.android.wm.shell.transition.Transitions.onAbort:85 com.android.wm.shell.transition.Transitions.dispatchReady:326 
01-15 20:13:32.993  3719  3866 V WindowManagerShell: Transition animation finished (aborted=true), notifying core (#2880) android.os.BinderProxy@3814525@0
01-15 20:13:32.993  3719  3866 I SurfaceControlRegistry: apply, t=FinishTransaction_SyncId<2880>, caller=android.view.SurfaceControl$Transaction.apply:3459 android.view.SurfaceControl$Transaction.apply:3447 android.view.SurfaceControl$Transaction.apply:3397 com.android.wm.shell.transition.Transitions.onFinish:315 com.android.wm.shell.transition.Transitions.processReadyQueue:201 com.android.wm.shell.transition.Transitions.onAbort:85 
01-15 20:13:32.993  2383  3412 I CocktailBarManagerServiceContainer: handleMessage: entry what = 5
01-15 20:13:32.993  1868  2006 I SurfaceFlinger: id=45495 createSurf, flag=24004, Task=4773#45495
01-15 20:13:32.994  2383  2875 V WindowManager: Sent Transition (#2880) createdAt=01-15 20:13:32.986 via request=TransitionRequestInfo { type = CLOSE, triggerTask = TaskInfo{userId=0 taskId=4773 effectiveUid=10553 displayId=0 isRunning=true baseIntent=Intent { flg=0x10000000 cmp=com.anonymous.dungeoncrawler/.MainActivity } baseActivity=ComponentInfo{com.anonymous.dungeoncrawler/com.anonymous.dungeoncrawler.MainActivity} topActivity=ComponentInfo{com.anonymous.dungeoncrawler/com.anonymous.dungeoncrawler.MainActivity} origActivity=null realActivity=ComponentInfo{com.anonymous.dungeoncrawler/com.anonymous.dungeoncrawler.MainActivity} numActivities=1 lastActiveTime=631007562 supportsMultiWindow=true resizeMode=1 isResizeable=true minWidth=-1 minHeight=-1 maxWidth=-1 maxHeight=-1 defaultMinSize=220 desktopDefaultMinSize=304 token=WCT{RemoteToken{b935a42 Task{8764bfc #4773 type=standard A=10553:com.anonymous.dungeoncrawler}}} topActivityType=1 pictureInPictureParams=null shouldDockBigOverlays=false launchIntoPipHostTaskId=-1 lastParentTaskIdBeforePip=-1 displayCutoutSafeInsets=Rect(0, 91 - 0, 0) topActivityInfo=ActivityInfo{449ba53 com.anonymous.dungeoncrawler.MainActivity} launchCookies=[] positionInParent=Point(0, 0) parentTaskId=-1 isFocused=true isVisible=false isVisibleRequested=false isTopActivityNoDisplay=false isSleeping=true locusId=null displayAreaFeatureId=1 isTopActivityTransparent=false isActivityStackTransparent=false lastNonFullscreenBounds=Rect(81, 558 - 999, 1728) capturedLink=null capturedLinkTimestamp=0 requestedVisibleTypes=-9 topActivityRequestOpenInBrowserEducationTimestamp=0 appCompatTaskInfo=AppCompatTaskInfo { topActivityInSizeCompat=false eligibleForLetterboxEducation= false isLetterboxEducationEnabled= false isLetterboxDoubleTapEnabled= false eligibleForUserAspectRatioButton= false topActivityBoundsLetterboxed= false isFromLetterboxDoubleTap= false topActivityLetterboxVerticalPosition= -1 topActivityLetterboxHorizontalPosition= -1 topActivityLetterboxWidth=-1 topActivityLetterboxHeight=-1 topActivityAppBounds=Rect(0, 91 - 1080, 2196) isUserFullscreenOverrideEnabled=false isSystemFullscreenOverrideEnabled=false hasMinAspectRatioOverride=false topActivityLetterboxBounds=null cameraCompatTaskInfo=CameraCompatTaskInfo { freeformCameraCompatMode=inactive} topActivityBounds=null topActivityInDisplayCompat=false singleTapFromLetterbox=false} topActivityMainWindowFrame=null originallySupportedMultiWindow=true hasWallpaper=false rootAffinity=10553:com.anonymous.dungeoncrawler isTopTaskInStage=false CoverLauncherWidgetTask=false LaunchedFromAppsCoverLauncherTask=false LaunchedFromMultistarCoverLauncherTask=false isAllowedSeamlessRotation=false isTopTransparentActivity=false isAliasManaged=false hasConfigChanged=false snappingGuideBounds=null isAiKeyRemoveAppTask=false lastDesktopWindowingBounds=null lastExternalDesktopWindowingBounds=null safeCutoutInsets=null}, pipChange = null, remoteTransition = null, displayChange = null, flags = 16, debugId = 2880 }
01-15 20:13:32.994  2383  7065 D ActivityTaskManager: Top Process State changed to PROCESS_STATE_TOP_SLEEPING#2
01-15 20:13:32.994  2383  7065 D DeviceReportingSecurityChecker: getStatus
01-15 20:13:32.994  2383  7065 D DeviceReportingSecurityChecker: mIsICDStatus is true
01-15 20:13:32.994  2383  7065 D DeviceReportingSecurityChecker: mIsSim is true
01-15 20:13:32.994  2383  7065 D DeviceReportingSecurityChecker: mIsEchoAppSignature is true
01-15 20:13:32.994  2383  7065 D DeviceReportingSecurityChecker: security check passed
01-15 20:13:32.994  2383  7065 D DeviceReportingSecurityChecker: mIsICDStatus === true mIsSim == true mIsMyAccountSignature== false mIsEchoAppSignature== true mIsSprintHubSignature== false
01-15 20:13:32.994  2383  7065 D DeviceReportingSecurityChecker: getStatus
01-15 20:13:32.994  2383  7065 D DeviceReportingSecurityChecker: mIsICDStatus is true
01-15 20:13:32.994  2383  7065 D DeviceReportingSecurityChecker: mIsSim is true
01-15 20:13:32.994  2383  7065 D DeviceReportingSecurityChecker: mIsEchoAppSignature is true
01-15 20:13:32.994  2383  7065 D DeviceReportingSecurityChecker: security check passed
01-15 20:13:32.994  2383  7065 D DeviceReportingSecurityChecker: mIsICDStatus === true mIsSim == true mIsMyAccountSignature== false mIsEchoAppSignature== true mIsSprintHubSignature== false
01-15 20:13:32.994  2383  2875 V WindowManager:     startWCT=WindowContainerTransaction { changes= {} hops= [] errorCallbackToken=null taskFragmentOrganizer=null }
01-15 20:13:32.994  2383  2875 V WindowManager:     info={id=2880 t=CLOSE f=0x50 trk=0 r=[] c=[]}
01-15 20:13:32.994  2383  3951 V WindowManager: Finish Transition: TransitionRecord{47b8c45 id=2880 type=CLOSE flags=0x50 c=[
01-15 20:13:32.994  2383  3951 V WindowManager:    ChangeInfo{ccda7c1 container=DefaultTaskDisplayArea_d0@6381202 flags=0x0}
01-15 20:13:32.994  2383  3951 V WindowManager:    ChangeInfo{cf36b66 container=Task{8764bfc #4773 type=standard A=10553:com.anonymous.dungeoncrawler} flags=0x0}
01-15 20:13:32.994  2383  3951 V WindowManager:    ChangeInfo{541fea7 container=ActivityRecord{147644650 u0 com.sec.android.app.launcher/.activities.LauncherActivity t4337} flags=0x0}
01-15 20:13:32.994  2383  3951 V WindowManager:    ChangeInfo{4da7f54 container=Display{#0 state=OFF size=1080x2340 ROTATION_0} flags=0x0}
01-15 20:13:32.994  2383  3951 V WindowManager:    ChangeInfo{2cbfefd container=Task{abf3fdb #4337 type=home I=com.sec.android.app.launcher/.activities.LauncherActivity} flags=0x20}
01-15 20:13:32.994  2383  3951 V WindowManager:    ChangeInfo{d3ad7f2 container=Task{f219358 #1 type=home} flags=0x20}
01-15 20:13:32.994  2383  3951 V WindowManager: ]
01-15 20:13:32.994  2383  3951 V WindowManager: }, caller=com.android.server.wm.WindowOrganizerController.finishTransitionInner:31 com.android.server.wm.WindowOrganizerController.finishAllTransitions:60 android.window.IWindowOrganizerController$Stub.onTransact:283 
01-15 20:13:32.994  2383  3422 D BackgroundInstallControlService: Package event received: 0
01-15 20:13:32.994  2383  2875 V WindowManager: Finish Transition (#2880): created at 01-15 20:13:32.986 collect-started=0.306ms request-sent=0.473ms started=3.663ms ready=3.658ms sent=4.624ms finished=7.856ms
01-15 20:13:32.994  7000  7000 I DMASA[D]: [FCDetectionService]Enqueue work to FC
01-15 20:13:32.994  2383  3951 D ChangeTransitionController: onTransitionFinished: TransitionRecord{47b8c45 id=2880 type=CLOSE flags=0x50 c=[
01-15 20:13:32.994  2383  3951 D ChangeTransitionController:    ChangeInfo{ccda7c1 container=DefaultTaskDisplayArea_d0@6381202 flags=0x0}
01-15 20:13:32.994  2383  3951 D ChangeTransitionController:    ChangeInfo{cf36b66 container=Task{8764bfc #4773 type=standard A=10553:com.anonymous.dungeoncrawler} flags=0x0}
01-15 20:13:32.994  2383  3951 D ChangeTransitionController:    ChangeInfo{541fea7 container=ActivityRecord{147644650 u0 com.sec.android.app.launcher/.activities.LauncherActivity t4337} flags=0x0}
01-15 20:13:32.994  2383  3951 D ChangeTransitionController:    ChangeInfo{4da7f54 container=Display{#0 state=OFF size=1080x2340 ROTATION_0} flags=0x0}
01-15 20:13:32.994  2383  3951 D ChangeTransitionController:    ChangeInfo{2cbfefd container=Task{abf3fdb #4337 type=home I=com.sec.android.app.launcher/.activities.LauncherActivity} flags=0x20}
01-15 20:13:32.994  2383  3951 D ChangeTransitionController:    ChangeInfo{d3ad7f2 container=Task{f219358 #1 type=home} flags=0x20}
01-15 20:13:32.994  2383  3951 D ChangeTransitionController: ]
01-15 20:13:32.994  2383  3951 D ChangeTransitionController: }
01-15 20:13:32.994  3719  3866 V WindowManagerShell: Track 0 became idle
01-15 20:13:32.994  3719  3866 V WindowManagerShell: All active transition animations finished
01-15 20:13:32.995  4520 30433 I HoneySpace.RecentTasks: onRecentTasksChanged
01-15 20:13:32.995  2383  6918 W JobInfo : Job 'com.sec.android.diagmonagent/.dma.dropbox.FCDetectionService#11419' has a deadline with no functional constraints. The deadline won't improve job execution latency. Consider removing the deadline.
01-15 20:13:32.995  2383  2878 D SGM:GameManager: identifyGamePackage. com.sec.android.app.launcher, mCurrentUserId: 0, callingMethodInfo: com.samsung.android.game.SemGameManager.isGamePackage(SemGameManager.java:106)
01-15 20:13:32.996  2383  2878 D SGM:SemGameManager: isGamePackage(), pkgName=com.sec.android.app.launcher, ret=false
01-15 20:13:32.996  4520  7391 I HoneySpace.HoneyAppWidgetHost: success hidden_semStartListening - result: true, host: caab75e, hostId: 1024
01-15 20:13:32.996  2383  2876 D SGM:GameManager: identifyForegroundApp. com.sec.android.app.launcher, mCurrentUserId: 0, callerUserId: 0
01-15 20:13:32.996  2383  2876 D SGM:SemGameManager: isForegroundGame(), ret=false
01-15 20:13:32.996  2383  2876 D NetworkPolicy: already checked 10153
01-15 20:13:32.996  2383  2876 D FingerprintProvider/default: onForegroundActivitiesChanged: pid = 4520, uid = 10153, foregroundActivities = true
01-15 20:13:32.996  2383  2876 D PkgPredictorService-SecIpmManagerServiceImpl: onForegroundActivitiesChanged pid:4520 uid:10153
01-15 20:13:32.996  8847  8909 I SAMSUNGWALLET: [Hint_ProcessStatusChange] fg Change, pid : 4520 , isNotify : true , isForeground : true , fg list : []
01-15 20:13:32.996  2383  4928 V PkgPredictorService-SecIpmManagerServiceImpl: discard foreground app:com.sec.android.app.launcher 0|true
01-15 20:13:32.996  2383  2876 D SGM:GameManager: identifyForegroundApp. com.sec.android.app.launcher, mCurrentUserId: 0, callerUserId: 0
01-15 20:13:32.996  2383  2876 D SGM:SemGameManager: isForegroundGame(), ret=false
01-15 20:13:32.996  2383  2876 D NetworkPolicy: already checked 10153
01-15 20:13:32.996  2383  2876 D FingerprintProvider/default: onForegroundActivitiesChanged: pid = 4520, uid = 10153, foregroundActivities = true
01-15 20:13:32.996  8847  8909 I SAMSUNGWALLET[US]: [ProcessStatusChange] fg Change, pid : 4520 , isNotify : true , isForeground : true , fg list : [4520, 14345, 8685]
01-15 20:13:32.997  2383  2878 D SGM:FgCheckThread: noteResumeComponent(), received pkgName: com.sec.android.app.launcher, userId: 0
01-15 20:13:32.997  7045 13701 I SDHMS:k : handleResumeComponent : put = com.sec.android.app.launcher, userid = 0 instanceid =122488145
01-15 20:13:32.997  2383  2876 D SGM:GameManager: identifyForegroundApp. com.sec.android.app.launcher, mCurrentUserId: 0, callerUserId: 0
01-15 20:13:32.997  2383  2876 D SGM:SemGameManager: isForegroundGame(), ret=false
01-15 20:13:32.997  2383  2876 D NetworkPolicy: already checked 10153
01-15 20:13:32.997  2383  2876 D FingerprintProvider/default: onForegroundActivitiesChanged: pid = 4520, uid = 10153, foregroundActivities = true
01-15 20:13:32.997  8847  2323 I SAMSUNGWALLET: [Hint_ProcessStatusChange] fg Change, pid : 4520 , isNotify : false , isForeground : true , fg list : []
01-15 20:13:32.998  2383  3295 D SGM:FgCheckThread: onLooperPrepared(), msg: MSG_APP_RESUME, pkgName: com.sec.android.app.launcher, userid: 0
01-15 20:13:32.998  2383  3295 D SGM:FgCheckThread: handleResume().
01-15 20:13:32.998  2383  3295 D SGM:SystemHelper: callReleaseBlock needReleaseBlock:false
01-15 20:13:32.998  2383  3295 D SGM:FgCheckThread:   handleResume(). device is locked yet. ignore
01-15 20:13:32.998  4520  7389 I HoneySpace.SPayHandler: updateSpayHandler, show = false, defaultPage = true
01-15 20:13:32.998  8847  8909 I SAMSUNGWALLET: [Hint_ProcessStatusChange] fg Change, pid : 4520 , isNotify : false , isForeground : true , fg list : []
01-15 20:13:32.998  2383  3422 D BackgroundInstallControlService: Package event received: 0
01-15 20:13:32.998  8847  8909 I SAMSUNGWALLET[US]: [ProcessStatusChange] fg Change, pid : 4520 , isNotify : false , isForeground : true , fg list : [4520, 14345, 8685]
01-15 20:13:32.998  8847 12697 I SAMSUNGWALLET[US]: [ProcessMonitor] App went to background.
01-15 20:13:32.999  2383  3692 W ParceledListSlice: Element #8 is 18476 bytes.
01-15 20:13:32.999  2383  3422 D BackgroundInstallControlService: Package event received: 0
01-15 20:13:32.999  2383  3692 W ParceledListSlice: Element #9 is 19392 bytes.
01-15 20:13:32.999  2383  2467 I ActivityManager: Changes in 99176 19 to 5, 128 to 184
01-15 20:13:32.999  2383  3422 D BackgroundInstallControlService: Package event received: 0
01-15 20:13:32.999  8847  2323 I SAMSUNGWALLET[US]: [ProcessStatusChange] fg Change, pid : 4520 , isNotify : false , isForeground : true , fg list : [4520, 14345, 8685]
01-15 20:13:33.000  2383  7446 W ParceledListSlice: Element #22 is 21248 bytes.
01-15 20:13:33.001  2383  2901 D ActivityManager: sync unfroze 1161 com.samsung.android.dqagent for 3
01-15 20:13:33.002 32239 32239 I bopg    : onStart
01-15 20:13:33.002 32239 32239 I bopg    : onResume
01-15 20:13:33.004  8847  8847 I SAMSUNGWALLET: [Hint_PayHintService] onReceive() action=com.sec.android.app.launcher.intent.action.UPDATE_SPAY_HANDLER
01-15 20:13:33.004  8847  8847 I SAMSUNGWALLET: [Hint_PayHintService] home change, s home : false , default : true , gesture : false , s result : false , prev : false
01-15 20:13:33.004  8847  8847 I SAMSUNGWALLET: [Hint_PayHintService] Hint Status - already invisible, skip hide : [4000003] - 3
01-15 20:13:33.004  1868  1868 I SurfaceFlinger: [Display 0 name="Built-in Screen"#49] setFrameRateCategory: High
01-15 20:13:33.004  1868  1868 I SurfaceFlinger: [Display 0 name="Built-in Screen"#49] setFrameRateCategory: Default
01-15 20:13:33.004  1868  1868 I SurfaceFlinger: [Task=4773#45495] attach to parent Root
01-15 20:13:33.005  2383  2878 I ActivityManager: Changes in 10553 12 to 18, 128 to 0
01-15 20:13:33.006  4520 10169 I ApplicationPackageManager: package : com.sec.android.app.clockpackage, useAppIconResources : false
01-15 20:13:33.006  4520 10169 I LiveIconUtil: getLiveIcon was called in ClockPackage
01-15 20:13:33.006  7045  7045 I SDHMS:PowerAnomaly:Gatherer:AppError: update AppError : uid=10553, pkg=com.anonymous.dungeoncrawler, errorType=crash
01-15 20:13:33.007  2383  7446 I WindowManager: Relayout Window{33464ee u0 com.sec.android.app.launcher/com.sec.android.app.launcher.activities.LauncherActivity}: viewVisibility=0 req=1080x2340 ty=1 d0
01-15 20:13:33.007  4520 10169 I LiveIconUtil: getLiveIcon res = com.sec.android.app.clockpackage
01-15 20:13:33.007  1868  2380 I SurfaceFlinger: id=45496 createSurf, flag=44004, com.sec.android.app.launcher/com.sec.android.app.launcher.activities.LauncherActivity$_4520#45496
01-15 20:13:33.007  2383  7446 D WindowManager: makeSurface duration=0 name=com.sec.android.app.launcher/com.sec.android.app.launcher.activities.LauncherActivity$_4520
01-15 20:13:33.007  3719  3866 V ShellDesktopMode: Task Vanished: #4773 closed=true
01-15 20:13:33.007  4520 10169 I LiveIconUtil: stdIconSize : 144 , targetIconSize : 174
01-15 20:13:33.007  4520 10169 I LiveIconUtil: iconDpi : 640 , mTargetIconDpi : 480
01-15 20:13:33.007  4520 12151 I HoneySpace.RecentTasks: onRunningTaskVanished
01-15 20:13:33.007  4520 12151 I HoneySpace.RecentTasks: onRecentTasksChanged
01-15 20:13:33.007  2383  7446 I WindowManager: Relayout hash=33464ee, pid=4520, syncId=-1: mAttrs={(0,0)(fillxfill) sim={adjust=nothing forwardNavigation} layoutInDisplayCutoutMode=always ty=BASE_APPLICATION fmt=TRANSPARENT wanim=0x1030306
01-15 20:13:33.007  2383  7446 I WindowManager:   fl=81910100
01-15 20:13:33.007  2383  7446 I WindowManager:   pfl=10008840
01-15 20:13:33.007  2383  7446 I WindowManager:   bhv=2
01-15 20:13:33.007  2383  7446 I WindowManager:   fitSides=0
01-15 20:13:33.007  2383  7446 I WindowManager:   frameRateBoostOnTouch=true
01-15 20:13:33.007  2383  7446 I WindowManager:   dvrrWindowFrameRateHint=true screenDimDuration=200000 naviIconColor=0}
01-15 20:13:33.007  8847  2323 I SAMSUNGWALLET: [Hint_ProcessStatusChange] fg Change, pid : 14345 , isNotify : true , isForeground : false , fg list : []
01-15 20:13:33.007  2383  2878 D SGM:FgCheckThread: notePauseComponent(), received pkgName: com.sec.android.app.launcher, userId: 0
01-15 20:13:33.007  2383  2878 D SGM:FgCheckThread: getForegroundApp(), foregroundPkgName=com.sec.android.app.launcher
01-15 20:13:33.008  4520  4520 I BufferQueueProducer: [](id:11a80000060b,api:0,p:25984,c:4520) setDequeueTimeout:2077252342
01-15 20:13:33.008  2383  2878 D SGM:FgCheckThread: pkgName: com.anonymous.dungeoncrawler is not in foreground
01-15 20:13:33.008  2383  2878 D SGM:FgCheckThread: noteStopComponent(), received pkgName: com.anonymous.dungeoncrawler, focusedPkgName: com.sec.android.app.launcher, userId: 0
01-15 20:13:33.008  4520  4520 I BLASTBufferQueue_Java: new BLASTBufferQueue, mName= VRI[LauncherActivity]@d355503 mNativeObject= 0xb400007a1a0fc500 caller= android.view.ViewRootImpl.updateBlastSurfaceIfNeeded:3585 android.view.ViewRootImpl.relayoutWindow:11685 android.view.ViewRootImpl.performTraversals:4804 android.view.ViewRootImpl.doTraversal:3924 android.view.ViewRootImpl$TraversalRunnable.run:12903 android.view.Choreographer$CallbackRecord.run:1901 android.view.Choreographer$CallbackRecord.run:1910 android.view.Choreographer.doCallbacks:1367 android.view.Choreographer.doFrame:1292 android.view.Choreographer$FrameDisplayEventReceiver.run:1870 
01-15 20:13:33.008  4520  4520 I BLASTBufferQueue_Java: update, w= 1080 h= 2340 mName = VRI[LauncherActivity]@d355503 mNativeObject= 0xb400007a1a0fc500 sc.mNativeObject= 0xb400007a79fc2190 format= -2 caller= android.view.ViewRootImpl.updateBlastSurfaceIfNeeded:3590 android.view.ViewRootImpl.relayoutWindow:11685 android.view.ViewRootImpl.performTraversals:4804 android.view.ViewRootImpl.doTraversal:3924 android.view.ViewRootImpl$TraversalRunnable.run:12903 android.view.Choreographer$CallbackRecord.run:1901 
01-15 20:13:33.008  4520  4520 I VRI[LauncherActivity]@d355503: Relayout returned: old=(0,0,1080,2340) new=(0,0,1080,2340) relayoutAsync=false req=(1080,2340)0 dur=1 res=0x3 s={true 0xb4000079fa012db0} ch=true seqId=0
01-15 20:13:33.008  2383  3206 W UsageStatsService: Unexpected activity event reported! (com.anonymous.dungeoncrawler/com.anonymous.dungeoncrawler.MainActivity event : 23 instanceId : 107827845)
01-15 20:13:33.008  4520  4520 I VRI[LauncherActivity]@d355503: Creating new active sync group VRI[LauncherActivity]@d355503#44
01-15 20:13:33.008  8847  8847 I SAMSUNGWALLET: [Hint_PayHintService] Hint Status - already invisible, skip hide : [4000003] - 3
01-15 20:13:33.008  2383  3412 I CocktailBarManagerServiceContainer: handleMessage: entry what = 6
01-15 20:13:33.008  2383  3422 D BackgroundInstallControlService: Package event received: 0
01-15 20:13:33.009  7045  7045 I SDHMS:PowerAnomaly:Analyzer:AppError: analyze app error : uid=10553, pkg=com.anonymous.dungeoncrawler, appErrorCount=2
01-15 20:13:33.009  7045  7045 I SDHMS:LOAD: type: LoadsFreqs, value: 0:0:0:0:0:0:0:0:0:0:0:0
01-15 20:13:33.009  4520  7154 I VRI[LauncherActivity]@d355503: mWNT: t=0xb400007a69fe0e90 mBlastBufferQueue=0xb400007a1a0fc500 fn= 1 HdrRenderState mRenderHdrSdrRatio=1.0 caller= android.view.ViewRootImpl$12.onFrameDraw:15441 android.view.ThreadedRenderer$1.onFrameDraw:718 <bottom of call stack> 
01-15 20:13:33.009  4520  7154 I VRI[LauncherActivity]@d355503: Setting up sync and frameCommitCallback
01-15 20:13:33.009  8847  2323 I SAMSUNGWALLET[US]: [ProcessStatusChange] fg Change, pid : 14345 , isNotify : true , isForeground : false , fg list : []
01-15 20:13:33.010  2383  2876 D SGM:GameManager: identifyForegroundApp. com.sec.android.app.launcher, mCurrentUserId: 0, callerUserId: 0
01-15 20:13:33.010  2383  2876 D SGM:SemGameManager: isForegroundGame(), ret=false
01-15 20:13:33.010  2383  2876 D FingerprintProvider/default: onForegroundActivitiesChanged: pid = 14345, uid = 10553, foregroundActivities = false
01-15 20:13:33.010  2383  2876 D PkgPredictorService-SecIpmManagerServiceImpl: bg information pid:14345 uid:10553 pkgName:com.anonymous.dungeoncrawler
01-15 20:13:33.010  2383  2876 D SGM:GameManager: identifyForegroundApp. com.sec.android.app.launcher, mCurrentUserId: 0, callerUserId: 0
01-15 20:13:33.010  2383  2876 D SGM:SemGameManager: isForegroundGame(), ret=false
01-15 20:13:33.010  2383  2876 D FingerprintProvider/default: onForegroundActivitiesChanged: pid = 14345, uid = 10553, foregroundActivities = false
01-15 20:13:33.010  2383  2876 D SGM:GameManager: identifyForegroundApp. com.sec.android.app.launcher, mCurrentUserId: 0, callerUserId: 0
01-15 20:13:33.010  2383  2876 D SGM:SemGameManager: isForegroundGame(), ret=false
01-15 20:13:33.010  2383  2876 D FingerprintProvider/default: onForegroundActivitiesChanged: pid = 14345, uid = 10553, foregroundActivities = false
01-15 20:13:33.010  2383  3382 W ParceledListSlice: Element #8 is 18476 bytes.
01-15 20:13:33.010  2383  3382 W ParceledListSlice: Element #9 is 19392 bytes.
01-15 20:13:33.011  2430  2430 I CameraService: onUidStateChanged: uid=10045, procState is changed. (5 -> 1)
01-15 20:13:33.011  8847  3068 I SAMSUNGWALLET: [Hint_ProcessStatusChange] fg Change, pid : 14345 , isNotify : false , isForeground : false , fg list : []
01-15 20:13:33.011  8847  3068 I SAMSUNGWALLET[US]: [ProcessStatusChange] fg Change, pid : 14345 , isNotify : true , isForeground : false , fg list : []
01-15 20:13:33.011  2383  7073 W ParceledListSlice: Element #22 is 21248 bytes.
01-15 20:13:33.011  8847  8909 I SAMSUNGWALLET: [Hint_ProcessStatusChange] fg Change, pid : 14345 , isNotify : false , isForeground : false , fg list : []
01-15 20:13:33.011  8847  8909 I SAMSUNGWALLET[US]: [ProcessStatusChange] fg Change, pid : 14345 , isNotify : true , isForeground : false , fg list : []
01-15 20:13:33.011  2430  2430 W IPCThreadState: Sending oneway calls to frozen process.
01-15 20:13:33.011  4520  7042 I BLASTBufferQueue: [VRI[LauncherActivity]@d355503#1547](f:0,a:0,s:0) onFrameAvailable the first frame is available
01-15 20:13:33.011  4520  7042 I SurfaceComposerClient: apply transaction with the first frame. layerId: 45496, bufferData(ID: 19413252189329, frameNumber: 1)
01-15 20:13:33.011  4520  7042 I VRI[LauncherActivity]@d355503: Received frameCommittedCallback lastAttemptedDrawFrameNum=1 didProduceBuffer=true
01-15 20:13:33.012  1868  2006 I SurfaceFlinger: [com.sec.android.app.launcher/com.sec.android.app.launcher.activities.LauncherActivity$_4520#45496] setTransactionState with the first frame. bufferData(ID: 19413252189329, frameNumber: 1)
01-15 20:13:33.012  4520  4520 I HoneySpace.EdgePanel.CocktailHostRepositoryImpl: onNoteResume
01-15 20:13:33.012  4520  4520 I HoneySpace.EdgePanel.EdgePanelContainerViewModel: cocktailHostRepository.edgePanelOperation NoteResumeComponent(componentName=ComponentInfo{com.sec.android.app.launcher/com.sec.android.app.launcher.Launcher})
01-15 20:13:33.012  4520  4520 I HoneySpace.EdgePanel.ActivityUtils: HomePackage : com.sec.android.app.launcher, resumePackageName : com.sec.android.app.launcher, className : com.sec.android.app.launcher.Launcher
01-15 20:13:33.012  4520  4520 I SearchHoneyPot: onViewCreated: onStop
01-15 20:13:33.012  4520  4520 I HoneySpace.ContentsAnimator: end call
01-15 20:13:33.012  4520  4520 I HoneySpace.BlurAnimator: end
01-15 20:13:33.012  4520  4520 I HoneySpace.BlurAnimator: reset
01-15 20:13:33.013  4520  4520 I VRI[LauncherActivity]@d355503: stopped(true) old = false
01-15 20:13:33.013  4520  4520 I HoneySpace.Launcher: !@Boot_EBS_D: Launcher.onStop()
01-15 20:13:33.013  4520  4520 I AutofillManager: onInvisibleForAutofill(): expiringResponse
01-15 20:13:33.013  5550  5572 V OsAgent : broadcastSystemEvent - 7
01-15 20:13:33.013  2383  7446 W PresentationStatsEventLogger: Shouldn't be logging AutofillPresentationEventReported again for same event
01-15 20:13:33.013  4520  4520 I HoneySpace.OneUiSpace: onSaveInstanceState honeyScreen=d3.M@5b1437d
01-15 20:13:33.013  4520  4630 I HoneySpace.TopTaskSource: onTaskMovedToFront : taskId = 4337, displayId = 0
01-15 20:13:33.013  4520  4630 I HoneySpace.TopTaskSource: onTaskFocusChanged(): taskId = 4337
01-15 20:13:33.013  4520  7196 I HoneySpace.Memory-Monitor: scheduleTrim delayTime=30000
01-15 20:13:33.014  2383  7073 D WindowManager: finishDrawingWindow: Window{33464ee u0 com.sec.android.app.launcher/com.sec.android.app.launcher.activities.LauncherActivity} mDrawState=DRAW_PENDING seqId=0
01-15 20:13:33.014  8847 12697 I SAMSUNGWALLET[US]: [ProcessMonitor] App went to background.
01-15 20:13:33.015  4520  7391 I HoneySpace.HoneyAppWidgetHost: stopListening, host: @caab75e, hostId: 1024
01-15 20:13:33.015  2383  3417 I MR2ServiceImpl: Updating composite discovery preference | preference: RouteDiscoveryRequest{ preferredFeatures={}, activeScan=false }, active routers: []
01-15 20:13:33.015  2383  2467 I AppWidgetServiceImpl: stopListening callbacks : null
01-15 20:13:33.015  4520  4632 I HoneySpace.TopTaskUseCase: topTasks 4337 ComponentInfo{com.sec.android.app.launcher/com.sec.android.app.launcher.Launcher}[displayId=0]
01-15 20:13:33.015  8847 12697 I SAMSUNGWALLET[US]: [ProcessMonitor] App went to background.
01-15 20:13:33.016  2430  2430 I CameraService: onUidStateChanged: uid=10045, procState is changed. (1 -> 5)
01-15 20:13:33.016  5550  5572 V OsAgent : broadcastSystemEvent - 7
01-15 20:13:33.016  2430  2430 W IPCThreadState: Sending oneway calls to frozen process.
01-15 20:13:33.016  2383  3417 I MR2ServiceImpl: Updating composite discovery preference | preference: RouteDiscoveryRequest{ preferredFeatures={}, activeScan=false }, active routers: []
01-15 20:13:33.017  7000 32690 E DMASA[D]: [LOGWING][FCDetectionService]Failed to get FC Data
01-15 20:13:33.017  8847 12697 I SAMSUNGWALLET[US]: [ProcessMonitor] App went to background.
01-15 20:13:33.018  2383  7065 I ActivityManager: Changes in 99176 5 to 19, 184 to 128
01-15 20:13:33.020  2383  4229 W ParceledListSlice: Element #55 is 19060 bytes.
01-15 20:13:33.021  2383  4229 D InputMethodManagerService: onClientRemovedInternalLocked
01-15 20:13:33.021  1748  1748 I SS_POWER_HINT_SESSION: SS_ADPF 14345-10553-5c10 destroy
01-15 20:13:33.021  2383  7065 I ActivityManager: Process com.anonymous.dungeoncrawler (pid 14345) has died: cch CRE (246,3039)
01-15 20:13:33.021  1868  1868 I SurfaceFlinger: [LayerHierarchy{RequestedLayerState{Task=4773#45491 z=26} 1 children}] reparent to OffscreenRoot
01-15 20:13:33.021  1868  1868 I SurfaceFlinger: [LayerHierarchy{RequestedLayerState{Task=4773#45491 z=26} 1 children}] RelativeParent to null
01-15 20:13:33.021  1868  1868 I SurfaceFlinger: [LayerHierarchy{RequestedLayerState{ActivityRecord{201323759 u0 com.anonymous.dungeoncrawler/.MainActivity t4773}#45492} 1 children}] reparent to OffscreenRoot
01-15 20:13:33.021  1868  1868 I SurfaceFlinger: [LayerHierarchy{RequestedLayerState{ActivityRecord{201323759 u0 com.anonymous.dungeoncrawler/.MainActivity t4773}#45492} 1 children}] RelativeParent to null
01-15 20:13:33.021  1868  1868 I SurfaceFlinger: [LayerHierarchy{RequestedLayerState{7b103d5 com.anonymous.dungeoncrawler/com.anonymous.dungeoncrawler.MainActivity#45493} no children}] reparent to OffscreenRoot
01-15 20:13:33.021  1868  1868 I SurfaceFlinger: [LayerHierarchy{RequestedLayerState{7b103d5 com.anonymous.dungeoncrawler/com.anonymous.dungeoncrawler.MainActivity#45493} no children}] RelativeParent to null
01-15 20:13:33.021  1868  1868 I SurfaceFlinger: [LayerHierarchy{RequestedLayerState{Task=4773#45495 z=26} no children}] reparent to OffscreenRoot
01-15 20:13:33.021  1868  1868 I SurfaceFlinger: [LayerHierarchy{RequestedLayerState{Task=4773#45495 z=26} no children}] RelativeParent to null
01-15 20:13:33.021  1868  1868 I SurfaceFlinger: [com.sec.android.app.launcher/com.sec.android.app.launcher.activities.LauncherActivity$_4520#45496] attach to parent LayerHierarchy{RequestedLayerState{33464ee com.sec.android.app.launcher/com.sec.android.app.launcher.activities.LauncherActivity#130 parentId=129} 1 children}
01-15 20:13:33.021  1635  1635 I Zygote  : Process 14345 exited due to signal 9 (Killed)
01-15 20:13:33.021  2383  2878 W ActivityManager: setHasOverlayUi called on unknown pid: 14345
01-15 20:13:33.021  1868  1868 I SurfaceFlinger: id=45493 Removed 7b103d5 com.anonymous.dungeoncrawler/com.anonymous.dungeoncrawler.MainActivity#45493 (216)
01-15 20:13:33.022  1868  1868 I SurfaceFlinger: id=45495 Removed Task=4773#45495 (216)
01-15 20:13:33.022  1868  1868 I SurfaceFlinger: id=45492 Removed ActivityRecord{201323759 u0 com.anonymous.dungeoncrawler/.MainActivity t4773}#45492 (216)
01-15 20:13:33.022  1744  1902 I HYPER-HAL: [RequestManager.cpp]acquire(): Acquired ID : 188187951  [1748 / 17651]    HINT :      list : [TID_LOW_LATENCY / 0] [TID / 14379] [TID / 14381] [TID / 14345] [TID / 14364] 
01-15 20:13:33.022  1744  1902 I HYPER-HAL: [RequestManager.cpp]releaseLocked(): Released ID : 188187951
01-15 20:13:33.022  1744  1902 I HYPER-HAL: [RequestManager.cpp]acquire(): Acquired ID : 188207352  [1748 / 17652]    HINT :      list : [UCLAMP_MIN_BOOST / 0] [TIMEOUT / 0] [TID / 14379] [TID / 14381] [TID / 14345] [TID / 14364] 
01-15 20:13:33.022  1744  1902 E HYPER-HAL: [HandlerUClamp.cpp]set_uclamp_min(): sched_setattr failed for thread 14379, err = -1
01-15 20:13:33.022  1744  1902 E HYPER-HAL: [HandlerUClamp.cpp]set_uclamp_min(): sched_setattr failed for thread 14381, err = -1
01-15 20:13:33.022  1744  1902 E HYPER-HAL: [HandlerUClamp.cpp]set_uclamp_min(): sched_setattr failed for thread 14345, err = -1
01-15 20:13:33.022  1744  1902 E HYPER-HAL: [HandlerUClamp.cpp]set_uclamp_min(): sched_setattr failed for thread 14364, err = -1
01-15 20:13:33.022  1744  1902 E HYPER-HAL: [HandlerUClamp.cpp]set_uclamp_min(): sched_setattr failed for thread 14379, err = -1
01-15 20:13:33.022  1744  1902 E HYPER-HAL: [HandlerUClamp.cpp]set_uclamp_min(): sched_setattr failed for thread 14381, err = -1
01-15 20:13:33.022  1744  1902 E HYPER-HAL: [HandlerUClamp.cpp]set_uclamp_min(): sched_setattr failed for thread 14345, err = -1
01-15 20:13:33.022  1744  1902 E HYPER-HAL: [HandlerUClamp.cpp]set_uclamp_min(): sched_setattr failed for thread 14364, err = -1
01-15 20:13:33.022  1744  1902 I HYPER-HAL: [RequestManager.cpp]releaseLocked(): Released ID : 188207352
01-15 20:13:33.022  2383  2903 I libprocessgroup: Removed cgroup /sys/fs/cgroup/apps/uid_10553/pid_14345
01-15 20:13:33.024  5550  5572 V OsAgent : broadcastSystemEvent - 7
01-15 20:13:33.024  2383  7065 I WindowManager: Relayout Window{33464ee u0 com.sec.android.app.launcher/com.sec.android.app.launcher.activities.LauncherActivity}: viewVisibility=4 req=1080x2340 ty=1 d0
01-15 20:13:33.024  2383  7065 I WindowManager: Relayout hash=33464ee, pid=4520, syncId=-1: mAttrs={(0,0)(fillxfill) sim={adjust=nothing forwardNavigation} layoutInDisplayCutoutMode=always ty=BASE_APPLICATION fmt=TRANSPARENT wanim=0x1030306
01-15 20:13:33.024  2383  7065 I WindowManager:   fl=81910100
01-15 20:13:33.024  2383  7065 I WindowManager:   pfl=10008840
01-15 20:13:33.024  2383  7065 I WindowManager:   bhv=2
01-15 20:13:33.024  2383  7065 I WindowManager:   fitSides=0
01-15 20:13:33.024  2383  7065 I WindowManager:   frameRateBoostOnTouch=true
01-15 20:13:33.024  2383  7065 I WindowManager:   dvrrWindowFrameRateHint=true screenDimDuration=200000 naviIconColor=0}
01-15 20:13:33.024  2383  3422 D BackgroundInstallControlService: Package event received: 0
01-15 20:13:33.024  4520  4520 I VRI[LauncherActivity]@d355503: Relayout returned: old=(0,0,1080,2340) new=(0,0,1080,2340) relayoutAsync=false req=(1080,2340)4 dur=1 res=0x2 s={false 0x0} ch=false seqId=0
01-15 20:13:33.024  4520  4520 I HoneySpace.TaskStackChangeRepositoryImpl: onTaskRemoved : 4773
01-15 20:13:33.024  2383  7065 V WindowManager: Setting visibility of Window{33464ee u0 com.sec.android.app.launcher/com.sec.android.app.launcher.activities.LauncherActivity}: false, caller=com.android.server.wm.WindowContainer.sendAppVisibilityToClients:19 com.android.server.wm.WindowToken.setClientVisible:48 com.android.server.wm.ActivityRecord.activityStopped:189 com.android.server.wm.ActivityClientController.activityStopped:97 android.app.IActivityClientController$Stub.onTransact:740 
01-15 20:13:33.025  2383  3951 I ActivityManager: Changes in 10119 8 to 5, 0 to 184
01-15 20:13:33.025  4520  4520 I HoneySpace.TaskStackChangeRepositoryImpl: onTaskRemoved : 4773
01-15 20:13:33.025  2383  7065 E WindowManager: win=Window{33464ee u0 com.sec.android.app.launcher/com.sec.android.app.launcher.activities.LauncherActivity} destroySurfaces: appStopped=true cleanupOnResume=false win.mWindowRemovalAllowed=false win.mRemoveOnExit=false win.mViewVisibility=4 caller=com.android.server.wm.ActivityRecord.destroySurfaces:25 com.android.server.wm.ActivityRecord.activityStopped:192 com.android.server.wm.ActivityClientController.activityStopped:97 android.app.IActivityClientController$Stub.onTransact:740 com.android.server.wm.ActivityClientController.onTransact:1 android.os.Binder.execTransactInternal:1462 android.os.Binder.execTransact:1401 
01-15 20:13:33.025  2383  2878 D SGM:FgCheckThread: getForegroundApp(), foregroundPkgName=com.sec.android.app.launcher
01-15 20:13:33.025  4520  4520 I VRI[LauncherActivity]@d355503: handleAppVisibility mAppVisible = true visible = false
01-15 20:13:33.025  2383  2878 D SGM:FgCheckThread: pkgName: com.sec.android.app.launcher is not in foreground
01-15 20:13:33.025 29019 29019 D BoundBrokerSvc: onBind: Intent { act=com.google.android.gms.semanticlocationhistory.service.START dat=chimera-action:/... xflg=0x4 cmp=com.google.android.gms/.chimera.GmsApiService }
01-15 20:13:33.025 29019 29019 D BoundBrokerSvc: Loading bound service for intent: Intent { act=com.google.android.gms.semanticlocationhistory.service.START dat=chimera-action:/... xflg=0x4 cmp=com.google.android.gms/.chimera.GmsApiService }
01-15 20:13:33.025  4520  4520 I HoneySpace.TaskListViewModel[180514354]: taskRemoveId, 4773
01-15 20:13:33.025  4520  4520 W HoneySpace.TaskListViewModel[180514354]: task is already removed: 4773
01-15 20:13:33.025  4520  4520 I HoneySpace.TaskListViewModel[180514354]: taskRemoveId, 4773
01-15 20:13:33.025  4520  4520 W HoneySpace.TaskListViewModel[180514354]: task is already removed: 4773
01-15 20:13:33.025  4520  4630 I HoneySpace.TopTaskSource: onTaskRemoved: 4773
01-15 20:13:33.025  2383  3358 D InetDiagMessage: Destroyed 0 sockets, proto=IPPROTO_TCP, family=AF_INET, states=14
01-15 20:13:33.025  2383  7443 W ParceledListSlice: Element #146 is 19028 bytes.
01-15 20:13:33.026  4520  4630 I HoneySpace.TopTaskSource: onTaskRemoved: 4773
01-15 20:13:33.026  2383  3358 D InetDiagMessage: Destroyed 0 sockets, proto=IPPROTO_TCP, family=AF_INET6, states=14
01-15 20:13:33.026  2383  3358 D InetDiagMessage: Destroyed live tcp sockets for uids={10553} in 3ms
01-15 20:13:33.027  2383  3358 D InetDiagMessage: Destroyed 0 sockets, proto=IPPROTO_TCP, family=AF_INET, states=14
01-15 20:13:33.027  2383  3422 D BackgroundInstallControlService: Package event received: 0
01-15 20:13:33.027  2383  3422 D BackgroundInstallControlService: Package event received: 0
01-15 20:13:33.027  2383  3422 D BackgroundInstallControlService: Package event received: 0
01-15 20:13:33.028  4520  7533 I HoneySpace.PredictionDataSourceImpl: TYPE_SUGGESTED_APPS updated: 9
01-15 20:13:33.028  2383  3358 D InetDiagMessage: Destroyed 0 sockets, proto=IPPROTO_TCP, family=AF_INET6, states=14
01-15 20:13:33.028  2383  3358 D InetDiagMessage: Destroyed live tcp sockets for uids={20553} in 2ms
01-15 20:13:33.028  4520  7534 I HoneySpace.PredictionDataSourceImpl: TYPE_RECOMMENDED_WIDGETS updated: 44
01-15 20:13:33.038  1868  1868 I SurfaceFlinger: destroyed ActivityRecord{201323759 u0 com.anonymous.dungeoncrawler/.MainActivity t4773}#45492 form LifecycleManager
01-15 20:13:33.038  1868  1868 I SurfaceFlinger: destroyed 7b103d5 com.anonymous.dungeoncrawler/com.anonymous.dungeoncrawler.MainActivity#45493 form LifecycleManager
01-15 20:13:33.038  1868  1868 I SurfaceFlinger: destroyed Task=4773#45495 form LifecycleManager
01-15 20:13:33.038  1868  1868 I SurfaceFlinger: [LayerHierarchy{RequestedLayerState{com.sec.android.app.launcher/com.sec.android.app.launcher.activities.LauncherActivity$_4520#45496} no children}] reparent to OffscreenRoot
01-15 20:13:33.038  1868  1868 I SurfaceFlinger: [LayerHierarchy{RequestedLayerState{com.sec.android.app.launcher/com.sec.android.app.launcher.activities.LauncherActivity$_4520#45496} no children}] RelativeParent to null
01-15 20:13:33.038  1868  1868 I SurfaceFlinger: id=45492 onLayerDestroyed from LayerHierarchyBuilder(RequestedLayerState{ActivityRecord{201323759 u0 com.anonymous.dungeoncrawler/.MainActivity t4773}#45492 !handle})
01-15 20:13:33.038  1868  1868 I SurfaceFlinger: id=45493 onLayerDestroyed from LayerHierarchyBuilder(RequestedLayerState{7b103d5 com.anonymous.dungeoncrawler/com.anonymous.dungeoncrawler.MainActivity#45493 !handle})
01-15 20:13:33.038  1868  1868 I SurfaceFlinger: id=45495 onLayerDestroyed from LayerHierarchyBuilder(RequestedLayerState{Task=4773#45495 !handle z=26})
01-15 20:13:33.038  1868  4900 D NativeSemDvfsManager: acquire:: timeout = 2000 mIsAcquired = 1  mTagName : SurfaceFlinger 
01-15 20:13:33.038  1868  1868 I Layer   : id=45492 Destroyed ActivityRecord{201323759 u0 com.anonymous.dungeoncrawler/.MainActivity t4773}#45492
01-15 20:13:33.038  1868  1868 I Layer   : id=45493 Destroyed 7b103d5 com.anonymous.dungeoncrawler/com.anonymous.dungeoncrawler.MainActivity#45493
