--------- beginning of main
01-15 20:13:32.107  1864  1912 E HeatmapThread: ECT Thread time in milliseconds: 1768536812
01-15 20:13:32.110  1864  1912 D HeatmapThread: !@ batteryplugType : 2
01-15 20:13:32.110  1864  1912 D HeatmapThread: !@ batteryLevel : 100  batteryTemperature : 271 
01-15 20:13:32.110  1864  1912 D HeatmapThread: !@ Heatmap currtime: 29475613
01-15 20:13:32.110  1864  1912 D HeatmapThread: !@ Heatmap prevtime: 29475610
01-15 20:13:32.110  1864  1912 D HeatmapThread: !@ Heatmap plugstarttime: 29475279
01-15 20:13:32.110  1864  1912 D HeatmapThread: !@ Heatmap prevv_dsoh_update_time: 29475594
01-15 20:13:32.110  1864  1912 E HeatmapThread: !@ CAM New BSOH: 100
01-15 20:13:32.110  1864  1912 E HeatmapThread: !@ CAM is Working
--------- beginning of system
01-15 20:13:32.156  2383  3231 D ActivityManager: FCA:Reclamation for pid: 14149
01-15 20:13:32.376  1737  5464 I sensors-hal: handle_sns_client_event:323, [0][204841] mag_sample_cal(magcal_available:1): ts=631007015898150 ns; cal = [-25.257261, -8.265910, -39.204987], uncal = [-54.777260, 9.434089, -148.404984], bias = [-29.519999, 17.699999, -109.199997], status=3, cal_id=0
01-15 20:13:32.450  1737  5467 I sensors-hal: handle_sns_std_sensor_event:157, [128250] Pressure 995.099, cal 0.530, sw_offset 0.000 (lsb(bit) 0xa5 0x3a 0x61)
01-15 20:13:32.814  2383  2901 I SemDvfsHyPerManager: acquire hyper - APP_LAUNCH/2383@30, type = -999
01-15 20:13:32.814  1744  1902 I HYPER-HAL: [RequestManager.cpp]acquire(): Acquired ID : 2912521  [2383 / 30]    HINT : APP_LAUNCH    list : [TIMEOUT / 700] 
01-15 20:13:32.814  2383  4337 D ActivityTaskManager: startActivityAsUser: callingPid=14333, callingUid=2000, caller=com.android.server.am.ActivityManagerService.startActivityAsUserWithFeature:27 com.android.server.am.ActivityManagerShellCommand.runStartActivity:588 com.android.server.am.ActivityManagerShellCommand.onCommand:2030 com.android.modules.utils.BasicShellCommandHandler.exec:97 android.os.ShellCommand.exec:38 com.android.server.am.ActivityManagerService.onShellCommand:164 android.os.Binder.shellCommand:1187 
01-15 20:13:32.815  7045  7045 I SemDvfsHyPerManager: acquire hyper - APP_START_SHORT/7045@24, type = -999
01-15 20:13:32.815  1769  1889 E PERFHAL-RESOURCEQS: PERFHAL-RESOURCEQS: AddAndApply() 171: Failed to apply optimization [15, 7]
01-15 20:13:32.815  1769  1889 E PERFHAL-RESOURCEQS: PERFHAL-RESOURCEQS: AddAndApply() 171: Failed to apply optimization [15, 7]
01-15 20:13:32.815  2383  4337 W ActivityTaskManager: callingPackage for (uid=2000, pid=14333) has no WPC
01-15 20:13:32.815  1744  1902 I HYPER-HAL: [RequestManager.cpp]acquire(): Acquired ID : 24988939  [7045 / 24]    HINT : APP_START    list : [TIMEOUT / 1500] 
01-15 20:13:32.815  2383  4337 D ActivityTaskManager: DesktopModeLaunchParamsModifier: task=null activity=null task null, skipping
01-15 20:13:32.815  2383  4337 D ActivityTaskManager: TaskLaunchParamsModifier:task=null activity=null display-area-from-current-params=null display-area-from-default-fallback=DefaultTaskDisplayArea_d0@6381202 display-id=0 task-display-area-windowing-mode=1 suggested-display-area=DefaultTaskDisplayArea_d0@6381202
01-15 20:13:32.816  2383  4337 W OptProp : Cannot read opt property android.window.PROPERTY_COMPAT_ALLOW_RESIZEABLE_ACTIVITY_OVERRIDES
01-15 20:13:32.816  2383  4337 W OptProp : Cannot read opt property android.window.PROPERTY_COMPAT_ALLOW_MIN_ASPECT_RATIO_OVERRIDE
01-15 20:13:32.816  2383  4337 D WindowManager: Transition is created, t=TransitionRecord{101adce id=-1 type=OPEN flags=0x0}, caller=com.android.server.wm.Transition.<init>:182 com.android.server.wm.TransitionController.createAndStartCollecting:106 com.android.server.wm.ActivityStarter.executeRequest:3606 com.android.server.wm.ActivityStarter.execute:1752 com.android.server.wm.ActivityTaskManagerService.startActivityAsUser:95 
01-15 20:13:32.816  2383  4337 D BLASTSyncEngine: SyncGroup is created, id=2879, name=Transition-OPEN, caller=com.android.server.wm.BLASTSyncEngine$SyncGroup.<init>:52 com.android.server.wm.TransitionController.moveToCollecting:79 com.android.server.wm.TransitionController.createAndStartCollecting:109 com.android.server.wm.ActivityStarter.executeRequest:3606 com.android.server.wm.ActivityStarter.execute:1752 com.android.server.wm.ActivityTaskManagerService.startActivityAsUser:95 com.android.server.am.ActivityManagerService.startActivityAsUserWithFeature:27 
01-15 20:13:32.816  2383  4337 W BLASTSyncEngine: setSyncMethod, id=2879, method=0, caller=com.android.server.wm.TransitionController.moveToCollecting:91 com.android.server.wm.TransitionController.createAndStartCollecting:109 com.android.server.wm.ActivityStarter.executeRequest:3606 
01-15 20:13:32.816  2383  4337 V WindowManager: Start collecting in Transition: TransitionRecord{101adce id=2879 type=OPEN flags=0x0}, caller=com.android.server.wm.TransitionController.createAndStartCollecting:109 com.android.server.wm.ActivityStarter.executeRequest:3606 com.android.server.wm.ActivityStarter.execute:1752 com.android.server.wm.ActivityTaskManagerService.startActivityAsUser:95 com.android.server.am.ActivityManagerService.startActivityAsUserWithFeature:27 
01-15 20:13:32.816  2383  4337 V WindowManager: Collecting in transition 2879: ActivityRecord{201323759 u0 com.anonymous.dungeoncrawler/.MainActivity, caller=com.android.server.wm.TransitionController.collect:7 com.android.server.wm.ActivityStarter.startActivityUnchecked:98 com.android.server.wm.ActivityStarter.executeRequest:3651 com.android.server.wm.ActivityStarter.execute:1752 com.android.server.wm.ActivityTaskManagerService.startActivityAsUser:95 
01-15 20:13:32.817  2383  4337 D ActivityTaskManager: DesktopModeLaunchParamsModifier: task=null activity=ActivityRecord{201323759 u0 com.anonymous.dungeoncrawler/.MainActivity t-1} task null, skipping
01-15 20:13:32.817  2383  4337 D ActivityTaskManager: TaskLaunchParamsModifier:task=null activity=ActivityRecord{201323759 u0 com.anonymous.dungeoncrawler/.MainActivity t-1} display-area-from-current-params=null display-area-from-default-fallback=DefaultTaskDisplayArea_d0@6381202 display-id=0 task-display-area-windowing-mode=1 suggested-display-area=DefaultTaskDisplayArea_d0@6381202
01-15 20:13:32.817  2383  4337 D ActivityTaskManager: DesktopModeLaunchParamsModifier: task=null activity=ActivityRecord{201323759 u0 com.anonymous.dungeoncrawler/.MainActivity t-1} task null, skipping
01-15 20:13:32.817  2383  4337 D ActivityTaskManager: TaskLaunchParamsModifier:task=null activity=ActivityRecord{201323759 u0 com.anonymous.dungeoncrawler/.MainActivity t-1} display-area-from-current-params=null display-area-from-default-fallback=DefaultTaskDisplayArea_d0@6381202 display-id=0 task-display-area-windowing-mode=1 suggested-display-area=DefaultTaskDisplayArea_d0@6381202 non-freeform-task-display-area display-area=DefaultTaskDisplayArea_d0@6381202 activity-requested-portrait freeform-size-mismatch=Rect(81, 558 - 999, 1728)
01-15 20:13:32.817  2383  4337 D ActivityTaskManager: Temporarily retain top process state for launching app
01-15 20:13:32.817  1868  2380 I SurfaceFlinger: id=45491 createSurf, flag=24004, Task=4773#45491
01-15 20:13:32.818  2383  4337 D ActivityTaskManager: Top Process State changed to PROCESS_STATE_TOP_SLEEPING#2
01-15 20:13:32.818  2383  4337 D ActivityTaskManager: DesktopModeLaunchParamsModifier: task=Task{8764bfc #4773 type=standard A=10553:com.anonymous.dungeoncrawler} activity=ActivityRecord{201323759 u0 com.anonymous.dungeoncrawler/.MainActivity t-1} non-desktop, skipping
01-15 20:13:32.818  2383  4337 D ActivityTaskManager: TaskLaunchParamsModifier:task=Task{8764bfc #4773 type=standard A=10553:com.anonymous.dungeoncrawler} activity=ActivityRecord{201323759 u0 com.anonymous.dungeoncrawler/.MainActivity t-1} display-from-task=0 display-id=0 task-display-area-windowing-mode=1 suggested-display-area=DefaultTaskDisplayArea_d0@6381202 inherit-from-task=fullscreen non-freeform-task-display-area display-area=DefaultTaskDisplayArea_d0@6381202 activity-requested-portrait freeform-size-mismatch=Rect(81, 558 - 999, 1728)
01-15 20:13:32.818  2383  4337 V WindowManager: Collecting in transition 2879: Task{8764bfc #4773 type=standard A=10553:com.anonymous.dungeoncrawler}, caller=com.android.server.wm.Transition.collectExistenceChange:40 com.android.server.wm.ActivityStarter.startActivityInner:293 com.android.server.wm.ActivityStarter.startActivityUnchecked:111 com.android.server.wm.ActivityStarter.executeRequest:3651 com.android.server.wm.ActivityStarter.execute:1752 
01-15 20:13:32.818  2383  4337 W OptProp : Cannot read opt property android.window.PROPERTY_COMPAT_ALLOW_ORIENTATION_OVERRIDE
01-15 20:13:32.818  1868  2380 I SurfaceFlinger: id=45492 createSurf, flag=84004, ActivityRecord{201323759 u0 com.anonymous.dungeoncrawler/.MainActivity t4773}#45492
01-15 20:13:32.819  2383  4337 V WindowManager: Checking theme of starting window: 0x7f0f0108
01-15 20:13:32.819  2383  4337 V WindowManager: Translucent=false Floating=false ShowWallpaper=false Disable=false
01-15 20:13:32.819  2383  4337 D WindowManager: App launched activity=ActivityRecord{201323759 u0 com.anonymous.dungeoncrawler/.MainActivity t4773}, state=1
01-15 20:13:32.819  2383  4337 D DeviceReportingSecurityChecker: getStatus
01-15 20:13:32.819  2383  4337 D DeviceReportingSecurityChecker: mIsICDStatus is true
01-15 20:13:32.819  2383  4337 D DeviceReportingSecurityChecker: mIsSim is true
01-15 20:13:32.819  2383  4337 D DeviceReportingSecurityChecker: mIsEchoAppSignature is true
01-15 20:13:32.819  2383  4337 D DeviceReportingSecurityChecker: security check passed
01-15 20:13:32.819  2383  4337 D DeviceReportingSecurityChecker: mIsICDStatus === true mIsSim == true mIsMyAccountSignature== false mIsEchoAppSignature== true mIsSprintHubSignature== false
01-15 20:13:32.819  2383  4337 V WindowManager: Checking theme of starting window: 0x7f0f0108
01-15 20:13:32.819  2383  4337 V WindowManager: Translucent=false Floating=false ShowWallpaper=false Disable=false
01-15 20:13:32.819  2383  4337 D WindowManager: App launched activity=ActivityRecord{201323759 u0 com.anonymous.dungeoncrawler/.MainActivity t4773}, state=1
01-15 20:13:32.819  2383  4337 D DeviceReportingSecurityChecker: getStatus
01-15 20:13:32.819  2383  4337 D DeviceReportingSecurityChecker: mIsICDStatus is true
01-15 20:13:32.819  2383  4337 D DeviceReportingSecurityChecker: mIsSim is true
01-15 20:13:32.819  2383  4337 D DeviceReportingSecurityChecker: mIsEchoAppSignature is true
01-15 20:13:32.819  2383  4337 D DeviceReportingSecurityChecker: security check passed
01-15 20:13:32.819  2383  4337 D DeviceReportingSecurityChecker: mIsICDStatus === true mIsSim == true mIsMyAccountSignature== false mIsEchoAppSignature== true mIsSprintHubSignature== false
01-15 20:13:32.819  2383  4337 D DeviceReportingSecurityChecker: getStatus
01-15 20:13:32.819  2383  4337 D DeviceReportingSecurityChecker: mIsICDStatus is true
01-15 20:13:32.819  2383  4337 D DeviceReportingSecurityChecker: mIsSim is true
01-15 20:13:32.819  2383  4337 D DeviceReportingSecurityChecker: mIsEchoAppSignature is true
01-15 20:13:32.819  2383  4337 D DeviceReportingSecurityChecker: security check passed
01-15 20:13:32.819  2383  4337 D DeviceReportingSecurityChecker: mIsICDStatus === true mIsSim == true mIsMyAccountSignature== false mIsEchoAppSignature== true mIsSprintHubSignature== false
01-15 20:13:32.819  2383  4337 V WindowManager: Collecting in transition 2879: ActivityRecord{201323759 u0 com.anonymous.dungeoncrawler/.MainActivity t4773}, caller=com.android.server.wm.Transition.collectExistenceChange:40 com.android.server.wm.ActivityStarter.handleStartResult:761 com.android.server.wm.ActivityStarter.startActivityUnchecked:124 com.android.server.wm.ActivityStarter.executeRequest:3651 com.android.server.wm.ActivityStarter.execute:1752 
01-15 20:13:32.819  2383  4337 V WindowManager: Requesting StartTransition: TransitionRecord{101adce id=2879 type=OPEN flags=0x0 c=[
01-15 20:13:32.819  2383  4337 V WindowManager:    ChangeInfo{c80f10b container=DefaultTaskDisplayArea_d0@6381202 flags=0x0}
01-15 20:13:32.819  2383  4337 V WindowManager:    ChangeInfo{5da2be8 container=Task{8764bfc #4773 type=standard A=10553:com.anonymous.dungeoncrawler} flags=0x0}
01-15 20:13:32.819  2383  4337 V WindowManager:    ChangeInfo{4b59201 container=Display{#0 state=OFF size=1080x2340 ROTATION_0} flags=0x0}
01-15 20:13:32.819  2383  4337 V WindowManager:    ChangeInfo{191a8a6 container=ActivityRecord{201323759 u0 com.anonymous.dungeoncrawler/.MainActivity t4773} flags=0x0}
01-15 20:13:32.819  2383  4337 V WindowManager: ]
01-15 20:13:32.819  2383  4337 V WindowManager: }, caller=com.android.server.wm.ActivityStarter.handleStartResult:982 com.android.server.wm.ActivityStarter.startActivityUnchecked:124 com.android.server.wm.ActivityStarter.executeRequest:3651 com.android.server.wm.ActivityStarter.execute:1752 com.android.server.wm.ActivityTaskManagerService.startActivityAsUser:95 
01-15 20:13:32.820  2383  4337 I Pageboost: stop alp
01-15 20:13:32.820  2383  4337 I ActivityTaskManager: START u0 {flg=0x10000000 xflg=0x5 cmp=com.anonymous.dungeoncrawler/.MainActivity} with LAUNCH_SINGLE_TASK from uid 2000 (BAL_ALLOW_PERMISSION) result code=0
01-15 20:13:32.820  4999  4999 E pageboostd: Received HALT command code 2
01-15 20:13:32.820  2383  4337 I SemDvfsHyPerManager: acquire hyper - AMS_APP_LAUNCH/2383@20, type = -999
01-15 20:13:32.820  1744  1902 I HYPER-HAL: [RequestManager.cpp]acquire(): Acquired ID : 2888426  [2383 / 20]    HINT : AMS_APP_LAUNCH    list : 
01-15 20:13:32.820  3719  3866 V WindowManagerShell: Transition requested (#2879): android.os.BinderProxy@fc927d8 TransitionRequestInfo { type = OPEN, triggerTask = TaskInfo{userId=0 taskId=4773 effectiveUid=10553 displayId=0 isRunning=true baseIntent=Intent { flg=0x10000000 cmp=com.anonymous.dungeoncrawler/.MainActivity } baseActivity=ComponentInfo{com.anonymous.dungeoncrawler/com.anonymous.dungeoncrawler.MainActivity} topActivity=ComponentInfo{com.anonymous.dungeoncrawler/com.anonymous.dungeoncrawler.MainActivity} origActivity=null realActivity=ComponentInfo{com.anonymous.dungeoncrawler/com.anonymous.dungeoncrawler.MainActivity} numActivities=1 lastActiveTime=631007505 supportsMultiWindow=true resizeMode=1 isResizeable=true minWidth=-1 minHeight=-1 maxWidth=-1 maxHeight=-1 defaultMinSize=220 desktopDefaultMinSize=304 token=WCT{android.window.IWindowContainerToken$Stub$Proxy@bd9f731} topActivityType=1 pictureInPictureParams=null shouldDockBigOverlays=false launchIntoPipHostTaskId=-1 lastParentTaskIdBeforePip=-1 displayCutoutSafeInsets=Rect(0, 91 - 0, 0) topActivityInfo=ActivityInfo{6055e16 com.anonymous.dungeoncrawler.MainActivity} launchCookies=[] positionInParent=Point(0, 0) parentTaskId=-1 isFocused=false isVisible=false isVisibleRequested=false isTopActivityNoDisplay=false isSleeping=true locusId=null displayAreaFeatureId=1 isTopActivityTransparent=false isActivityStackTransparent=false lastNonFullscreenBounds=Rect(81, 558 - 999, 1728) capturedLink=null capturedLinkTimestamp=0 requestedVisibleTypes=-9 topActivityRequestOpenInBrowserEducationTimestamp=0 appCompatTaskInfo=AppCompatTaskInfo { topActivityInSizeCompat=false eligibleForLetterboxEducation= false isLetterboxEducationEnabled= false isLetterboxDoubleTapEnabled= false eligibleForUserAspectRatioButton= false topActivityBoundsLetterboxed= false isFromLetterboxDoubleTap= false topActivityLetterboxVerticalPosition= -1 topActivityLetterboxHorizontalPosition= -1 topActivityLetterboxWidth=-1 topActivityLetterboxHeight=-1 topActivityAppBounds=Rect(0, 91 - 1080, 2196) isUserFullscreenOverrideEnabled=false isSystemFullscreenOverrideEnabled=false hasMinAspectRatioOverride=false topActivityLetterboxBounds=null cameraCompatTaskInfo=CameraCompatTaskInfo { freeformCameraCompatMode=inactive} topActivityBounds=null topActivityInDisplayCompat=false singleTapFromLetterbox=false} topActivityMainWindowFrame=null originallySupportedMultiWindow=true hasWallpaper=false rootAffinity=10553:com.anonymous.dungeoncrawler isTopTaskInStage=false CoverLauncherWidgetTask=false LaunchedFromAppsCoverLauncherTask=false LaunchedFromMultistarCoverLauncherTask=false isAllowedSeamlessRotation=false isTopTransparentActivity=false isAliasManaged=false hasConfigChanged=false snappingGuideBounds=null isAiKeyRemoveAppTask=false lastDesktopWindowingBounds=null lastExternalDesktopWindowingBounds=null safeCutoutInsets=null}, pipChange = null, remoteTransition = null, displayChange = null, flags = 0, debugId = 2879 }
01-15 20:13:32.820  7045  7045 I SemDvfsHyPerManager: acquire hyper - APP_START/7045@26, type = -999
01-15 20:13:32.820  3719  3866 V ShellDesktopMode: DesktopTasksController: isDesktopModeShowing: hasVisibleTasks=false hasTopTransparentFullscreenTask=false
01-15 20:13:32.820  3719  3866 V ShellDesktopMode: DesktopTasksController: isDesktopModeShowing: hasVisibleTasks=false hasTopTransparentFullscreenTask=false
01-15 20:13:32.820  3719  3866 D ShellSplitScreen: logExit: no-op, mLoggerSessionId is null
01-15 20:13:32.820  3719  3866 D ShellDesktopMode: handleRequest: TransitionRequestInfo {type=1, tid=4773, debugId=2879}
01-15 20:13:32.820  3719  3866 V ShellDesktopMode: DesktopTasksController: handleFullscreenTaskLaunch
01-15 20:13:32.820  3719  3866 V ShellDesktopMode: DesktopTasksController: isDesktopModeShowing: hasVisibleTasks=false hasTopTransparentFullscreenTask=false
01-15 20:13:32.820  1744  1902 I HYPER-HAL: [RequestManager.cpp]acquire(): Acquired ID : 25003082  [7045 / 26]    HINT : APP_START    list : 
01-15 20:13:32.821  3719  3866 V ShellDesktopMode: DesktopTasksController: handleRequest result=null
01-15 20:13:32.821  2383  3692 V WindowManager: Starting Transition 2879, caller=com.android.server.wm.WindowOrganizerController.startTransition:47 com.android.server.wm.WindowOrganizerController.startTransition:1 android.window.IWindowOrganizerController$Stub.onTransact:259 
01-15 20:13:32.821  1868  1868 I SurfaceFlinger: SFWD update time=382816079949279
01-15 20:13:32.821  1868  1868 I SurfaceFlinger: [Display 0 name="Built-in Screen"#49] setFrameRateCategory: High
01-15 20:13:32.821  1868  1868 I SurfaceFlinger: [Task=4773#45491] attach to parent LayerHierarchy{RequestedLayerState{DefaultTaskDisplayArea_d0#10 parentId=9} 29 children}
01-15 20:13:32.821  1868  1868 I SurfaceFlinger: [ActivityRecord{201323759 u0 com.anonymous.dungeoncrawler/.MainActivity t4773}#45492] attach to parent LayerHierarchy{RequestedLayerState{Task=4773#45491 parentId=10} 1 children}
01-15 20:13:32.822  4520  4630 I HoneySpace.TopTaskSource: onTaskMovedToFront : taskId = 4773, displayId = 0
01-15 20:13:32.822  4520  4632 I HoneySpace.TopTaskUseCase: topTasks 4773 ComponentInfo{com.anonymous.dungeoncrawler/com.anonymous.dungeoncrawler.MainActivity}[displayId=0]
01-15 20:13:32.824  3719  3866 D ShellDesktopMode: [u0] DesktopRepository: Removes freeform task: taskId=4772
01-15 20:13:32.824  3719  3866 W ShellDesktopMode: [u0] DesktopRepository: No display id found for task: taskId=4772
01-15 20:13:32.824  3719  3866 D ShellDesktopMode: [u0] DesktopRepository: Removes freeform task: taskId=4772
01-15 20:13:32.824  3719  3866 W ShellDesktopMode: [u0] DesktopRepository: No display id found for task: taskId=4772
01-15 20:13:32.824  2383  2878 I DisplayDeviceRepository: Display device changed render timings: "Built-in Screen", renderFrameRate=60.000004, presentationDeadlineNanos=9333333, appVsyncOffsetNanos=16666666, frameRateOverrides=[{uid=10045 frameRateHz=60.000004}]
01-15 20:13:32.824  4520 12151 I HoneySpace.RecentTasks: onRecentTasksChanged
01-15 20:13:32.824  4520 13450 I HoneySpace.RecentTasks: onRecentTasksChanged
01-15 20:13:32.825  3719  3719 D DisplayLifecycle: updateDisplay id = 0
01-15 20:13:32.825  3719  3719 I AODTriggers: onAODEventDispatched = 4 / eventData = aod.e0@df7f397
01-15 20:13:32.825  3719  3719 I AOD_LIVE_CLOCK@LiveClockController: updateDisplayState: DISPLAY_STATE_OFF
01-15 20:13:32.825  3719  3911 D StackScroller: onDisplayChanged for predraw skip to 1
01-15 20:13:32.825  2383  4337 D WifiDisplayAdapter: isFitToActiveDisplayLocked : false
01-15 20:13:32.826  2383  3692 W ParceledListSlice: Element #8 is 18476 bytes.
01-15 20:13:32.826  2383  3692 W ParceledListSlice: Element #9 is 19392 bytes.
01-15 20:13:32.827  2383  3692 W ParceledListSlice: Element #22 is 21248 bytes.
01-15 20:13:32.829  2383  3422 D BackgroundInstallControlService: Package event received: 0
01-15 20:13:32.830  2383  3422 D BackgroundInstallControlService: Package event received: 0
01-15 20:13:32.830  2383  4337 I ActivityManager: Changes in 10119 8 to 6, 0 to 128
01-15 20:13:32.832  2383  2467 W ParceledListSlice: Element #8 is 18476 bytes.
01-15 20:13:32.832  2383  2467 W ParceledListSlice: Element #9 is 19392 bytes.
01-15 20:13:32.832  2383  4337 I ActivityManager: Changes in 10119 6 to 8, 128 to 0
01-15 20:13:32.832  2383  3422 D BackgroundInstallControlService: Package event received: 0
01-15 20:13:32.832  2383  3422 D BackgroundInstallControlService: Package event received: 0
01-15 20:13:32.832  2383  3692 W ParceledListSlice: Element #22 is 21248 bytes.
01-15 20:13:32.836  1635  1635 D Zygote  : Forked child process 14345
01-15 20:13:32.836  2383  2902 D DeviceReportingSecurityChecker: getStatus
01-15 20:13:32.836  2383  2902 D DeviceReportingSecurityChecker: mIsICDStatus is true
01-15 20:13:32.836  2383  2902 D DeviceReportingSecurityChecker: mIsSim is true
01-15 20:13:32.836  2383  2902 D DeviceReportingSecurityChecker: mIsEchoAppSignature is true
01-15 20:13:32.836  2383  2902 D DeviceReportingSecurityChecker: security check passed
01-15 20:13:32.836  2383  2902 D DeviceReportingSecurityChecker: mIsICDStatus === true mIsSim == true mIsMyAccountSignature== false mIsEchoAppSignature== true mIsSprintHubSignature== false
01-15 20:13:32.836  2383  2902 I ActivityManager: Start proc 14345:com.anonymous.dungeoncrawler/u0a553 for top-activity {com.anonymous.dungeoncrawler/com.anonymous.dungeoncrawler.MainActivity}
01-15 20:13:32.836  2383  2902 D DynamicHiddenApp_BGProtectManager: [SecIpm] it's a ML_TYPE_EMPTYPROCESS protected process com.anonymous.dungeoncrawler
01-15 20:13:32.836  2383  2902 I ActivityManager: ProcessObserver broadcast disabled
01-15 20:13:32.837  3719  3911 D AppOpsPrivacyItemMonitor: showLocationSystemApps  AppOpItem(Op code=1, UID=10299, AttributionTag=null, Package name=com.tmobile.echolocate, Paused=false)
01-15 20:13:32.840  1068  1068 D io_stats: !@ Read_top(KB): ch_zygote:normal(14345) 16 system_server:normal(2383) 4
01-15 20:13:32.841  1068  1068 D io_stats: !@ Write_top(KB): kworker/u17:1:/(7692) 1244
01-15 20:13:32.846 14345 14345 I .dungeoncrawler: Using CollectorTypeCMC GC.
01-15 20:13:32.847 28027 30154 E DataMetrics5gSa: isMyAccountSigPresent(): package is not installed
01-15 20:13:32.848 28027 30154 D DataMetrics5gSa: DataMetrics5gSa(): isModelSupported() =true, isTmoSim=true, isTmoSalesCode=true, isCalledFromTmo=true, isMyAccountSigPresent=false, isEchoAppSigPresent=true
01-15 20:13:32.848 14345 14345 E .dungeoncrawler: Not starting debugger since process cannot load the jdwp agent.
01-15 20:13:32.848 28027 28027 D DataMetrics5gSa: TelephonyDisplayInfo.getNetworkType(): ==20
01-15 20:13:32.848 28027 28027 D DataMetrics5gSa: TelephonyDisplayInfo.getOverrideNetworkType(): ==3
01-15 20:13:32.848 28027 28027 D DataMetrics5gSa: TelephonyDisplayInfo.is5gAvailable(): ==false
01-15 20:13:32.849 28027 30154 D DataMetrics5gSa: getWifiCallingSettings(): ret=CELLULAR
01-15 20:13:32.849 28027 30154 D DataMetrics5gSa: getCommonDataSettings(): ret=ON for setting value=wifi_on
01-15 20:13:32.849 28027 30154 D DataMetrics5gSa: getCommonDataSettings(): ret=ON for setting value=data_roaming
01-15 20:13:32.849 28027 30154 D DataMetrics5gSa: rttSetting: 4
01-15 20:13:32.849 28027 30154 D DataMetrics5gSa: getRttSetting(): ret=MANUAL
01-15 20:13:32.849 28027 30154 D DataMetrics5gSa: getRttTranscriptSetting(): currently not supported
01-15 20:13:32.850 14345 14345 D nativeloader: Load libframework-connectivity-tiramisu-jni.so using APEX ns com_android_tethering for caller /apex/com.android.tethering/javalib/framework-connectivity-t.jar: ok
01-15 20:13:32.851 14345 14345 D ActivityThread: setConscryptValidator
01-15 20:13:32.851 28027 30154 D DataMetrics5gSa: getNetworkModeSetting(): ret= 5G
01-15 20:13:32.851 28027 30154 D DataMetrics5gSa: getCarrierConfigVersion = IN
01-15 20:13:32.851 28027 30154 D DataMetrics5gSa: getCarrierConfigVersion projection = [Ljava.lang.String;@1a1cb53
01-15 20:13:32.851 14345 14345 D ActivityThread: setConscryptValidator - put
01-15 20:13:32.852 28027 30154 D DataMetrics5gSa: getCarrierConfigVersion Cursor = IN
01-15 20:13:32.852 28027 30154 D DataMetrics5gSa: getCarrierConfigVersion cursor= 1.0000
01-15 20:13:32.853 28027 30154 D DataMetrics5gSa: userVonrSetting(): ret=ON
01-15 20:13:32.855  2383  3692 I ActivityManager: Changes in 10553 20 to 19, 0 to 255
01-15 20:13:32.855  8847  8909 I SAMSUNGWALLET: [Hint_ProcessStatusChange] fg Change, pid : 14345 , isNotify : true , isForeground : true , fg list : []
01-15 20:13:32.855  2383  2876 D SGM:GameManager: identifyForegroundApp. com.sec.android.app.launcher, mCurrentUserId: 0, callerUserId: 0
01-15 20:13:32.855  2383  2876 D SGM:SemGameManager: isForegroundGame(), ret=false
01-15 20:13:32.855  2383  2876 D FingerprintProvider/default: onForegroundActivitiesChanged: pid = 14345, uid = 10553, foregroundActivities = true
01-15 20:13:32.855  2383  3335 V NetworkPolicy: getFirewallRuleWifi UID:10553 policy:0
01-15 20:13:32.855  8847  8909 I SAMSUNGWALLET[US]: [ProcessStatusChange] fg Change, pid : 14345 , isNotify : true , isForeground : true , fg list : [4520, 14345, 8685]
01-15 20:13:32.856  2383  2876 D PkgPredictorService-SecIpmManagerServiceImpl: onForegroundActivitiesChanged pid:14345 uid:10553
01-15 20:13:32.856  2383  2876 D SGM:GameManager: identifyForegroundApp. com.sec.android.app.launcher, mCurrentUserId: 0, callerUserId: 0
01-15 20:13:32.856  2383  2876 D SGM:SemGameManager: isForegroundGame(), ret=false
01-15 20:13:32.856  2383  2876 D NetworkPolicy: already checked 10553
01-15 20:13:32.856  2383  2876 D FingerprintProvider/default: onForegroundActivitiesChanged: pid = 14345, uid = 10553, foregroundActivities = true
01-15 20:13:32.856 28027 30154 D DataMetrics5gSa: userVonrSetting(): ret=ON
01-15 20:13:32.856 28027 30154 D DataMetrics5gSa: getVonrStatus(): ret=CAPABLE
01-15 20:13:32.856 28027 30154 D DataMetrics5gSa: getCarrierSa5gBandConfig : content://com.samsung.ims.entitlementconfig.provider/config/xpath?tag_name=%2F%2FStandaloneBands5G_NRCA
01-15 20:13:32.856 14345 14345 D CompatChangeReporter: Compat change id reported: 242716250; UID 10553; state: ENABLED
01-15 20:13:32.856  2383  4928 V PkgPredictorService-SecIpmManagerServiceImpl: discard foreground app:com.anonymous.dungeoncrawler 0|false
01-15 20:13:32.857  8847 12697 I SAMSUNGWALLET[US]: [ProcessMonitor] App went to background.
01-15 20:13:32.857  4117  4158 I EntitlementConfigProvider: Empty slot. query regardless slot
01-15 20:13:32.857  8847  2323 I SAMSUNGWALLET: [Hint_ProcessStatusChange] fg Change, pid : 14345 , isNotify : false , isForeground : true , fg list : []
01-15 20:13:32.857  2383  2876 D SGM:GameManager: identifyForegroundApp. com.sec.android.app.launcher, mCurrentUserId: 0, callerUserId: 0
01-15 20:13:32.857  2383  2876 D SGM:SemGameManager: isForegroundGame(), ret=false
01-15 20:13:32.857  2383  2876 D NetworkPolicy: already checked 10553
01-15 20:13:32.857  2383  2876 D FingerprintProvider/default: onForegroundActivitiesChanged: pid = 14345, uid = 10553, foregroundActivities = true
01-15 20:13:32.857  8847  8909 I SAMSUNGWALLET: [Hint_ProcessStatusChange] fg Change, pid : 14345 , isNotify : false , isForeground : true , fg list : []
01-15 20:13:32.857  8847  8909 I SAMSUNGWALLET[US]: [ProcessStatusChange] fg Change, pid : 14345 , isNotify : false , isForeground : true , fg list : [4520, 14345, 8685]
01-15 20:13:32.857  8847  2323 I SAMSUNGWALLET[US]: [ProcessStatusChange] fg Change, pid : 14345 , isNotify : false , isForeground : true , fg list : [4520, 14345, 8685]
01-15 20:13:32.858  8847  8847 I SAMSUNGWALLET: [Hint_PayHintService] Hint Status - already invisible, skip hide : [4000003] - 3
01-15 20:13:32.858  5550  5572 V OsAgent : broadcastSystemEvent - 7
01-15 20:13:32.859 28027 30154 D DataMetrics5gSa: getCarrierSa5gBandConfig rowNum=: 6
01-15 20:13:32.859 28027 30154 D DataMetrics5gSa: getCarrierSa5gBandConfig columnNum=: 2
01-15 20:13:32.859 28027 30154 D DataMetrics5gSa: getCarrierSa5gBandConfig TagValue: StandaloneBands5G_NRCA/SAn41Enabled_NRCA
01-15 20:13:32.859 28027 30154 D DataMetrics5gSa: getCarrierSa5gBandConfig Tag: SAn41Enabled_NRCA
01-15 20:13:32.859 28027 30154 D DataMetrics5gSa: getCarrierSa5gBandConfig TagValue: true
01-15 20:13:32.859 28027 30154 D DataMetrics5gSa: getCarrierSa5gBandConfig Value: true
01-15 20:13:32.859 28027 30154 D DataMetrics5gSa: getCarrierSa5gBandConfig TagValue: StandaloneBands5G_NRCA/SAn71Enabled_NRCA
01-15 20:13:32.859 28027 30154 D DataMetrics5gSa: getCarrierSa5gBandConfig Tag: SAn71Enabled_NRCA
01-15 20:13:32.859 28027 30154 D DataMetrics5gSa: getCarrierSa5gBandConfig TagValue: true
01-15 20:13:32.859 28027 30154 D DataMetrics5gSa: getCarrierSa5gBandConfig Value: true
01-15 20:13:32.859 28027 30154 D DataMetrics5gSa: getCarrierSa5gBandConfig TagValue: StandaloneBands5G_NRCA/SAn25Enabled_NRCA
01-15 20:13:32.859 28027 30154 D DataMetrics5gSa: getCarrierSa5gBandConfig Tag: SAn25Enabled_NRCA
01-15 20:13:32.859 28027 30154 D DataMetrics5gSa: getCarrierSa5gBandConfig TagValue: true
01-15 20:13:32.859 28027 30154 D DataMetrics5gSa: getCarrierSa5gBandConfig Value: true
01-15 20:13:32.859 28027 30154 D DataMetrics5gSa: getCarrierSa5gBandConfig TagValue: StandaloneBands5G_NRCA/SAn77Enabled_NRCA
01-15 20:13:32.859 28027 30154 D DataMetrics5gSa: getCarrierSa5gBandConfig Tag: SAn77Enabled_NRCA
01-15 20:13:32.859 28027 30154 D DataMetrics5gSa: getCarrierSa5gBandConfig TagValue: true
01-15 20:13:32.859 28027 30154 D DataMetrics5gSa: getCarrierSa5gBandConfig Value: true
01-15 20:13:32.859 28027 30154 D DataMetrics5gSa: getCarrierSa5gBandConfig TagValue: StandaloneBands5G_NRCA/SAn66Enabled_NRCA
01-15 20:13:32.859 28027 30154 D DataMetrics5gSa: getCarrierSa5gBandConfig Tag: SAn66Enabled_NRCA
01-15 20:13:32.859 28027 30154 D DataMetrics5gSa: getCarrierSa5gBandConfig TagValue: true
01-15 20:13:32.859 28027 30154 D DataMetrics5gSa: getCarrierSa5gBandConfig Value: true
01-15 20:13:32.859 28027 30154 D DataMetrics5gSa: getCarrierSa5gBandConfig TagValue: StandaloneBands5G_NRCA/SAn48Enabled_NRCA
01-15 20:13:32.859 28027 30154 D DataMetrics5gSa: getCarrierSa5gBandConfig Tag: SAn48Enabled_NRCA
01-15 20:13:32.859 28027 30154 D DataMetrics5gSa: getCarrierSa5gBandConfig TagValue: true
01-15 20:13:32.859 28027 30154 D DataMetrics5gSa: getCarrierSa5gBandConfig Value: true
01-15 20:13:32.859 28027 30154 D DataMetrics5gSa: getCarrierSa5gBandConfig : content://com.samsung.ims.entitlementconfig.provider/config/xpath?tag_name=%2F%2FStandaloneBands5G
01-15 20:13:32.859  4117  4158 I EntitlementConfigProvider: Empty slot. query regardless slot
01-15 20:13:32.861 28027 30154 D DataMetrics5gSa: getCarrierSa5gBandConfig : cursor is null
01-15 20:13:32.861 28027 30154 D DataMetrics5gSa: getCarrierSa5gBandConfig : content://com.samsung.ims.entitlementconfig.provider/config/xpath?tag_name=%2F%2FTT_NR_CA
01-15 20:13:32.861  4117  4158 I EntitlementConfigProvider: Empty slot. query regardless slot
01-15 20:13:32.863 28027 30154 D DataMetrics5gSa: getCarrierSa5gBandConfig rowNum=: 5
01-15 20:13:32.863 28027 30154 D DataMetrics5gSa: getCarrierSa5gBandConfig columnNum=: 2
01-15 20:13:32.863 28027 30154 D DataMetrics5gSa: getCarrierSa5gBandConfig TagValue: TT_NR_CA/n41_AC
01-15 20:13:32.863 28027 30154 D DataMetrics5gSa: getCarrierSa5gBandConfig Tag: n41_AC
01-15 20:13:32.863 28027 30154 D DataMetrics5gSa: getCarrierSa5gBandConfig TagValue: true
01-15 20:13:32.863 28027 30154 D DataMetrics5gSa: getCarrierSa5gBandConfig Value: true
01-15 20:13:32.863 28027 30154 D DataMetrics5gSa: getCarrierSa5gBandConfig TagValue: TT_NR_CA/n41_2A
01-15 20:13:32.863 28027 30154 D DataMetrics5gSa: getCarrierSa5gBandConfig Tag: n41_2A
01-15 20:13:32.863 28027 30154 D DataMetrics5gSa: getCarrierSa5gBandConfig TagValue: true
01-15 20:13:32.863 28027 30154 D DataMetrics5gSa: getCarrierSa5gBandConfig Value: true
01-15 20:13:32.863 28027 30154 D DataMetrics5gSa: getCarrierSa5gBandConfig TagValue: TT_NR_CA/n41C
01-15 20:13:32.863 28027 30154 D DataMetrics5gSa: getCarrierSa5gBandConfig Tag: n41C
01-15 20:13:32.863 28027 30154 D DataMetrics5gSa: getCarrierSa5gBandConfig TagValue: true
01-15 20:13:32.863 28027 30154 D DataMetrics5gSa: getCarrierSa5gBandConfig Value: true
01-15 20:13:32.863 28027 30154 D DataMetrics5gSa: getCarrierSa5gBandConfig TagValue: TT_NR_CA/n41_4A
01-15 20:13:32.863 28027 30154 D DataMetrics5gSa: getCarrierSa5gBandConfig Tag: n41_4A
01-15 20:13:32.863 28027 30154 D DataMetrics5gSa: getCarrierSa5gBandConfig TagValue: true
01-15 20:13:32.863 28027 30154 D DataMetrics5gSa: getCarrierSa5gBandConfig Value: true
01-15 20:13:32.863 28027 30154 D DataMetrics5gSa: getCarrierSa5gBandConfig TagValue: TT_NR_CA/n41_3A
01-15 20:13:32.863 28027 30154 D DataMetrics5gSa: getCarrierSa5gBandConfig Tag: n41_3A
01-15 20:13:32.863 28027 30154 D DataMetrics5gSa: getCarrierSa5gBandConfig TagValue: true
01-15 20:13:32.863 28027 30154 D DataMetrics5gSa: getCarrierSa5gBandConfig Value: true
01-15 20:13:32.863 28027 30154 D DataMetrics5gSa: getCarrierSa5gBandConfig : content://com.samsung.ims.entitlementconfig.provider/config/xpath?tag_name=%2F%2FFF_NR_CA
01-15 20:13:32.863  4117  4158 I EntitlementConfigProvider: Empty slot. query regardless slot
01-15 20:13:32.864 14345 14345 D nativeloader: Configuring clns-9 for other apk /data/app/~~YoKgp145yHLeeqhXobE0oQ==/com.anonymous.dungeoncrawler-01paK_x9LljgV78scPzfrQ==/base.apk. target_sdk_version=34, uses_libraries=, library_path=/data/app/~~YoKgp145yHLeeqhXobE0oQ==/com.anonymous.dungeoncrawler-01paK_x9LljgV78scPzfrQ==/lib/arm64:/data/app/~~YoKgp145yHLeeqhXobE0oQ==/com.anonymous.dungeoncrawler-01paK_x9LljgV78scPzfrQ==/base.apk!/lib/arm64-v8a, permitted_path=/data:/mnt/expand:/data/user/0/com.anonymous.dungeoncrawler
01-15 20:13:32.864 28027 30154 D DataMetrics5gSa: getCarrierSa5gBandConfig rowNum=: 7
01-15 20:13:32.864 28027 30154 D DataMetrics5gSa: getCarrierSa5gBandConfig columnNum=: 2
01-15 20:13:32.864 28027 30154 D DataMetrics5gSa: getCarrierSa5gBandConfig TagValue: FF_NR_CA/n25_2A_n71A
01-15 20:13:32.864 28027 30154 D DataMetrics5gSa: getCarrierSa5gBandConfig Tag: n25_2A_n71A
01-15 20:13:32.864 28027 30154 D DataMetrics5gSa: getCarrierSa5gBandConfig TagValue: true
01-15 20:13:32.864 28027 30154 D DataMetrics5gSa: getCarrierSa5gBandConfig Value: true
01-15 20:13:32.864 28027 30154 D DataMetrics5gSa: getCarrierSa5gBandConfig TagValue: FF_NR_CA/n25A_n66A_n71B
01-15 20:13:32.864 28027 30154 D DataMetrics5gSa: getCarrierSa5gBandConfig Tag: n25A_n66A_n71B
01-15 20:13:32.864 28027 30154 D DataMetrics5gSa: getCarrierSa5gBandConfig TagValue: true
01-15 20:13:32.864 28027 30154 D DataMetrics5gSa: getCarrierSa5gBandConfig Value: true
01-15 20:13:32.864 28027 30154 D DataMetrics5gSa: getCarrierSa5gBandConfig TagValue: FF_NR_CA/n25A_n66A_n71A
01-15 20:13:32.864 28027 30154 D DataMetrics5gSa: getCarrierSa5gBandConfig Tag: n25A_n66A_n71A
01-15 20:13:32.864 28027 30154 D DataMetrics5gSa: getCarrierSa5gBandConfig TagValue: true
01-15 20:13:32.864 28027 30154 D DataMetrics5gSa: getCarrierSa5gBandConfig Value: true
01-15 20:13:32.864 28027 30154 D DataMetrics5gSa: getCarrierSa5gBandConfig TagValue: FF_NR_CA/n25A_n66A_n71_2A
01-15 20:13:32.864 28027 30154 D DataMetrics5gSa: getCarrierSa5gBandConfig Tag: n25A_n66A_n71_2A
01-15 20:13:32.864 28027 30154 D DataMetrics5gSa: getCarrierSa5gBandConfig TagValue: true
01-15 20:13:32.864 28027 30154 D DataMetrics5gSa: getCarrierSa5gBandConfig Value: true
01-15 20:13:32.864 28027 30154 D DataMetrics5gSa: getCarrierSa5gBandConfig TagValue: FF_NR_CA/n25_2A_n66A_n71A
01-15 20:13:32.864 28027 30154 D DataMetrics5gSa: getCarrierSa5gBandConfig Tag: n25_2A_n66A_n71A
01-15 20:13:32.864 28027 30154 D DataMetrics5gSa: getCarrierSa5gBandConfig TagValue: true
01-15 20:13:32.864 28027 30154 D DataMetrics5gSa: getCarrierSa5gBandConfig Value: true
01-15 20:13:32.864 28027 30154 D DataMetrics5gSa: getCarrierSa5gBandConfig TagValue: FF_NR_CA/n25_2A
01-15 20:13:32.864 28027 30154 D DataMetrics5gSa: getCarrierSa5gBandConfig Tag: n25_2A
01-15 20:13:32.864 28027 30154 D DataMetrics5gSa: getCarrierSa5gBandConfig TagValue: true
01-15 20:13:32.864 28027 30154 D DataMetrics5gSa: getCarrierSa5gBandConfig Value: true
01-15 20:13:32.864 28027 30154 D DataMetrics5gSa: getCarrierSa5gBandConfig TagValue: FF_NR_CA/n25A_n71A
01-15 20:13:32.864 28027 30154 D DataMetrics5gSa: getCarrierSa5gBandConfig Tag: n25A_n71A
01-15 20:13:32.864 28027 30154 D DataMetrics5gSa: getCarrierSa5gBandConfig TagValue: true
01-15 20:13:32.864 28027 30154 D DataMetrics5gSa: getCarrierSa5gBandConfig Value: true
01-15 20:13:32.864 28027 30154 D DataMetrics5gSa: getCarrierSa5gBandConfig : content://com.samsung.ims.entitlementconfig.provider/config/xpath?tag_name=%2F%2FFT_NR_CA
01-15 20:13:32.865  4117  4158 I EntitlementConfigProvider: Empty slot. query regardless slot
01-15 20:13:32.866 28027 30154 D DataMetrics5gSa: getCarrierSa5gBandConfig rowNum=: 13
01-15 20:13:32.866 28027 30154 D DataMetrics5gSa: getCarrierSa5gBandConfig columnNum=: 2
01-15 20:13:32.866 28027 30154 D DataMetrics5gSa: getCarrierSa5gBandConfig TagValue: FT_NR_CA/n25_2A_n41A_n66A
01-15 20:13:32.866 28027 30154 D DataMetrics5gSa: getCarrierSa5gBandConfig Tag: n25_2A_n41A_n66A
01-15 20:13:32.866 28027 30154 D DataMetrics5gSa: getCarrierSa5gBandConfig TagValue: true
01-15 20:13:32.866 28027 30154 D DataMetrics5gSa: getCarrierSa5gBandConfig Value: true
01-15 20:13:32.866 28027 30154 D DataMetrics5gSa: getCarrierSa5gBandConfig TagValue: FT_NR_CA/n25_2A_n41A_n71A
01-15 20:13:32.866 28027 30154 D DataMetrics5gSa: getCarrierSa5gBandConfig Tag: n25_2A_n41A_n71A
01-15 20:13:32.866 28027 30154 D DataMetrics5gSa: getCarrierSa5gBandConfig TagValue: true
01-15 20:13:32.866 28027 30154 D DataMetrics5gSa: getCarrierSa5gBandConfig Value: true
01-15 20:13:32.866 28027 30154 D DataMetrics5gSa: getCarrierSa5gBandConfig TagValue: FT_NR_CA/n25_2A_n41_AC
01-15 20:13:32.866 28027 30154 D DataMetrics5gSa: getCarrierSa5gBandConfig Tag: n25_2A_n41_AC
01-15 20:13:32.866 28027 30154 D DataMetrics5gSa: getCarrierSa5gBandConfig TagValue: true
01-15 20:13:32.866 28027 30154 D DataMetrics5gSa: getCarrierSa5gBandConfig Value: true
01-15 20:13:32.866 28027 30154 D DataMetrics5gSa: getCarrierSa5gBandConfig TagValue: FT_NR_CA/n25A_n41_AC_n66A
01-15 20:13:32.866 28027 30154 D DataMetrics5gSa: getCarrierSa5gBandConfig Tag: n25A_n41_AC_n66A
01-15 20:13:32.866 28027 30154 D DataMetrics5gSa: getCarrierSa5gBandConfig TagValue: true
01-15 20:13:32.866 28027 30154 D DataMetrics5gSa: getCarrierSa5gBandConfig Value: true
01-15 20:13:32.866 28027 30154 D DataMetrics5gSa: getCarrierSa5gBandConfig TagValue: FT_NR_CA/n25_2A_n41_3A
01-15 20:13:32.866 28027 30154 D DataMetrics5gSa: getCarrierSa5gBandConfig Tag: n25_2A_n41_3A
01-15 20:13:32.866 28027 30154 D DataMetrics5gSa: getCarrierSa5gBandConfig TagValue: true
01-15 20:13:32.866 28027 30154 D DataMetrics5gSa: getCarrierSa5gBandConfig Value: true
01-15 20:13:32.866 28027 30154 D DataMetrics5gSa: getCarrierSa5gBandConfig TagValue: FT_NR_CA/n25A_n41A
01-15 20:13:32.866 28027 30154 D DataMetrics5gSa: getCarrierSa5gBandConfig Tag: n25A_n41A
01-15 20:13:32.866 28027 30154 D DataMetrics5gSa: getCarrierSa5gBandConfig TagValue: true
01-15 20:13:32.866 28027 30154 D DataMetrics5gSa: getCarrierSa5gBandConfig Value: true
01-15 20:13:32.866 28027 30154 D DataMetrics5gSa: getCarrierSa5gBandConfig TagValue: FT_NR_CA/n41A_n66A_n71A
01-15 20:13:32.866 28027 30154 D DataMetrics5gSa: getCarrierSa5gBandConfig Tag: n41A_n66A_n71A
01-15 20:13:32.866 28027 30154 D DataMetrics5gSa: getCarrierSa5gBandConfig TagValue: true
01-15 20:13:32.866 28027 30154 D DataMetrics5gSa: getCarrierSa5gBandConfig Value: true
01-15 20:13:32.866 28027 30154 D DataMetrics5gSa: getCarrierSa5gBandConfig TagValue: FT_NR_CA/n25A_n41A_n66A_n71A
01-15 20:13:32.866 28027 30154 D DataMetrics5gSa: getCarrierSa5gBandConfig Tag: n25A_n41A_n66A_n71A
01-15 20:13:32.866 28027 30154 D DataMetrics5gSa: getCarrierSa5gBandConfig TagValue: true
01-15 20:13:32.866 28027 30154 D DataMetrics5gSa: getCarrierSa5gBandConfig Value: true
01-15 20:13:32.866 28027 30154 D DataMetrics5gSa: getCarrierSa5gBandConfig TagValue: FT_NR_CA/n25A_n41A_n71A
01-15 20:13:32.866 28027 30154 D DataMetrics5gSa: getCarrierSa5gBandConfig Tag: n25A_n41A_n71A
01-15 20:13:32.866 28027 30154 D DataMetrics5gSa: getCarrierSa5gBandConfig TagValue: true
01-15 20:13:32.866 28027 30154 D DataMetrics5gSa: getCarrierSa5gBandConfig Value: true
01-15 20:13:32.866 28027 30154 D DataMetrics5gSa: getCarrierSa5gBandConfig TagValue: FT_NR_CA/n25A_n41A_n66A
01-15 20:13:32.866 28027 30154 D DataMetrics5gSa: getCarrierSa5gBandConfig Tag: n25A_n41A_n66A
01-15 20:13:32.866 28027 30154 D DataMetrics5gSa: getCarrierSa5gBandConfig TagValue: true
01-15 20:13:32.866 28027 30154 D DataMetrics5gSa: getCarrierSa5gBandConfig Value: true
01-15 20:13:32.866 28027 30154 D DataMetrics5gSa: getCarrierSa5gBandConfig TagValue: FT_NR_CA/n25A_n41_3A_n66A
01-15 20:13:32.866 28027 30154 D DataMetrics5gSa: getCarrierSa5gBandConfig Tag: n25A_n41_3A_n66A
01-15 20:13:32.866 28027 30154 D DataMetrics5gSa: getCarrierSa5gBandConfig TagValue: true
01-15 20:13:32.866 28027 30154 D DataMetrics5gSa: getCarrierSa5gBandConfig Value: true
01-15 20:13:32.866 28027 30154 D DataMetrics5gSa: getCarrierSa5gBandConfig TagValue: FT_NR_CA/n25_2A_n41A
01-15 20:13:32.866 28027 30154 D DataMetrics5gSa: getCarrierSa5gBandConfig Tag: n25_2A_n41A
01-15 20:13:32.866 14345 14345 V GraphicsEnvironment: Currently set values for:
01-15 20:13:32.866 28027 30154 D DataMetrics5gSa: getCarrierSa5gBandConfig TagValue: true
01-15 20:13:32.866 28027 30154 D DataMetrics5gSa: getCarrierSa5gBandConfig Value: true
01-15 20:13:32.866 14345 14345 V GraphicsEnvironment:   angle_gl_driver_selection_pkgs=[]
01-15 20:13:32.866 14345 14345 V GraphicsEnvironment:   angle_gl_driver_selection_values=[]
01-15 20:13:32.866 28027 30154 D DataMetrics5gSa: getCarrierSa5gBandConfig TagValue: FT_NR_CA/n41A_n71A
01-15 20:13:32.866 14345 14345 V GraphicsEnvironment: com.anonymous.dungeoncrawler is not listed in per-application setting
01-15 20:13:32.866 28027 30154 D DataMetrics5gSa: getCarrierSa5gBandConfig Tag: n41A_n71A
01-15 20:13:32.866 28027 30154 D DataMetrics5gSa: getCarrierSa5gBandConfig TagValue: true
01-15 20:13:32.866 28027 30154 D DataMetrics5gSa: getCarrierSa5gBandConfig Value: true
01-15 20:13:32.866 28027 30154 D DataMetrics5gSa: getCarrierSa5gBandConfig : content://com.samsung.ims.entitlementconfig.provider/config/xpath?tag_name=%2F%2FTF_NR_CA
01-15 20:13:32.866 14345 14345 V GraphicsEnvironment: ANGLE allowlist from config: 
01-15 20:13:32.866 14345 14345 V GraphicsEnvironment: com.anonymous.dungeoncrawler is not listed in ANGLE allowlist or settings, returning default
01-15 20:13:32.866 14345 14345 V GraphicsEnvironment: App is not on the allowlist for updatable production driver.
01-15 20:13:32.867  4117  4158 I EntitlementConfigProvider: Empty slot. query regardless slot
01-15 20:13:32.868 28027 30154 D DataMetrics5gSa: getCarrierSa5gBandConfig rowNum=: 16
01-15 20:13:32.868 28027 30154 D DataMetrics5gSa: getCarrierSa5gBandConfig columnNum=: 2
01-15 20:13:32.868 28027 30154 D DataMetrics5gSa: getCarrierSa5gBandConfig TagValue: TF_NR_CA/n41_2A_n71A
01-15 20:13:32.868 28027 30154 D DataMetrics5gSa: getCarrierSa5gBandConfig Tag: n41_2A_n71A
01-15 20:13:32.868 28027 30154 D DataMetrics5gSa: getCarrierSa5gBandConfig TagValue: true
01-15 20:13:32.868 28027 30154 D DataMetrics5gSa: getCarrierSa5gBandConfig Value: true
01-15 20:13:32.868 28027 30154 D DataMetrics5gSa: getCarrierSa5gBandConfig TagValue: TF_NR_CA/n25A_n41C
01-15 20:13:32.868 28027 30154 D DataMetrics5gSa: getCarrierSa5gBandConfig Tag: n25A_n41C
01-15 20:13:32.868 28027 30154 D DataMetrics5gSa: getCarrierSa5gBandConfig TagValue: true
01-15 20:13:32.868 28027 30154 D DataMetrics5gSa: getCarrierSa5gBandConfig Value: true
01-15 20:13:32.868 28027 30154 D DataMetrics5gSa: getCarrierSa5gBandConfig TagValue: TF_NR_CA/n41C_n71A
01-15 20:13:32.868 28027 30154 D DataMetrics5gSa: getCarrierSa5gBandConfig Tag: n41C_n71A
01-15 20:13:32.868 28027 30154 D DataMetrics5gSa: getCarrierSa5gBandConfig TagValue: true
01-15 20:13:32.868 28027 30154 D DataMetrics5gSa: getCarrierSa5gBandConfig Value: true
01-15 20:13:32.868 28027 30154 D DataMetrics5gSa: getCarrierSa5gBandConfig TagValue: TF_NR_CA/n25_2A_n41C
01-15 20:13:32.868 28027 30154 D DataMetrics5gSa: getCarrierSa5gBandConfig Tag: n25_2A_n41C
01-15 20:13:32.868 28027 30154 D DataMetrics5gSa: getCarrierSa5gBandConfig TagValue: true
01-15 20:13:32.868 28027 30154 D DataMetrics5gSa: getCarrierSa5gBandConfig Value: true
01-15 20:13:32.868 28027 30154 D DataMetrics5gSa: getCarrierSa5gBandConfig TagValue: TF_NR_CA/n25A_n41C_n71A
01-15 20:13:32.868 28027 30154 D DataMetrics5gSa: getCarrierSa5gBandConfig Tag: n25A_n41C_n71A
01-15 20:13:32.868 28027 30154 D DataMetrics5gSa: getCarrierSa5gBandConfig TagValue: true
01-15 20:13:32.868 28027 30154 D DataMetrics5gSa: getCarrierSa5gBandConfig Value: true
01-15 20:13:32.868 28027 30154 D DataMetrics5gSa: getCarrierSa5gBandConfig TagValue: TF_NR_CA/n25_2A_n41_2A
01-15 20:13:32.868 28027 30154 D DataMetrics5gSa: getCarrierSa5gBandConfig Tag: n25_2A_n41_2A
01-15 20:13:32.868 28027 30154 D DataMetrics5gSa: getCarrierSa5gBandConfig TagValue: true
01-15 20:13:32.868 28027 30154 D DataMetrics5gSa: getCarrierSa5gBandConfig Value: true
01-15 20:13:32.868 28027 30154 D DataMetrics5gSa: getCarrierSa5gBandConfig TagValue: TF_NR_CA/n41C_n66A
01-15 20:13:32.868 28027 30154 D DataMetrics5gSa: getCarrierSa5gBandConfig Tag: n41C_n66A
01-15 20:13:32.868 28027 30154 D DataMetrics5gSa: getCarrierSa5gBandConfig TagValue: true
01-15 20:13:32.868 28027 30154 D DataMetrics5gSa: getCarrierSa5gBandConfig Value: true
01-15 20:13:32.868 28027 30154 D DataMetrics5gSa: getCarrierSa5gBandConfig TagValue: TF_NR_CA/n25A_n41_2A_n71A
01-15 20:13:32.868 28027 30154 D DataMetrics5gSa: getCarrierSa5gBandConfig Tag: n25A_n41_2A_n71A
01-15 20:13:32.868 28027 30154 D DataMetrics5gSa: getCarrierSa5gBandConfig TagValue: true
01-15 20:13:32.868 28027 30154 D DataMetrics5gSa: getCarrierSa5gBandConfig Value: true
01-15 20:13:32.868 28027 30154 D DataMetrics5gSa: getCarrierSa5gBandConfig TagValue: TF_NR_CA/n25A_n41C_n66A
01-15 20:13:32.868 28027 30154 D DataMetrics5gSa: getCarrierSa5gBandConfig Tag: n25A_n41C_n66A
01-15 20:13:32.868 28027 30154 D DataMetrics5gSa: getCarrierSa5gBandConfig TagValue: true
01-15 20:13:32.868 28027 30154 D DataMetrics5gSa: getCarrierSa5gBandConfig Value: true
01-15 20:13:32.868 28027 30154 D DataMetrics5gSa: getCarrierSa5gBandConfig TagValue: TF_NR_CA/n25A_n41_AC
01-15 20:13:32.868 28027 30154 D DataMetrics5gSa: getCarrierSa5gBandConfig Tag: n25A_n41_AC
01-15 20:13:32.868 28027 30154 D DataMetrics5gSa: getCarrierSa5gBandConfig TagValue: true
01-15 20:13:32.868 28027 30154 D DataMetrics5gSa: getCarrierSa5gBandConfig Value: true
01-15 20:13:32.868 28027 30154 D DataMetrics5gSa: getCarrierSa5gBandConfig TagValue: TF_NR_CA/n25A_n41_3A
01-15 20:13:32.868 28027 30154 D DataMetrics5gSa: getCarrierSa5gBandConfig Tag: n25A_n41_3A
01-15 20:13:32.868 28027 30154 D DataMetrics5gSa: getCarrierSa5gBandConfig TagValue: true
01-15 20:13:32.868 28027 30154 D DataMetrics5gSa: getCarrierSa5gBandConfig Value: true
01-15 20:13:32.868 28027 30154 D DataMetrics5gSa: getCarrierSa5gBandConfig TagValue: TF_NR_CA/n25A_n41_2A
01-15 20:13:32.868 28027 30154 D DataMetrics5gSa: getCarrierSa5gBandConfig Tag: n25A_n41_2A
01-15 20:13:32.868 28027 30154 D DataMetrics5gSa: getCarrierSa5gBandConfig TagValue: true
01-15 20:13:32.868 28027 30154 D DataMetrics5gSa: getCarrierSa5gBandConfig Value: true
01-15 20:13:32.868 28027 30154 D DataMetrics5gSa: getCarrierSa5gBandConfig TagValue: TF_NR_CA/n25A_n41_2A_n66A
01-15 20:13:32.868 28027 30154 D DataMetrics5gSa: getCarrierSa5gBandConfig Tag: n25A_n41_2A_n66A
01-15 20:13:32.868 28027 30154 D DataMetrics5gSa: getCarrierSa5gBandConfig TagValue: true
01-15 20:13:32.868 28027 30154 D DataMetrics5gSa: getCarrierSa5gBandConfig Value: true
01-15 20:13:32.868 28027 30154 D DataMetrics5gSa: getCarrierSa5gBandConfig TagValue: TF_NR_CA/n41C_n66A_n71A
01-15 20:13:32.868 28027 30154 D DataMetrics5gSa: getCarrierSa5gBandConfig Tag: n41C_n66A_n71A
01-15 20:13:32.869 28027 30154 D DataMetrics5gSa: getCarrierSa5gBandConfig TagValue: true
01-15 20:13:32.869 28027 30154 D DataMetrics5gSa: getCarrierSa5gBandConfig Value: true
01-15 20:13:32.869 28027 30154 D DataMetrics5gSa: getCarrierSa5gBandConfig TagValue: TF_NR_CA/n41_2A_n66A
01-15 20:13:32.869 28027 30154 D DataMetrics5gSa: getCarrierSa5gBandConfig Tag: n41_2A_n66A
01-15 20:13:32.869 28027 30154 D DataMetrics5gSa: getCarrierSa5gBandConfig TagValue: true
01-15 20:13:32.869 28027 30154 D DataMetrics5gSa: getCarrierSa5gBandConfig Value: true
01-15 20:13:32.869 28027 30154 D DataMetrics5gSa: getCarrierSa5gBandConfig TagValue: TF_NR_CA/n41_2A_n66A_n71A
