01-15 20:13:33.038  1868  1868 I Layer   : id=45495 Destroyed Task=4773#45495
01-15 20:13:33.038  1868  4900 E NativeCustomFrequencyManager: [NativeCFMS] BpCustomFrequencyManager::acquire()
01-15 20:13:33.038  1744  1902 I HYPER-HAL: [RequestManager.cpp]acquire(): Acquired ID : 4115146  [1868 / 1000]    HINT : SF_GPU_MINLOCK    list : [TIMEOUT / 2000] 
01-15 20:13:33.039  4520 10169 E AppIconSolution: Couldn't get theme package resources, package is null
01-15 20:13:33.039  4520 10169 I AppIconSolution: load= live icon for com.sec.android.app.clockpackage, from overlay = false
01-15 20:13:33.039  1868  2380 I SurfaceFlinger: id=45496 Removed com.sec.android.app.launcher/com.sec.android.app.launcher.activities.LauncherActivity$_4520#45496 (213)
01-15 20:13:33.041  4520 10169 I LauncherActivityInfo: packageName: com.sec.android.app.clockpackage, useThemeIcon: false, height: 288, width: 288, density: 640
01-15 20:13:33.043  4520 10169 I HoneySpace.LiveIconSupplier: updateIcon - 61, CLOCK, true - 20:13, view: #e1e8bb8, parent: ApplistCellLayout#9e3bd91
01-15 20:13:33.054  1868  1868 I SurfaceFlinger: destroyed com.sec.android.app.launcher/com.sec.android.app.launcher.activities.LauncherActivity$_4520#45496 form LifecycleManager
01-15 20:13:33.054  1868  1868 I SurfaceFlinger: id=45496 onLayerDestroyed from LayerHierarchyBuilder(RequestedLayerState{com.sec.android.app.launcher/com.sec.android.app.launcher.activities.LauncherActivity$_4520#45496 !handle})
01-15 20:13:33.055  1868  1868 I Layer   : id=45496 Destroyed com.sec.android.app.launcher/com.sec.android.app.launcher.activities.LauncherActivity$_4520#45496
01-15 20:13:33.060  2383  7222 I WindowManager: Relayout Window{33464ee u0 com.sec.android.app.launcher/com.sec.android.app.launcher.activities.LauncherActivity}: viewVisibility=8 req=1080x2340 ty=1 d0
01-15 20:13:33.060  2383  7222 I WindowManager: Relayout hash=33464ee, pid=4520, syncId=-1: mAttrs={(0,0)(fillxfill) sim={adjust=nothing forwardNavigation} layoutInDisplayCutoutMode=always ty=BASE_APPLICATION fmt=TRANSPARENT wanim=0x1030306
01-15 20:13:33.060  2383  7222 I WindowManager:   fl=81910100
01-15 20:13:33.060  2383  7222 I WindowManager:   pfl=10008840
01-15 20:13:33.060  2383  7222 I WindowManager:   bhv=2
01-15 20:13:33.060  2383  7222 I WindowManager:   fitSides=0
01-15 20:13:33.060  2383  7222 I WindowManager:   frameRateBoostOnTouch=true
01-15 20:13:33.060  2383  7222 I WindowManager:   dvrrWindowFrameRateHint=true screenDimDuration=200000 naviIconColor=0}
01-15 20:13:33.061  4520  4520 I VRI[LauncherActivity]@d355503: Relayout returned: old=(0,0,1080,2340) new=(0,0,1080,2340) relayoutAsync=false req=(1080,2340)8 dur=1 res=0x0 s={false 0x0} ch=false seqId=0
01-15 20:13:33.092 11339 11339 I BSS_SysUiManager: handleMessage = 9, 0, 0
01-15 20:13:33.094  4520 10169 I HoneySpace.RecentTasks: onRecentTasksChanged
01-15 20:13:33.094  7045  7111 I SDHMS:k : onTaskStackChanged
01-15 20:13:33.094  7045  7405 I SDHMS:k : no app is Resumed!!! mResumedPackages.size = 0
01-15 20:13:33.095  2383  4337 W ParceledListSlice: Element #8 is 18476 bytes.
01-15 20:13:33.095  2383  4337 W ParceledListSlice: Element #9 is 19392 bytes.
01-15 20:13:33.095  2383  3951 W ParceledListSlice: Element #22 is 21248 bytes.
01-15 20:13:33.106  1864  1912 E HeatmapThread: ECT Thread time in milliseconds: 1768536813
01-15 20:13:33.108  1864  1912 D HeatmapThread: !@ batteryplugType : 2
01-15 20:13:33.108  1864  1912 D HeatmapThread: !@ batteryLevel : 100  batteryTemperature : 271 
01-15 20:13:33.108  1864  1912 D HeatmapThread: !@ Heatmap currtime: 29475613
01-15 20:13:33.108  1864  1912 D HeatmapThread: !@ Heatmap prevtime: 29475610
01-15 20:13:33.108  1864  1912 D HeatmapThread: !@ Heatmap plugstarttime: 29475279
01-15 20:13:33.108  1864  1912 D HeatmapThread: !@ Heatmap prevv_dsoh_update_time: 29475594
01-15 20:13:33.108  1864  1912 E HeatmapThread: !@ CAM New BSOH: 100
01-15 20:13:33.108  1864  1912 E HeatmapThread: !@ CAM is Working
01-15 20:13:33.140  2383  3373 D MdnieScenarioControlService:  packageName : com.sec.android.app.launcher    className : com.sec.android.app.launcher.Launcher
01-15 20:13:33.140  2383  3373 V MdnieScenarioControlService: setUIMode from UI function(3)
01-15 20:13:33.146  2383  3424 I ChimeraGenieUnloadPolicyHandler: LRU list is empty
01-15 20:13:33.194 11339 11339 I BSS_SysUiManager: handleMessage = 9, 0, 0
01-15 20:13:33.213  2383  2964 D MARsPolicyManager: triggerAction called!
01-15 20:13:33.213  2383  2964 I NSLocationMonitor: getGPSUsingApps() called
01-15 20:13:33.213  4954  4978 I NSLocationManager_FLP: getGPSUsingApps, No change
01-15 20:13:33.214  2383  2964 D MARs:ActiveTrafficFilter: filter : com.tmobile.tuesdays(0)
01-15 20:13:33.214  2383  2964 D MARs:ActiveTrafficFilter: filter : com.ubercab.driver(0)
01-15 20:13:33.214  2383  2964 D MARs:ActiveTrafficFilter: filter : com.reddit.frontpage(0)
01-15 20:13:33.214  2383  2964 D MARs:ActiveTrafficFilter: filter : com.onedebit.chime(0)
01-15 20:13:33.214  2383  2964 D MARs:ActiveTrafficFilter: filter : com.instagram.android(0)
01-15 20:13:33.214  2383  2964 D MARs:ActiveTrafficFilter: filter : com.google.android.gm(0)
01-15 20:13:33.215  2383  2964 D MARs:ActiveTrafficFilter: filter : com.google.android.apps.tachyon(0)
01-15 20:13:33.215  2383  2964 D MARs:ActiveTrafficFilter: filter : com.sec.android.gallery3d(0)
01-15 20:13:33.215  2383  2964 D MARs:ActiveTrafficFilter: filter : com.google.android.apps.nbu.files(0)
01-15 20:13:33.215  2383  2964 D MARs:ActiveTrafficFilter: filter : com.samsung.android.app.reminder(0)
01-15 20:13:33.215  2383  2964 D MARs:ActiveTrafficFilter: filter : com.google.android.apps.maps(0)
01-15 20:13:33.215  2383  2964 D MARs:ActiveTrafficFilter: filter : com.google.android.contactkeys(0)
01-15 20:13:33.215  2383  2964 D MARs:ActiveTrafficFilter: filter : com.google.android.apps.walletnfcrel(0)
01-15 20:13:33.215  2383  2964 D MARs:ActiveTrafficFilter: filter : com.google.android.apps.photos(0)
01-15 20:13:33.215  2383  2964 D MARs:ActiveTrafficFilter: filter : com.spotify.music(0)
01-15 20:13:33.215  2383  2964 D MARs:ActiveTrafficFilter: filter : com.facebook.katana(0)
01-15 20:13:33.215  2383  2964 D MARs:ActiveTrafficFilter: filter : com.facebook.orca(0)
01-15 20:13:33.215  2383  2964 D MARs:ActiveTrafficFilter: filter : com.sec.android.app.shealth(0)
01-15 20:13:33.215  2383  2964 D MARs:ActiveTrafficFilter: filter : com.google.android.safetycore(0)
01-15 20:13:33.215  2383  2964 D MARs:ActiveTrafficFilter: filter : com.google.android.apps.work.clouddpc(0)
01-15 20:13:33.215  2383  2964 D MARs:ActiveTrafficFilter: filter : com.kraken.invest.app(0)
01-15 20:13:33.240  2383  3373 D DisplayAiqeManager: getContentMode : start
01-15 20:13:33.240  2383  3373 D DisplayAiqeManagerService: getContentMode : start
01-15 20:13:33.240  2383  3373 D DisplayAiqeAidl: getContentMode : UI
01-15 20:13:33.240  2383  3373 D DisplayAiqeManagerService: getContentMode : mode - UI
01-15 20:13:33.240  2383  3373 D DisplayAiqeManager: getContentMode : mode - UI
01-15 20:13:33.240  2383  3373 V MdnieScenarioControlService: mAclOffEnabled : false
01-15 20:13:33.340  1744 14398 I HYPER-HAL: [RequestManager.cpp]releaseLocked(): Released ID : 188168551
01-15 20:13:33.515  1744 14336 I HYPER-HAL: [RequestManager.cpp]releaseLocked(): Released ID : 2912521
01-15 20:13:33.769  4237  4237 I EPDG -- SIM1 [SMARTWIFI]: isProfiling, hash=4858583, started=true
01-15 20:13:33.769  4237  4237 I EPDG -- SIM1 [SMARTWIFI]: isProfiling, hash=4858583, started=true
01-15 20:13:33.769  4237  4237 I EPDG -- SIM1 [SMARTWIFI]: Rssi : -52 highrange : -71 lowrange : -80 mIsRssiInHystersis : false
01-15 20:13:33.769  4237  4237 I EPDG -- SIM1 [SMARTWIFI]: getHandoverThresholdMet: value is: false
01-15 20:13:33.781  1737 28939 I sensors-hal: handle_sns_client_event:379, [0][766168] accel_sample [ 0.133,  0.150,  9.810] 631008368761640
01-15 20:13:33.878  4520  4520 I HoneySpace.EdgePanel.EdgeVisibilityRepository: getComputedTrayVisible : keyguardState = 3
01-15 20:13:33.878  4520  4520 I HoneySpace.EdgePanel.EdgeVisibilityRepository: updateTrayVisible: State = 0x3, visible = false, current containerState = 4, specificMode = 0
01-15 20:13:33.878  4520  4520 I HoneySpace.EdgePanel.DumpHelper: Tray State
01-15 20:13:33.878  4520  4520 I HoneySpace.EdgePanel.EdgeVisibilityRepository: Same container state 4
01-15 20:13:33.925  2383  3233 D HintManagerService: Starts cleaning for 10553
01-15 20:13:34.106  1864  1912 E HeatmapThread: ECT Thread time in milliseconds: 1768536814
01-15 20:13:34.108  1864  1912 D HeatmapThread: !@ batteryplugType : 2
01-15 20:13:34.109  1864  1912 D HeatmapThread: !@ batteryLevel : 100  batteryTemperature : 271 
01-15 20:13:34.109  1864  1912 D HeatmapThread: !@ Heatmap currtime: 29475613
01-15 20:13:34.109  1864  1912 D HeatmapThread: !@ Heatmap prevtime: 29475610
01-15 20:13:34.109  1864  1912 D HeatmapThread: !@ Heatmap plugstarttime: 29475279
01-15 20:13:34.109  1864  1912 D HeatmapThread: !@ Heatmap prevv_dsoh_update_time: 29475594
01-15 20:13:34.109  1864  1912 E HeatmapThread: !@ CAM New BSOH: 100
01-15 20:13:34.109  1864  1912 E HeatmapThread: !@ CAM is Working
01-15 20:13:34.316  1744 14337 I HYPER-HAL: [RequestManager.cpp]releaseLocked(): Released ID : 24988939
01-15 20:13:34.370  1737  5467 I sensors-hal: handle_sns_std_sensor_event:157, [128262] Pressure 995.101, cal 0.530, sw_offset 0.000 (lsb(bit) 0xb2 0x3a 0x61)
01-15 20:13:34.375  1737  5464 I sensors-hal: handle_sns_client_event:323, [0][204861] mag_sample_cal(magcal_available:1): ts=631009015898150 ns; cal = [-25.312662, -8.273521, -38.451614], uncal = [-54.832661, 9.426477, -147.651611], bias = [-29.519999, 17.699999, -109.199997], status=3, cal_id=0
01-15 20:13:34.772  1771  5397 I StatsHandler: [avcD_174] Stats: Pending(0) i/p-done(0) Works: Q: 73/Done 61|Work-Rate: Q(0.0/s Avg=0.0/s) Done(0.000/s Avg=0.003/s)| Stream: 30.00fps 1.2Mbps
01-15 20:13:34.772  1771  5397 I StatsHandler: [avcD_174] Mem-usage:  [In-1D: 13 bufs 104.000 MB] [1D-211: 31 bufs 0.484 MB] [2D-212: 18 bufs 12.094 MB] | Total: 116.578 MB
01-15 20:13:34.772  1771  5397 I StatsHandler: [avcD_179] Stats: Pending(0) i/p-done(0) Works: Q: 6515/Done 6503|Work-Rate: Q(0.0/s Avg=0.3/s) Done(0.000/s Avg=0.320/s)| Stream: 30.00fps 946.0Kbps
01-15 20:13:34.772  1771  5397 I StatsHandler: [avcD_179] Mem-usage:  [In-1D: 12 bufs 96.000 MB] [1D-221: 30 bufs 0.469 MB] [2D-222: 18 bufs 12.094 MB] | Total: 108.562 MB
01-15 20:13:34.772  1771  5397 I StatsHandler: [avcD_181] Stats: Pending(0) i/p-done(0) Works: Q: 29/Done 17|Work-Rate: Q(0.0/s Avg=0.0/s) Done(0.000/s Avg=0.001/s)| Stream: 30.00fps 1.6Mbps
01-15 20:13:34.772  1771  5397 I StatsHandler: [avcD_181] Mem-usage:  [In-1D: 11 bufs 88.000 MB] [1D-225: 28 bufs 0.438 MB] [2D-226: 17 bufs 31.477 MB] | Total: 119.914 MB
01-15 20:13:34.841  1068  1068 D io_stats: !@   8,0 r 21023386 568291624 w 14258645 280859412 d 1556823 364818896 f 365133 2098569 iot 3279864 0 th 0 0 0 pt 0 inp 0 0 382818.099
01-15 20:13:34.875  1769  1889 E PERFHAL-UTIL: PERFHAL-UTIL: change_node_val() 204: Failed to update node /proc/sys/walt/sched_per_task_boost with value 14345 0
01-15 20:13:34.876  1769  1889 E PERFHAL-OPTSHANDLER: PERFHAL-OPTSHANDLER: sched_reset_task_boost() 3696: can't reset task 14345
01-15 20:13:34.876  1769  1889 E PERFHAL-RESOURCEQS: PERFHAL-RESOURCEQS: RemoveAndApply() 372: Failed to reset optimization [3, 32]
01-15 20:13:34.880  4520  4520 I HoneySpace.EdgePanel.EdgeVisibilityRepository: getComputedTrayVisible : keyguardState = 3
01-15 20:13:34.880  4520  4520 I HoneySpace.EdgePanel.EdgeVisibilityRepository: updateTrayVisible: State = 0x3, visible = false, current containerState = 4, specificMode = 0
01-15 20:13:34.880  4520  4520 I HoneySpace.EdgePanel.DumpHelper: Tray State
01-15 20:13:34.880  4520  4520 I HoneySpace.EdgePanel.EdgeVisibilityRepository: Same container state 4
01-15 20:13:35.039  1744 14418 I HYPER-HAL: [RequestManager.cpp]releaseLocked(): Released ID : 4115146
01-15 20:13:35.061  1748  1748 I SS_POWER_HINT_SESSION: SS_ADPF 4520-10153-52b0 destroy
01-15 20:13:35.061  1744  1902 I HYPER-HAL: [RequestManager.cpp]acquire(): Acquired ID : 188149152  [1748 / 17649]    HINT :      list : [TID_LOW_LATENCY / 0] [TID / 7154] [TID / 7155] [TID / 4520] [TID / 7042] 
01-15 20:13:35.062  1744  1902 I HYPER-HAL: [RequestManager.cpp]releaseLocked(): Released ID : 188149152
01-15 20:13:35.062  1744  1902 I HYPER-HAL: [RequestManager.cpp]acquire(): Acquired ID : 188168551  [1748 / 17650]    HINT :      list : [UCLAMP_MIN_BOOST / 0] [TIMEOUT / 0] [TID / 7154] [TID / 7155] [TID / 4520] [TID / 7042] 
01-15 20:13:35.062  1744  1902 I HYPER-HAL: [RequestManager.cpp]releaseLocked(): Released ID : 188168551
01-15 20:13:35.107  1864  1912 E HeatmapThread: ECT Thread time in milliseconds: 1768536815
01-15 20:13:35.110  1864  1912 D HeatmapThread: !@ batteryplugType : 2
01-15 20:13:35.110  1864  1912 D HeatmapThread: !@ batteryLevel : 100  batteryTemperature : 271 
01-15 20:13:35.110  1864  1912 D HeatmapThread: !@ Heatmap currtime: 29475613
01-15 20:13:35.110  1864  1912 D HeatmapThread: !@ Heatmap prevtime: 29475610
01-15 20:13:35.110  1864  1912 D HeatmapThread: !@ Heatmap plugstarttime: 29475279
01-15 20:13:35.110  1864  1912 D HeatmapThread: !@ Heatmap prevv_dsoh_update_time: 29475594
01-15 20:13:35.110  1864  1912 E HeatmapThread: !@ CAM New BSOH: 100
01-15 20:13:35.110  1864  1912 E HeatmapThread: !@ CAM is Working
01-15 20:13:35.370  1825  2549 I thermal_core: pivot(AP) : 285, skin : 291
01-15 20:13:35.409  1740  5782 D AHAL_ModulePrimary_QTI: getVendorParameters: id count: 1
01-15 20:13:35.409  1740  5782 I PAL: ResourceManager: getActiveStream_l: 6569: no active streams found for device 3 ret -2
01-15 20:13:35.409  1740  5782 D AHAL_SecModulePrimary: onGetSECGenericParameters get temperature for g_hw_speaker_amp_temp_rcv: 0
01-15 20:13:35.409  1740  1740 D AHAL_ModulePrimary_QTI: getVendorParameters: id count: 1
01-15 20:13:35.410  1740  1740 I PAL: ResourceManager: getActiveStream_l: 6569: no active streams found for device 3 ret -2
01-15 20:13:35.410  1740  1740 D AHAL_SecModulePrimary: onGetSECGenericParameters get temperature for g_hw_speaker_amp_temp_spk: 0
01-15 20:13:35.411  7045  7783 I SDHMS:x : SIOP:: AP:285 BAT:270 USB:260 CHG:277 PA:283 WIFI:292 CF:285 BLK:0 SUBBAT:0 LRPTHM:279 SKIN:290 SKINF:285 SKINB:290 LRP:290 LRF:285 LRB:290 APT:285 APR:290 RCV:280 SPK:283 CHGF:285 CHGR:290 MEMF:285 MEMR:289 WIFIF:285 WIFIR:289 FCAM:260 UPSPK:279 DNSPK:260 VAP:283 VWIFI:291 AMB2:245 HIGH:0 AVGCUR:0 AVGSYS:111 POWER:0
01-15 20:13:35.411  7045  7783 I AudioManager: setParameters keyValuePairs = g_hw_speaker_amp_temp_spk=28
01-15 20:13:35.412  1861  1861 D AudioFlinger: setParameters: filtered dev setParameters keyvalue g_hw_speaker_amp_temp_spk=28
01-15 20:13:35.413  1740  1740 D AHAL_HFP_QTI: hfp_set_parameters enter
01-15 20:13:35.413  1740  1740 D AHAL_HFP_QTI: hfp_set_parameters Exit
01-15 20:13:35.413  1740  1740 D AHAL_SecModulePrimary: processSetVendorParameters: configured g_hw_speaker_amp_temp_spk
01-15 20:13:35.413  1740  1740 D AHAL_SecModulePrimary: processSetVendorParameters: handler set on Feature:0
01-15 20:13:35.413  1740  1740 D AHAL_SecModulePrimary: onSetSECGenericParameters set temperature for g_hw_speaker_amp_temp_spk: 28
01-15 20:13:35.413  1740  1740 I PAL: API: pal_set_param: 1377: Enter: param id 3002
01-15 20:13:35.413  1740  1740 I PAL: ResourceManager: getActiveStream_l: 6569: no active streams found for device 3 ret -2
01-15 20:13:35.414  1861  1861 E ConversionHelperAidl: Function: parseAndSetVendorParameters Line: 94 Failed 
01-15 20:13:35.415  1861  1861 E ConversionHelperAidl: Function: parseAndSetVendorParameters Line: 94 Failed 
01-15 20:13:35.415  7045  7783 I AudioManager: setParameters keyValuePairs = g_hw_speaker_amp_temp_rcv=28
01-15 20:13:35.416  1861  1861 D AudioFlinger: setParameters: filtered dev setParameters keyvalue g_hw_speaker_amp_temp_rcv=28
01-15 20:13:35.416  1740  5782 D AHAL_HFP_QTI: hfp_set_parameters enter
01-15 20:13:35.416  1740  5782 D AHAL_HFP_QTI: hfp_set_parameters Exit
01-15 20:13:35.416  1740  5782 D AHAL_SecModulePrimary: processSetVendorParameters: configured g_hw_speaker_amp_temp_rcv
01-15 20:13:35.416  1740  5782 D AHAL_SecModulePrimary: processSetVendorParameters: handler set on Feature:0
01-15 20:13:35.416  1740  5782 D AHAL_SecModulePrimary: onSetSECGenericParameters set temperature for g_hw_speaker_amp_temp_rcv: 28
01-15 20:13:35.416  1740  5782 I PAL: API: pal_set_param: 1377: Enter: param id 3001
01-15 20:13:35.416  1740  5782 I PAL: ResourceManager: getActiveStream_l: 6569: no active streams found for device 3 ret -2
01-15 20:13:35.417  1861  1861 E ConversionHelperAidl: Function: parseAndSetVendorParameters Line: 94 Failed 
01-15 20:13:35.417  1861  1861 E ConversionHelperAidl: Function: parseAndSetVendorParameters Line: 94 Failed 
01-15 20:13:35.782  1737 28939 I sensors-hal: handle_sns_client_event:379, [0][766262] accel_sample [ 0.123,  0.138,  9.794] 631010386403619
01-15 20:13:35.824  2383  3466 I SemWifiServiceDetector: NSD results: [0, 1, 2, 0, 0, 1, 2, 0, 0] Traff. type 1 Thr 0
01-15 20:13:35.936  2383  3649 I Pageboost: Launcher App Execution
01-15 20:13:35.936  2383  3649 E Pageboost: ioinfo read failed
01-15 20:13:36.107  1864  1912 E HeatmapThread: ECT Thread time in milliseconds: 1768536816
01-15 20:13:36.110  1864  1912 D HeatmapThread: !@ batteryplugType : 2
01-15 20:13:36.110  1864  1912 D HeatmapThread: !@ batteryLevel : 100  batteryTemperature : 271 
01-15 20:13:36.110  1864  1912 D HeatmapThread: !@ Heatmap currtime: 29475613
01-15 20:13:36.110  1864  1912 D HeatmapThread: !@ Heatmap prevtime: 29475610
01-15 20:13:36.110  1864  1912 D HeatmapThread: !@ Heatmap plugstarttime: 29475279
01-15 20:13:36.110  1864  1912 D HeatmapThread: !@ Heatmap prevv_dsoh_update_time: 29475594
01-15 20:13:36.110  1864  1912 E HeatmapThread: !@ CAM New BSOH: 100
01-15 20:13:36.110  1864  1912 E HeatmapThread: !@ CAM is Working
01-15 20:13:36.376  1737  5464 I sensors-hal: handle_sns_client_event:323, [0][204881] mag_sample_cal(magcal_available:1): ts=631011015898150 ns; cal = [-25.109953, -7.343103, -39.013306], uncal = [-54.629951, 10.356895, -148.213303], bias = [-29.519999, 17.699999, -109.199997], status=3, cal_id=0
01-15 20:13:36.450  1737  5467 I sensors-hal: handle_sns_std_sensor_event:157, [128275] Pressure 995.100, cal 0.530, sw_offset 0.000 (lsb(bit) 0xab 0x3a 0x61)
01-15 20:13:36.776  4237  4237 I EPDG -- SIM1 [SMARTWIFI]: isProfiling, hash=4858583, started=true
01-15 20:13:36.776  4237  4237 I EPDG -- SIM1 [SMARTWIFI]: isProfiling, hash=4858583, started=true
01-15 20:13:36.776  4237  4237 I EPDG -- SIM1 [SMARTWIFI]: Rssi : -51 highrange : -71 lowrange : -80 mIsRssiInHystersis : false
01-15 20:13:36.776  4237  4237 I EPDG -- SIM1 [SMARTWIFI]: getHandoverThresholdMet: value is: false
01-15 20:13:36.822  1744 14340 I HYPER-HAL: [RequestManager.cpp]releaseLocked(): Released ID : 25003082
01-15 20:13:36.830  2383  6922 E TaskPersister: File error accessing recents directory (directory doesn't exist?).
01-15 20:13:36.841  1068  1068 D io_stats: !@   8,0 r 21023387 568291628 w 14258687 280862188 d 1556823 364818896 f 365133 2098570 iot 3279880 0 th 0 0 0 pt 0 inp 0 0 382820.100
01-15 20:13:36.842  1068  1068 D io_stats: !@ Read_top(KB): martsuggestions:high(6833) 64 bile.echolocate:high(28027) 48 ng.android.spay:high(8847) 32
01-15 20:13:36.842  1068  1068 D io_stats: !@ Write_top(KB): kworker/u17:1:/(7692) 2764 f2fs_ckpt-254:6:/(1331) 424 kworker/2:1:/(29063) 260
01-15 20:13:37.107  1864  1912 E HeatmapThread: ECT Thread time in milliseconds: 1768536817
01-15 20:13:37.110  1864  1912 D HeatmapThread: !@ batteryplugType : 2
01-15 20:13:37.110  1864  1912 D HeatmapThread: !@ batteryLevel : 100  batteryTemperature : 271 
01-15 20:13:37.110  1864  1912 D HeatmapThread: !@ Heatmap currtime: 29475613
01-15 20:13:37.110  1864  1912 D HeatmapThread: !@ Heatmap prevtime: 29475610
01-15 20:13:37.110  1864  1912 D HeatmapThread: !@ Heatmap plugstarttime: 29475279
01-15 20:13:37.110  1864  1912 D HeatmapThread: !@ Heatmap prevv_dsoh_update_time: 29475594
01-15 20:13:37.110  1864  1912 E HeatmapThread: !@ CAM New BSOH: 100
01-15 20:13:37.110  1864  1912 E HeatmapThread: !@ CAM is Working
01-15 20:13:37.633 18042 18059 V CpEventLog(u0): [P] cp_state: [                 contacts = {contacts=210, raw_contacts=254, data=1263, account={secphone(1)=0, sim2(2)=3, google(3)=207, sim(4)=0, agg(5)=0, duo(6)=44, samsung(7)=0, mobileservice(8)=0, google(9)=0, com.reddit.account(10)=0, com.reddit.account(11)=0, com.facebook.auth.login(12)=0, com.facebook.auth.login(13)=0, com.facebook.messenger(15)=0, www.instagram.com(17)=0}, trash=0, trash_acc={}, trash_sync=0, database=contacts2.db} ]
01-15 20:13:37.633 18042 18059 V CpEventLog(u0): [P] cp_state: [               aggregated = {[2]=3, [3,6]=44, [3]=163} ]
01-15 20:13:37.633 18042 18059 V CpEventLog(u0): [P] cp_state: [                  request = {ALL(0)={avg=3, cnt=2, dur=6, ops={query=2}}, com.samsung.cmh(22878)={avg=3, cnt=2, dur=6, ops={query=2}}} ]
01-15 20:13:37.633 18042 18059 V CpEventLog(u0): [P] cp_state: [                    calls = {types={[100]=255, [500]=2, [1000]=182, [1150]=185}, database=calllog.db} ]
01-15 20:13:37.633 18042 18059 V CpEventLog(u0): [P] cp_state: [                  profile = {contacts=0, raw_contacts=0, data=0, account={secphone(1)=0, google(2)=0, sim(3)=0, sim2(4)=0, agg(5)=0, duo(6)=0, samsung(7)=0, mobileservice(8)=0, google(9)=0, com.reddit.account(10)=0, com.reddit.account(11)=0, com.facebook.auth.login(12)=0, com.facebook.auth.login(13)=0, com.facebook.messenger(15)=0, www.instagram.com(17)=0}, trash=0, trash_acc={}, trash_sync=0, database=profile.db} ]
01-15 20:13:37.633 18042 18059 V CpEventLog(u0): [P] cp_state: [               sa_profile = {contacts=0, raw_contacts=0, data=0, account={secphone(1)=0, google(2)=0, sim(3)=0, sim2(4)=0, agg(5)=0, duo(6)=0, samsung(7)=0, mobileservice(8)=0, google(9)=0, com.reddit.account(10)=0, com.reddit.account(11)=0, com.facebook.auth.login(12)=0, com.facebook.auth.login(13)=0, com.facebook.messenger(15)=0, www.instagram.com(17)=0}, trash=0, trash_acc={}, trash_sync=0, database=profile_sa.db} ]
01-15 20:13:37.633 18042 18059 V CpEventLog(u0): [P] cp_state: [                      etc = {binders=0, country_iso=US, version=15.6.28, db_version=2000, db_size=1, db_wal_size=0, csc=TMB/TMB, sec_enabled=false, is_roaming=false} ]
01-15 20:13:37.633 18042 18059 V CpEventLog(u0): [P] cp_state: ------------------------------------------------------------------------------
01-15 20:13:37.782  1737 28939 I sensors-hal: handle_sns_client_event:379, [0][766356] accel_sample [ 0.128,  0.136,  9.795] 631012404047890
01-15 20:13:38.107  1864  1912 E HeatmapThread: ECT Thread time in milliseconds: 1768536818
01-15 20:13:38.110  1864  1912 D HeatmapThread: !@ batteryplugType : 2
01-15 20:13:38.110  1864  1912 D HeatmapThread: !@ batteryLevel : 100  batteryTemperature : 271 
01-15 20:13:38.110  1864  1912 D HeatmapThread: !@ Heatmap currtime: 29475613
01-15 20:13:38.110  1864  1912 D HeatmapThread: !@ Heatmap prevtime: 29475610
01-15 20:13:38.110  1864  1912 D HeatmapThread: !@ Heatmap plugstarttime: 29475279
01-15 20:13:38.110  1864  1912 D HeatmapThread: !@ Heatmap prevv_dsoh_update_time: 29475594
01-15 20:13:38.110  1864  1912 E HeatmapThread: !@ CAM New BSOH: 100
01-15 20:13:38.110  1864  1912 E HeatmapThread: !@ CAM is Working
01-15 20:13:38.221  2383  2964 D MARsPolicyManager: triggerAction called!
01-15 20:13:38.221  2383  2964 I NSLocationMonitor: getGPSUsingApps() called
01-15 20:13:38.221  4954  4978 I NSLocationManager_FLP: getGPSUsingApps, No change
01-15 20:13:38.234  2383  4962 W LocationManagerService: onFreezeStateChanged, uid[10277]=true
01-15 20:13:38.234  2383  4962 I PowerManagerService: [PWL] SetWakeLockEnableDisable uid = 10277 , disable= true
01-15 20:13:38.234  2383  4962 I PowerManagerService: [PWL] can not change uid =  10277
01-15 20:13:38.235  2383  2964 D ActivityManager: FCA:FCA recordedFileRss = 71304, and changeinRss = 13440
01-15 20:13:38.235  2383  2964 D FreecessController: FZ : com.google.android.apps.photos(10277) [10340] reason: LEV [cached:O
01-15 20:13:38.240  2383  4962 W LocationManagerService: onFreezeStateChanged, uid[10382]=true
01-15 20:13:38.240  2383  4962 I PowerManagerService: [PWL] SetWakeLockEnableDisable uid = 10382 , disable= true
01-15 20:13:38.240  2383  4962 I PowerManagerService: [PWL] can not change uid =  10382
01-15 20:13:38.241  2383  2964 D ActivityManager: FCA:FCA recordedFileRss = 84692, and changeinRss = 24704
01-15 20:13:38.241  2383  2964 D FreecessController: FZ : com.facebook.katana(10382) [7214, 16374] reason: LEV [cached:O
01-15 20:13:38.370  1737  5467 I sensors-hal: handle_sns_std_sensor_event:157, [128287] Pressure 995.100, cal 0.530, sw_offset 0.000 (lsb(bit) 0xb1 0x3a 0x61)
01-15 20:13:38.375  1737  5464 I sensors-hal: handle_sns_client_event:323, [0][204901] mag_sample_cal(magcal_available:1): ts=631013015898150 ns; cal = [-24.354433, -8.639401, -38.869888], uncal = [-53.874432, 9.060597, -148.069885], bias = [-29.519999, 17.699999, -109.199997], status=3, cal_id=0
01-15 20:13:38.832  2383  3466 I SemWifiServiceDetector: NSD results: [0, 1, 2, 0, 0, 1, 2, 1, 0] Traff. type 1 Thr 0
01-15 20:13:38.834  3719  3719 D AiAgentEffect: onPrivacyItemsChanged privacyItems.size = 0
01-15 20:13:38.835  3719  3719 D AiAgentEffect: onPrivacyItemsChanged privacyItems isEmpty or found item is null
01-15 20:13:38.835  3719  3719 D AiAgentEffect: onPrivacyItemsChanged privacyItems.size = 0
01-15 20:13:38.835  3719  3719 D AiAgentEffect: onPrivacyItemsChanged privacyItems isEmpty or found item is null
01-15 20:13:38.842  1068  1068 D io_stats: !@   8,0 r 21023387 568291628 w 14258695 280862212 d 1556823 364818896 f 365133 2098572 iot 3279884 0 th 0 0 0 pt 0 inp 0 0 382822.101
01-15 20:13:38.852  3719  3719 I SecKeyguardClockPositionAlgorithm: prepareClockContainerHeightChanging:
01-15 20:13:38.853  3719  3719 I PluginFaceWidgetManager: isEditMode = false
01-15 20:13:38.854  3719  3719 I NowBarItemManager: getVisibleList isScreenTurnedOn = false / aodShowState false shouldControlScreenOff false visibleList size = 0
01-15 20:13:38.855  3719  3719 I SecKeyguardClockPositionAlgorithm: prepareClockContainerHeightChanging:
01-15 20:13:38.855  3719  3719 I PluginFaceWidgetManager: isEditMode = false
01-15 20:13:38.855  3719  3719 I NowBarItemManager: getVisibleList isScreenTurnedOn = false / aodShowState false shouldControlScreenOff false visibleList size = 0
01-15 20:13:38.858  3719  3719 D LightBarController: SKIP updateStatus (white icon) dreaming:true, keyguardVisible:true, goingToSleep:false
01-15 20:13:39.006  2383  4962 I NSLocationMonitor: getGPSUsingApps() called
01-15 20:13:39.007  4954  4978 I NSLocationManager_FLP: getGPSUsingApps, No change
01-15 20:13:39.011  2383  4962 D FreecessHandler: freeze com.anonymous.dungeoncrawler(10553) result : 52
01-15 20:13:39.011  2383  4962 D FreecessHandler: stop trying to freeze com.anonymous.dungeoncrawler
01-15 20:13:39.106  1864  1912 E HeatmapThread: ECT Thread time in milliseconds: 1768536819
01-15 20:13:39.110  1864  1912 D HeatmapThread: !@ batteryplugType : 2
01-15 20:13:39.110  1864  1912 D HeatmapThread: !@ batteryLevel : 100  batteryTemperature : 271 
01-15 20:13:39.110  1864  1912 D HeatmapThread: !@ Heatmap currtime: 29475613
01-15 20:13:39.110  1864  1912 D HeatmapThread: !@ Heatmap prevtime: 29475610
01-15 20:13:39.110  1864  1912 D HeatmapThread: !@ Heatmap plugstarttime: 29475279
01-15 20:13:39.110  1864  1912 D HeatmapThread: !@ Heatmap prevv_dsoh_update_time: 29475594
01-15 20:13:39.110  1864  1912 E HeatmapThread: !@ CAM New BSOH: 100
01-15 20:13:39.110  1864  1912 E HeatmapThread: !@ CAM is Working
01-15 20:13:39.773  1771  5397 I StatsHandler: [avcD_174] Stats: Pending(0) i/p-done(0) Works: Q: 73/Done 61|Work-Rate: Q(0.0/s Avg=0.0/s) Done(0.000/s Avg=0.003/s)| Stream: 30.00fps 1.2Mbps
01-15 20:13:39.773  1771  5397 I StatsHandler: [avcD_174] Mem-usage:  [In-1D: 13 bufs 104.000 MB] [1D-211: 31 bufs 0.484 MB] [2D-212: 18 bufs 12.094 MB] | Total: 116.578 MB
01-15 20:13:39.773  1771  5397 I StatsHandler: [avcD_179] Stats: Pending(0) i/p-done(0) Works: Q: 6515/Done 6503|Work-Rate: Q(0.0/s Avg=0.3/s) Done(0.000/s Avg=0.320/s)| Stream: 30.00fps 946.0Kbps
01-15 20:13:39.773  1771  5397 I StatsHandler: [avcD_179] Mem-usage:  [In-1D: 12 bufs 96.000 MB] [1D-221: 30 bufs 0.469 MB] [2D-222: 18 bufs 12.094 MB] | Total: 108.562 MB
01-15 20:13:39.773  1771  5397 I StatsHandler: [avcD_181] Stats: Pending(0) i/p-done(0) Works: Q: 29/Done 17|Work-Rate: Q(0.0/s Avg=0.0/s) Done(0.000/s Avg=0.001/s)| Stream: 30.00fps 1.6Mbps
01-15 20:13:39.773  1771  5397 I StatsHandler: [avcD_181] Mem-usage:  [In-1D: 11 bufs 88.000 MB] [1D-225: 28 bufs 0.438 MB] [2D-226: 17 bufs 31.477 MB] | Total: 119.914 MB
01-15 20:13:39.782  1737 28939 I sensors-hal: handle_sns_client_event:379, [0][766450] accel_sample [ 0.121,  0.148,  9.805] 631014421692994
01-15 20:13:39.785  4237  4237 I EPDG -- SIM1 [SMARTWIFI]: isProfiling, hash=4858583, started=true
01-15 20:13:39.785  4237  4237 I EPDG -- SIM1 [SMARTWIFI]: isProfiling, hash=4858583, started=true
01-15 20:13:39.785  4237  4237 I EPDG -- SIM1 [SMARTWIFI]: Rssi : -50 highrange : -71 lowrange : -80 mIsRssiInHystersis : false
01-15 20:13:39.785  4237  4237 I EPDG -- SIM1 [SMARTWIFI]: getHandoverThresholdMet: value is: false
01-15 20:13:39.860  4797  4865 I System.out: [NODLE] CELL SCANNING ENABLED: false
01-15 20:13:40.106  1864  1912 E HeatmapThread: ECT Thread time in milliseconds: 1768536820
01-15 20:13:40.110  1864  1912 D HeatmapThread: !@ batteryplugType : 2
01-15 20:13:40.110  1864  1912 D HeatmapThread: !@ batteryLevel : 100  batteryTemperature : 271 
01-15 20:13:40.110  1864  1912 D HeatmapThread: !@ Heatmap currtime: 29475613
01-15 20:13:40.110  1864  1912 D HeatmapThread: !@ Heatmap prevtime: 29475610
01-15 20:13:40.110  1864  1912 D HeatmapThread: !@ Heatmap plugstarttime: 29475279
01-15 20:13:40.110  1864  1912 D HeatmapThread: !@ Heatmap prevv_dsoh_update_time: 29475594
01-15 20:13:40.110  1864  1912 E HeatmapThread: !@ CAM New BSOH: 100
01-15 20:13:40.110  1864  1912 E HeatmapThread: !@ CAM is Working
