01-15 20:13:32.869 28027 30154 D DataMetrics5gSa: getCarrierSa5gBandConfig Tag: n41_2A_n66A_n71A
01-15 20:13:32.869 28027 30154 D DataMetrics5gSa: getCarrierSa5gBandConfig TagValue: true
01-15 20:13:32.869 28027 30154 D DataMetrics5gSa: getCarrierSa5gBandConfig Value: true
01-15 20:13:32.869 28027 30154 D DataMetrics5gSa: carrierSa5gBandConfig Size : 47
01-15 20:13:32.869 28027 30154 D DataMetrics5gSa: getCarrierConfigVersion = IN
01-15 20:13:32.869 28027 30154 D DataMetrics5gSa: getCarrierConfigVersion projection = [Ljava.lang.String;@3090c90
01-15 20:13:32.869 28027 30154 D DataMetrics5gSa: getCarrierConfigVersion Cursor = IN
01-15 20:13:32.869 28027 30154 D DataMetrics5gSa: getCarrierConfigVersion cursor= 1.0000
01-15 20:13:32.869 28027 30154 D DataMetrics5gSa: getCarrierSa5gBandConfig : content://com.samsung.ims.entitlementconfig.provider/config/xpath?tag_name=%2F%2FStandaloneBands5G_NRCA
01-15 20:13:32.869  4117  4158 I EntitlementConfigProvider: Empty slot. query regardless slot
01-15 20:13:32.871 28027 30154 D DataMetrics5gSa: getCarrierSa5gBandConfig rowNum=: 6
01-15 20:13:32.871 28027 30154 D DataMetrics5gSa: getCarrierSa5gBandConfig columnNum=: 2
01-15 20:13:32.871 28027 30154 D DataMetrics5gSa: getCarrierSa5gBandConfig TagValue: StandaloneBands5G_NRCA/SAn41Enabled_NRCA
01-15 20:13:32.871 28027 30154 D DataMetrics5gSa: getCarrierSa5gBandConfig Tag: SAn41Enabled_NRCA
01-15 20:13:32.871 28027 30154 D DataMetrics5gSa: getCarrierSa5gBandConfig TagValue: true
01-15 20:13:32.871 28027 30154 D DataMetrics5gSa: getCarrierSa5gBandConfig Value: true
01-15 20:13:32.871 28027 30154 D DataMetrics5gSa: getCarrierSa5gBandConfig TagValue: StandaloneBands5G_NRCA/SAn71Enabled_NRCA
01-15 20:13:32.871 28027 30154 D DataMetrics5gSa: getCarrierSa5gBandConfig Tag: SAn71Enabled_NRCA
01-15 20:13:32.871 28027 30154 D DataMetrics5gSa: getCarrierSa5gBandConfig TagValue: true
01-15 20:13:32.871 28027 30154 D DataMetrics5gSa: getCarrierSa5gBandConfig Value: true
01-15 20:13:32.871 28027 30154 D DataMetrics5gSa: getCarrierSa5gBandConfig TagValue: StandaloneBands5G_NRCA/SAn25Enabled_NRCA
01-15 20:13:32.871 28027 30154 D DataMetrics5gSa: getCarrierSa5gBandConfig Tag: SAn25Enabled_NRCA
01-15 20:13:32.871 28027 30154 D DataMetrics5gSa: getCarrierSa5gBandConfig TagValue: true
01-15 20:13:32.871 28027 30154 D DataMetrics5gSa: getCarrierSa5gBandConfig Value: true
01-15 20:13:32.871 28027 30154 D DataMetrics5gSa: getCarrierSa5gBandConfig TagValue: StandaloneBands5G_NRCA/SAn77Enabled_NRCA
01-15 20:13:32.871 28027 30154 D DataMetrics5gSa: getCarrierSa5gBandConfig Tag: SAn77Enabled_NRCA
01-15 20:13:32.871 28027 30154 D DataMetrics5gSa: getCarrierSa5gBandConfig TagValue: true
01-15 20:13:32.871 28027 30154 D DataMetrics5gSa: getCarrierSa5gBandConfig Value: true
01-15 20:13:32.871 28027 30154 D DataMetrics5gSa: getCarrierSa5gBandConfig TagValue: StandaloneBands5G_NRCA/SAn66Enabled_NRCA
01-15 20:13:32.871 28027 30154 D DataMetrics5gSa: getCarrierSa5gBandConfig Tag: SAn66Enabled_NRCA
01-15 20:13:32.871 28027 30154 D DataMetrics5gSa: getCarrierSa5gBandConfig TagValue: true
01-15 20:13:32.871 28027 30154 D DataMetrics5gSa: getCarrierSa5gBandConfig Value: true
01-15 20:13:32.871 28027 30154 D DataMetrics5gSa: getCarrierSa5gBandConfig TagValue: StandaloneBands5G_NRCA/SAn48Enabled_NRCA
01-15 20:13:32.871 28027 30154 D DataMetrics5gSa: getCarrierSa5gBandConfig Tag: SAn48Enabled_NRCA
01-15 20:13:32.871 28027 30154 D DataMetrics5gSa: getCarrierSa5gBandConfig TagValue: true
01-15 20:13:32.871 28027 30154 D DataMetrics5gSa: getCarrierSa5gBandConfig Value: true
01-15 20:13:32.871 28027 30154 D DataMetrics5gSa: getCarrierSa5gBandConfig : content://com.samsung.ims.entitlementconfig.provider/config/xpath?tag_name=%2F%2FStandaloneBands5G
01-15 20:13:32.871  4117  4158 I EntitlementConfigProvider: Empty slot. query regardless slot
01-15 20:13:32.872 14345 14345 W SoLoader: Initializing SoLoader: 0
01-15 20:13:32.873 28027 30154 D DataMetrics5gSa: getCarrierSa5gBandConfig : cursor is null
01-15 20:13:32.873 28027 30154 D DataMetrics5gSa: getCarrierSa5gBandConfig : content://com.samsung.ims.entitlementconfig.provider/config/xpath?tag_name=%2F%2FTT_NR_CA
01-15 20:13:32.873 14345 14345 W SoLoader: Recording new base apk path: /data/app/~~YoKgp145yHLeeqhXobE0oQ==/com.anonymous.dungeoncrawler-01paK_x9LljgV78scPzfrQ==/base.apk
01-15 20:13:32.873 14345 14345 W SoLoader: Previously recorded 0 base apk paths.
01-15 20:13:32.873  4117  4158 I EntitlementConfigProvider: Empty slot. query regardless slot
01-15 20:13:32.873 14345 14345 I SoLoader: Preparing SO source: DirectorySoSource[root = /vendor/lib64 flags = 2]
01-15 20:13:32.873 14345 14345 I SoLoader: Preparing SO source: DirectorySoSource[root = /system/lib64 flags = 2]
01-15 20:13:32.873 14345 14345 I SoLoader: Preparing SO source: DirectApkSoSource[root = [/data/app/~~YoKgp145yHLeeqhXobE0oQ==/com.anonymous.dungeoncrawler-01paK_x9LljgV78scPzfrQ==/base.apk!/lib/arm64-v8a]]
01-15 20:13:32.874 28027 30154 D DataMetrics5gSa: getCarrierSa5gBandConfig rowNum=: 5
01-15 20:13:32.874 28027 30154 D DataMetrics5gSa: getCarrierSa5gBandConfig columnNum=: 2
01-15 20:13:32.874 28027 30154 D DataMetrics5gSa: getCarrierSa5gBandConfig TagValue: TT_NR_CA/n41_AC
01-15 20:13:32.874 28027 30154 D DataMetrics5gSa: getCarrierSa5gBandConfig Tag: n41_AC
01-15 20:13:32.874 28027 30154 D DataMetrics5gSa: getCarrierSa5gBandConfig TagValue: true
01-15 20:13:32.874 28027 30154 D DataMetrics5gSa: getCarrierSa5gBandConfig Value: true
01-15 20:13:32.874 28027 30154 D DataMetrics5gSa: getCarrierSa5gBandConfig TagValue: TT_NR_CA/n41_2A
01-15 20:13:32.874 28027 30154 D DataMetrics5gSa: getCarrierSa5gBandConfig Tag: n41_2A
01-15 20:13:32.874 28027 30154 D DataMetrics5gSa: getCarrierSa5gBandConfig TagValue: true
01-15 20:13:32.874 28027 30154 D DataMetrics5gSa: getCarrierSa5gBandConfig Value: true
01-15 20:13:32.874 28027 30154 D DataMetrics5gSa: getCarrierSa5gBandConfig TagValue: TT_NR_CA/n41C
01-15 20:13:32.874 28027 30154 D DataMetrics5gSa: getCarrierSa5gBandConfig Tag: n41C
01-15 20:13:32.874 28027 30154 D DataMetrics5gSa: getCarrierSa5gBandConfig TagValue: true
01-15 20:13:32.874 28027 30154 D DataMetrics5gSa: getCarrierSa5gBandConfig Value: true
01-15 20:13:32.874 28027 30154 D DataMetrics5gSa: getCarrierSa5gBandConfig TagValue: TT_NR_CA/n41_4A
01-15 20:13:32.874 28027 30154 D DataMetrics5gSa: getCarrierSa5gBandConfig Tag: n41_4A
01-15 20:13:32.874 14345 14345 I SoLoader: Preparing SO source: ApplicationSoSource[DirectorySoSource[root = /data/app/~~YoKgp145yHLeeqhXobE0oQ==/com.anonymous.dungeoncrawler-01paK_x9LljgV78scPzfrQ==/lib/arm64 flags = 0]]
01-15 20:13:32.874 28027 30154 D DataMetrics5gSa: getCarrierSa5gBandConfig TagValue: true
01-15 20:13:32.874 28027 30154 D DataMetrics5gSa: getCarrierSa5gBandConfig Value: true
01-15 20:13:32.874 28027 30154 D DataMetrics5gSa: getCarrierSa5gBandConfig TagValue: TT_NR_CA/n41_3A
01-15 20:13:32.874 28027 30154 D DataMetrics5gSa: getCarrierSa5gBandConfig Tag: n41_3A
01-15 20:13:32.874 14345 14345 I SoLoader: init finish: 4 SO sources prepared
01-15 20:13:32.874 28027 30154 D DataMetrics5gSa: getCarrierSa5gBandConfig TagValue: true
01-15 20:13:32.874 28027 30154 D DataMetrics5gSa: getCarrierSa5gBandConfig Value: true
01-15 20:13:32.874 14345 14345 W SoLoader: SoLoader initialized: 8
01-15 20:13:32.874 28027 30154 D DataMetrics5gSa: getCarrierSa5gBandConfig : content://com.samsung.ims.entitlementconfig.provider/config/xpath?tag_name=%2F%2FFF_NR_CA
01-15 20:13:32.875  4117  4158 I EntitlementConfigProvider: Empty slot. query regardless slot
01-15 20:13:32.875  2383  7073 D WindowManager: App launched activity=ActivityRecord{201323759 u0 com.anonymous.dungeoncrawler/.MainActivity t4773}, state=1
01-15 20:13:32.875  2383  7073 V WindowManager: Computed rotation=ROTATION_0 (0) for display id=0 based on lastOrientation=SCREEN_ORIENTATION_NOSENSOR (5) and oldRotation=ROTATION_0 (0), caller=com.android.server.wm.DisplayRotation.updateOrientation:79 com.android.server.wm.DisplayContent.updateOrientation:41 com.android.server.wm.DisplayContent.updateOrientationAndComputeConfig:48 com.android.server.wm.RootWindowContainer.ensureVisibilityAndConfig:7 com.android.server.wm.ActivityTaskSupervisor.realStartActivityLocked:182 com.android.server.wm.RootWindowContainer.attachApplication:92 
01-15 20:13:32.875  2383  7073 D SGM:FgCheckThread: notifyAppCreated(), packageName: com.anonymous.dungeoncrawler, userId: 0, sendRet: true
01-15 20:13:32.875  2383  3295 D SGM:FgCheckThread: onLooperPrepared(), msg: MSG_APP_CREATE, pkgName: com.anonymous.dungeoncrawler, userId: 0
01-15 20:13:32.875  2383  7073 D SGM:FgCheckThread: TaskStackListener.onTaskFocusChanged(), taskId=4337, focused=false
01-15 20:13:32.875  2383  7073 D SGM:FgCheckThread: TaskStackListener.onTaskFocusChanged(), taskId=4773, focused=true
01-15 20:13:32.876  2383  7073 D SGM:FgCheckThread:   sendRunningComponentFocus(), pkgName: com.anonymous.dungeoncrawler, userId: 0
01-15 20:13:32.876  2383  3295 D SGM:FgCheckThread: onLooperPrepared(), msg: MSG_TASK_FOCUSED, pkgName: com.anonymous.dungeoncrawler, userId: 0
01-15 20:13:32.876  2383  3295 D SGM:FgCheckThread: handleTaskFocused().
01-15 20:13:32.876  2383  3295 D SGM:FgCheckThread:   handleTaskFocused(), pkgName: com.anonymous.dungeoncrawler, userID:0
01-15 20:13:32.876  2383  3295 D SGM:FgCheckThread: handleResume().
01-15 20:13:32.876  2383  7073 D InputDispatcher: Focused application(0): ActivityRecord{201323759 u0 com.anonymous.dungeoncrawler/.MainActivity t4773}
01-15 20:13:32.876  2383  3295 D SGM:SystemHelper: callReleaseBlock needReleaseBlock:false
01-15 20:13:32.876  2383  3295 D SGM:FgCheckThread:   handleResume(). device is locked yet. ignore
01-15 20:13:32.876  2383  7073 D ActivityTaskManager: scheduleTopResumedActivityChanged, onTop=true, r=ActivityRecord{201323759 u0 com.anonymous.dungeoncrawler/.MainActivity t4773}, caller=com.android.server.wm.ActivityTaskSupervisor.scheduleTopResumedActivityStateIfNeeded:18 com.android.server.wm.ActivityTaskSupervisor.updateTopResumedActivityIfNeeded:54 com.android.server.wm.TaskFragment.setResumedActivity:30 com.android.server.wm.ActivityRecord.setState:100 com.android.server.wm.ActivityTaskSupervisor.realStartActivityLocked:477 com.android.server.wm.RootWindowContainer.attachApplication:92 
01-15 20:13:32.876  4520  4630 I HoneySpace.TopTaskSource: onTaskFocusChanged(): taskId = 4773
01-15 20:13:32.876  2383  7073 D BLASTSyncEngine: SyncGroup 2879: Set ready true, caller=com.android.server.wm.BLASTSyncEngine.setReady:32 com.android.server.wm.Transition.applyReady:54 com.android.server.wm.Transition.setReady:72 com.android.server.wm.TransitionController.setReady:6 com.android.server.wm.DisplayContent.executeAppTransition:4 com.android.server.wm.ActivityRecord.completeResumeLocked:115 
01-15 20:13:32.876  2383  7073 D ActivityTaskManager: scheduleTopResumedActivityChanged, onTop=false, r=ActivityRecord{201323759 u0 com.anonymous.dungeoncrawler/.MainActivity t4773}, caller=com.android.server.wm.ActivityTaskSupervisor.scheduleTopResumedActivityStateLossIfNeeded:19 com.android.server.wm.ActivityTaskSupervisor.updateTopResumedActivityIfNeeded:20 com.android.server.wm.TaskFragment.setResumedActivity:30 com.android.server.wm.ActivityRecord.setState:91 com.android.server.wm.TaskFragment.startPausing$1:209 com.android.server.wm.Task$$ExternalSyntheticLambda37.accept:150 
01-15 20:13:32.876  2383  3386 D AS.MultiSoundManager: mForegroundUid = 10553
01-15 20:13:32.876 28027 30154 D DataMetrics5gSa: getCarrierSa5gBandConfig rowNum=: 7
01-15 20:13:32.876 28027 30154 D DataMetrics5gSa: getCarrierSa5gBandConfig columnNum=: 2
01-15 20:13:32.876 28027 30154 D DataMetrics5gSa: getCarrierSa5gBandConfig TagValue: FF_NR_CA/n25_2A_n71A
01-15 20:13:32.876 28027 30154 D DataMetrics5gSa: getCarrierSa5gBandConfig Tag: n25_2A_n71A
01-15 20:13:32.876 28027 30154 D DataMetrics5gSa: getCarrierSa5gBandConfig TagValue: true
01-15 20:13:32.876 28027 30154 D DataMetrics5gSa: getCarrierSa5gBandConfig Value: true
01-15 20:13:32.876 28027 30154 D DataMetrics5gSa: getCarrierSa5gBandConfig TagValue: FF_NR_CA/n25A_n66A_n71B
01-15 20:13:32.876 28027 30154 D DataMetrics5gSa: getCarrierSa5gBandConfig Tag: n25A_n66A_n71B
01-15 20:13:32.876 28027 30154 D DataMetrics5gSa: getCarrierSa5gBandConfig TagValue: true
01-15 20:13:32.876 28027 30154 D DataMetrics5gSa: getCarrierSa5gBandConfig Value: true
01-15 20:13:32.876 28027 30154 D DataMetrics5gSa: getCarrierSa5gBandConfig TagValue: FF_NR_CA/n25A_n66A_n71A
01-15 20:13:32.876 28027 30154 D DataMetrics5gSa: getCarrierSa5gBandConfig Tag: n25A_n66A_n71A
01-15 20:13:32.876 28027 30154 D DataMetrics5gSa: getCarrierSa5gBandConfig TagValue: true
01-15 20:13:32.876 28027 30154 D DataMetrics5gSa: getCarrierSa5gBandConfig Value: true
01-15 20:13:32.876 28027 30154 D DataMetrics5gSa: getCarrierSa5gBandConfig TagValue: FF_NR_CA/n25A_n66A_n71_2A
01-15 20:13:32.876 28027 30154 D DataMetrics5gSa: getCarrierSa5gBandConfig Tag: n25A_n66A_n71_2A
01-15 20:13:32.876 28027 30154 D DataMetrics5gSa: getCarrierSa5gBandConfig TagValue: true
01-15 20:13:32.876 28027 30154 D DataMetrics5gSa: getCarrierSa5gBandConfig Value: true
01-15 20:13:32.876 28027 30154 D DataMetrics5gSa: getCarrierSa5gBandConfig TagValue: FF_NR_CA/n25_2A_n66A_n71A
01-15 20:13:32.876  2383  3422 D BackgroundInstallControlService: Package event received: 0
01-15 20:13:32.876 28027 30154 D DataMetrics5gSa: getCarrierSa5gBandConfig Tag: n25_2A_n66A_n71A
01-15 20:13:32.876 28027 30154 D DataMetrics5gSa: getCarrierSa5gBandConfig TagValue: true
01-15 20:13:32.876 28027 30154 D DataMetrics5gSa: getCarrierSa5gBandConfig Value: true
01-15 20:13:32.876 28027 30154 D DataMetrics5gSa: getCarrierSa5gBandConfig TagValue: FF_NR_CA/n25_2A
01-15 20:13:32.876 28027 30154 D DataMetrics5gSa: getCarrierSa5gBandConfig Tag: n25_2A
01-15 20:13:32.876 28027 30154 D DataMetrics5gSa: getCarrierSa5gBandConfig TagValue: true
01-15 20:13:32.876 28027 30154 D DataMetrics5gSa: getCarrierSa5gBandConfig Value: true
01-15 20:13:32.876 28027 30154 D DataMetrics5gSa: getCarrierSa5gBandConfig TagValue: FF_NR_CA/n25A_n71A
01-15 20:13:32.876 28027 30154 D DataMetrics5gSa: getCarrierSa5gBandConfig Tag: n25A_n71A
01-15 20:13:32.876 28027 30154 D DataMetrics5gSa: getCarrierSa5gBandConfig TagValue: true
01-15 20:13:32.876 28027 30154 D DataMetrics5gSa: getCarrierSa5gBandConfig Value: true
01-15 20:13:32.876 28027 30154 D DataMetrics5gSa: getCarrierSa5gBandConfig : content://com.samsung.ims.entitlementconfig.provider/config/xpath?tag_name=%2F%2FFT_NR_CA
01-15 20:13:32.877  2383  2879 D BLASTSyncEngine: SyncGroup 2879:  Unfinished container: ActivityRecord{201323759 u0 com.anonymous.dungeoncrawler/.MainActivity t4773} mSyncState=2
01-15 20:13:32.877  4117  4158 I EntitlementConfigProvider: Empty slot. query regardless slot
01-15 20:13:32.877  2383  3412 I CocktailBarManagerServiceContainer: handleMessage: entry what = 5
01-15 20:13:32.877  4520  4520 I HoneySpace.EdgePanel.CocktailHostRepositoryImpl: onNoteResume
01-15 20:13:32.877  4520  4520 I HoneySpace.EdgePanel.EdgePanelContainerViewModel: cocktailHostRepository.edgePanelOperation NoteResumeComponent(componentName=ComponentInfo{com.anonymous.dungeoncrawler/com.anonymous.dungeoncrawler.MainActivity})
01-15 20:13:32.877  4520  4520 I HoneySpace.EdgePanel.ActivityUtils: HomePackage : com.sec.android.app.launcher, resumePackageName : com.anonymous.dungeoncrawler, className : com.anonymous.dungeoncrawler.MainActivity
01-15 20:13:32.877  2383  4337 D GraphicsStatsService: requestRenderEngineFor(com.anonymous.dungeoncrawler)
01-15 20:13:32.878 14345 14345 D ActivityThread: com.anonymous.dungeoncrawler will use render engine as VK
01-15 20:13:32.878 14345 14345 D HWUI    : HWUI - treat SMPTE_170M as sRGB
01-15 20:13:32.878  2383  2878 D SGM:GameManager: identifyGamePackage. com.anonymous.dungeoncrawler, mCurrentUserId: 0, callingMethodInfo: com.samsung.android.game.SemGameManager.isGamePackage(SemGameManager.java:106)
01-15 20:13:32.878  2383  2878 D SGM:SemGameManager: isGamePackage(), pkgName=com.anonymous.dungeoncrawler, ret=false
01-15 20:13:32.878 14345 14364 I DisplayManager: Choreographer implicitly registered for the refresh rate.
01-15 20:13:32.878 14345 14364 D HWUI    : CacheManager constructor. deviceInfo=(1080, 1920)
01-15 20:13:32.878  2383  2878 D SGM:FgCheckThread: noteResumeComponent(), received pkgName: com.anonymous.dungeoncrawler, userId: 0
01-15 20:13:32.878 28027 30154 D DataMetrics5gSa: getCarrierSa5gBandConfig rowNum=: 13
01-15 20:13:32.878 28027 30154 D DataMetrics5gSa: getCarrierSa5gBandConfig columnNum=: 2
01-15 20:13:32.878 28027 30154 D DataMetrics5gSa: getCarrierSa5gBandConfig TagValue: FT_NR_CA/n25_2A_n41A_n66A
01-15 20:13:32.878 28027 30154 D DataMetrics5gSa: getCarrierSa5gBandConfig Tag: n25_2A_n41A_n66A
01-15 20:13:32.878 28027 30154 D DataMetrics5gSa: getCarrierSa5gBandConfig TagValue: true
01-15 20:13:32.878 28027 30154 D DataMetrics5gSa: getCarrierSa5gBandConfig Value: true
01-15 20:13:32.878 28027 30154 D DataMetrics5gSa: getCarrierSa5gBandConfig TagValue: FT_NR_CA/n25_2A_n41A_n71A
01-15 20:13:32.878 28027 30154 D DataMetrics5gSa: getCarrierSa5gBandConfig Tag: n25_2A_n41A_n71A
01-15 20:13:32.878 28027 30154 D DataMetrics5gSa: getCarrierSa5gBandConfig TagValue: true
01-15 20:13:32.878 28027 30154 D DataMetrics5gSa: getCarrierSa5gBandConfig Value: true
01-15 20:13:32.878  2383  3295 D SGM:FgCheckThread: onLooperPrepared(), msg: MSG_APP_RESUME, pkgName: com.anonymous.dungeoncrawler, userid: 0
01-15 20:13:32.878 28027 30154 D DataMetrics5gSa: getCarrierSa5gBandConfig TagValue: FT_NR_CA/n25_2A_n41_AC
01-15 20:13:32.878 28027 30154 D DataMetrics5gSa: getCarrierSa5gBandConfig Tag: n25_2A_n41_AC
01-15 20:13:32.878  2383  3295 D SGM:FgCheckThread: handleResume().
01-15 20:13:32.878 28027 30154 D DataMetrics5gSa: getCarrierSa5gBandConfig TagValue: true
01-15 20:13:32.878 28027 30154 D DataMetrics5gSa: getCarrierSa5gBandConfig Value: true
01-15 20:13:32.878 28027 30154 D DataMetrics5gSa: getCarrierSa5gBandConfig TagValue: FT_NR_CA/n25A_n41_AC_n66A
01-15 20:13:32.878 28027 30154 D DataMetrics5gSa: getCarrierSa5gBandConfig Tag: n25A_n41_AC_n66A
01-15 20:13:32.878 28027 30154 D DataMetrics5gSa: getCarrierSa5gBandConfig TagValue: true
01-15 20:13:32.878 28027 30154 D DataMetrics5gSa: getCarrierSa5gBandConfig Value: true
01-15 20:13:32.878 14345 14364 D vulkan  : searching for layers in '/data/app/~~YoKgp145yHLeeqhXobE0oQ==/com.anonymous.dungeoncrawler-01paK_x9LljgV78scPzfrQ==/lib/arm64'
01-15 20:13:32.878 28027 30154 D DataMetrics5gSa: getCarrierSa5gBandConfig TagValue: FT_NR_CA/n25_2A_n41_3A
01-15 20:13:32.878  2383  3295 D SGM:SystemHelper: callReleaseBlock needReleaseBlock:false
01-15 20:13:32.878 28027 30154 D DataMetrics5gSa: getCarrierSa5gBandConfig Tag: n25_2A_n41_3A
01-15 20:13:32.878  2383  3295 D SGM:FgCheckThread:   handleResume(). device is locked yet. ignore
01-15 20:13:32.878 28027 30154 D DataMetrics5gSa: getCarrierSa5gBandConfig TagValue: true
01-15 20:13:32.878 28027 30154 D DataMetrics5gSa: getCarrierSa5gBandConfig Value: true
01-15 20:13:32.878 28027 30154 D DataMetrics5gSa: getCarrierSa5gBandConfig TagValue: FT_NR_CA/n25A_n41A
01-15 20:13:32.878 28027 30154 D DataMetrics5gSa: getCarrierSa5gBandConfig Tag: n25A_n41A
01-15 20:13:32.878 28027 30154 D DataMetrics5gSa: getCarrierSa5gBandConfig TagValue: true
01-15 20:13:32.878 28027 30154 D DataMetrics5gSa: getCarrierSa5gBandConfig Value: true
01-15 20:13:32.878 28027 30154 D DataMetrics5gSa: getCarrierSa5gBandConfig TagValue: FT_NR_CA/n41A_n66A_n71A
01-15 20:13:32.878 28027 30154 D DataMetrics5gSa: getCarrierSa5gBandConfig Tag: n41A_n66A_n71A
01-15 20:13:32.878 28027 30154 D DataMetrics5gSa: getCarrierSa5gBandConfig TagValue: true
01-15 20:13:32.878 28027 30154 D DataMetrics5gSa: getCarrierSa5gBandConfig Value: true
01-15 20:13:32.878 28027 30154 D DataMetrics5gSa: getCarrierSa5gBandConfig TagValue: FT_NR_CA/n25A_n41A_n66A_n71A
01-15 20:13:32.878 28027 30154 D DataMetrics5gSa: getCarrierSa5gBandConfig Tag: n25A_n41A_n66A_n71A
01-15 20:13:32.878 28027 30154 D DataMetrics5gSa: getCarrierSa5gBandConfig TagValue: true
01-15 20:13:32.878 28027 30154 D DataMetrics5gSa: getCarrierSa5gBandConfig Value: true
01-15 20:13:32.878  7045 16027 I SDHMS:k : handleResumeComponent : put = com.anonymous.dungeoncrawler, userid = 0 instanceid =107827845
01-15 20:13:32.878 28027 30154 D DataMetrics5gSa: getCarrierSa5gBandConfig TagValue: FT_NR_CA/n25A_n41A_n71A
01-15 20:13:32.879 28027 30154 D DataMetrics5gSa: getCarrierSa5gBandConfig Tag: n25A_n41A_n71A
01-15 20:13:32.879 28027 30154 D DataMetrics5gSa: getCarrierSa5gBandConfig TagValue: true
01-15 20:13:32.879 28027 30154 D DataMetrics5gSa: getCarrierSa5gBandConfig Value: true
01-15 20:13:32.879 28027 30154 D DataMetrics5gSa: getCarrierSa5gBandConfig TagValue: FT_NR_CA/n25A_n41A_n66A
01-15 20:13:32.879 28027 30154 D DataMetrics5gSa: getCarrierSa5gBandConfig Tag: n25A_n41A_n66A
01-15 20:13:32.879 28027 30154 D DataMetrics5gSa: getCarrierSa5gBandConfig TagValue: true
01-15 20:13:32.879 28027 30154 D DataMetrics5gSa: getCarrierSa5gBandConfig Value: true
01-15 20:13:32.879 28027 30154 D DataMetrics5gSa: getCarrierSa5gBandConfig TagValue: FT_NR_CA/n25A_n41_3A_n66A
01-15 20:13:32.879 28027 30154 D DataMetrics5gSa: getCarrierSa5gBandConfig Tag: n25A_n41_3A_n66A
01-15 20:13:32.879 28027 30154 D DataMetrics5gSa: getCarrierSa5gBandConfig TagValue: true
01-15 20:13:32.879 14345 14364 D vulkan  : searching for layers in '/data/app/~~YoKgp145yHLeeqhXobE0oQ==/com.anonymous.dungeoncrawler-01paK_x9LljgV78scPzfrQ==/base.apk!/lib/arm64-v8a'
01-15 20:13:32.879 28027 30154 D DataMetrics5gSa: getCarrierSa5gBandConfig Value: true
01-15 20:13:32.879 28027 30154 D DataMetrics5gSa: getCarrierSa5gBandConfig TagValue: FT_NR_CA/n25_2A_n41A
01-15 20:13:32.879 28027 30154 D DataMetrics5gSa: getCarrierSa5gBandConfig Tag: n25_2A_n41A
01-15 20:13:32.879 28027 30154 D DataMetrics5gSa: getCarrierSa5gBandConfig TagValue: true
01-15 20:13:32.879 28027 30154 D DataMetrics5gSa: getCarrierSa5gBandConfig Value: true
01-15 20:13:32.879 28027 30154 D DataMetrics5gSa: getCarrierSa5gBandConfig TagValue: FT_NR_CA/n41A_n71A
01-15 20:13:32.879 28027 30154 D DataMetrics5gSa: getCarrierSa5gBandConfig Tag: n41A_n71A
01-15 20:13:32.879 28027 30154 D DataMetrics5gSa: getCarrierSa5gBandConfig TagValue: true
01-15 20:13:32.879 28027 30154 D DataMetrics5gSa: getCarrierSa5gBandConfig Value: true
01-15 20:13:32.879 28027 30154 D DataMetrics5gSa: getCarrierSa5gBandConfig : content://com.samsung.ims.entitlementconfig.provider/config/xpath?tag_name=%2F%2FTF_NR_CA
01-15 20:13:32.879  2383  3422 D BackgroundInstallControlService: Package event received: 0
01-15 20:13:32.879  4117  4158 I EntitlementConfigProvider: Empty slot. query regardless slot
01-15 20:13:32.879  2383  3422 D BackgroundInstallControlService: Package event received: 0
01-15 20:13:32.879  5550  5572 V OsAgent : broadcastSystemEvent - 7
01-15 20:13:32.879 14345 14345 D AppCompatDelegate: Checking for metadata for AppLocalesMetadataHolderService : Service not found
01-15 20:13:32.880 14345 14345 E ashmem  : Pinning is deprecated since Android Q. Please use trim or other methods.
01-15 20:13:32.881 28027 30154 D DataMetrics5gSa: getCarrierSa5gBandConfig rowNum=: 16
01-15 20:13:32.881 28027 30154 D DataMetrics5gSa: getCarrierSa5gBandConfig columnNum=: 2
01-15 20:13:32.881 28027 30154 D DataMetrics5gSa: getCarrierSa5gBandConfig TagValue: TF_NR_CA/n41_2A_n71A
01-15 20:13:32.881 28027 30154 D DataMetrics5gSa: getCarrierSa5gBandConfig Tag: n41_2A_n71A
01-15 20:13:32.881 28027 30154 D DataMetrics5gSa: getCarrierSa5gBandConfig TagValue: true
01-15 20:13:32.881 28027 30154 D DataMetrics5gSa: getCarrierSa5gBandConfig Value: true
01-15 20:13:32.881 28027 30154 D DataMetrics5gSa: getCarrierSa5gBandConfig TagValue: TF_NR_CA/n25A_n41C
01-15 20:13:32.881 28027 30154 D DataMetrics5gSa: getCarrierSa5gBandConfig Tag: n25A_n41C
01-15 20:13:32.881 28027 30154 D DataMetrics5gSa: getCarrierSa5gBandConfig TagValue: true
01-15 20:13:32.881 28027 30154 D DataMetrics5gSa: getCarrierSa5gBandConfig Value: true
01-15 20:13:32.881 28027 30154 D DataMetrics5gSa: getCarrierSa5gBandConfig TagValue: TF_NR_CA/n41C_n71A
01-15 20:13:32.881 28027 30154 D DataMetrics5gSa: getCarrierSa5gBandConfig Tag: n41C_n71A
01-15 20:13:32.881 28027 30154 D DataMetrics5gSa: getCarrierSa5gBandConfig TagValue: true
01-15 20:13:32.881 28027 30154 D DataMetrics5gSa: getCarrierSa5gBandConfig Value: true
01-15 20:13:32.881 28027 30154 D DataMetrics5gSa: getCarrierSa5gBandConfig TagValue: TF_NR_CA/n25_2A_n41C
01-15 20:13:32.881 28027 30154 D DataMetrics5gSa: getCarrierSa5gBandConfig Tag: n25_2A_n41C
01-15 20:13:32.881 28027 30154 D DataMetrics5gSa: getCarrierSa5gBandConfig TagValue: true
01-15 20:13:32.881 28027 30154 D DataMetrics5gSa: getCarrierSa5gBandConfig Value: true
01-15 20:13:32.881 28027 30154 D DataMetrics5gSa: getCarrierSa5gBandConfig TagValue: TF_NR_CA/n25A_n41C_n71A
01-15 20:13:32.881 28027 30154 D DataMetrics5gSa: getCarrierSa5gBandConfig Tag: n25A_n41C_n71A
01-15 20:13:32.881 28027 30154 D DataMetrics5gSa: getCarrierSa5gBandConfig TagValue: true
01-15 20:13:32.881 28027 30154 D DataMetrics5gSa: getCarrierSa5gBandConfig Value: true
01-15 20:13:32.881 28027 30154 D DataMetrics5gSa: getCarrierSa5gBandConfig TagValue: TF_NR_CA/n25_2A_n41_2A
01-15 20:13:32.881 28027 30154 D DataMetrics5gSa: getCarrierSa5gBandConfig Tag: n25_2A_n41_2A
01-15 20:13:32.881 28027 30154 D DataMetrics5gSa: getCarrierSa5gBandConfig TagValue: true
01-15 20:13:32.881 28027 30154 D DataMetrics5gSa: getCarrierSa5gBandConfig Value: true
01-15 20:13:32.881 28027 30154 D DataMetrics5gSa: getCarrierSa5gBandConfig TagValue: TF_NR_CA/n41C_n66A
01-15 20:13:32.881 28027 30154 D DataMetrics5gSa: getCarrierSa5gBandConfig Tag: n41C_n66A
01-15 20:13:32.881 28027 30154 D DataMetrics5gSa: getCarrierSa5gBandConfig TagValue: true
01-15 20:13:32.881 28027 30154 D DataMetrics5gSa: getCarrierSa5gBandConfig Value: true
01-15 20:13:32.881 28027 30154 D DataMetrics5gSa: getCarrierSa5gBandConfig TagValue: TF_NR_CA/n25A_n41_2A_n71A
01-15 20:13:32.881 28027 30154 D DataMetrics5gSa: getCarrierSa5gBandConfig Tag: n25A_n41_2A_n71A
01-15 20:13:32.881 28027 30154 D DataMetrics5gSa: getCarrierSa5gBandConfig TagValue: true
01-15 20:13:32.881 28027 30154 D DataMetrics5gSa: getCarrierSa5gBandConfig Value: true
01-15 20:13:32.881 28027 30154 D DataMetrics5gSa: getCarrierSa5gBandConfig TagValue: TF_NR_CA/n25A_n41C_n66A
01-15 20:13:32.881 28027 30154 D DataMetrics5gSa: getCarrierSa5gBandConfig Tag: n25A_n41C_n66A
01-15 20:13:32.881 28027 30154 D DataMetrics5gSa: getCarrierSa5gBandConfig TagValue: true
01-15 20:13:32.881 28027 30154 D DataMetrics5gSa: getCarrierSa5gBandConfig Value: true
01-15 20:13:32.881 28027 30154 D DataMetrics5gSa: getCarrierSa5gBandConfig TagValue: TF_NR_CA/n25A_n41_AC
01-15 20:13:32.881 28027 30154 D DataMetrics5gSa: getCarrierSa5gBandConfig Tag: n25A_n41_AC
01-15 20:13:32.881 28027 30154 D DataMetrics5gSa: getCarrierSa5gBandConfig TagValue: true
01-15 20:13:32.881 28027 30154 D DataMetrics5gSa: getCarrierSa5gBandConfig Value: true
01-15 20:13:32.881 28027 30154 D DataMetrics5gSa: getCarrierSa5gBandConfig TagValue: TF_NR_CA/n25A_n41_3A
01-15 20:13:32.881 28027 30154 D DataMetrics5gSa: getCarrierSa5gBandConfig Tag: n25A_n41_3A
01-15 20:13:32.881 28027 30154 D DataMetrics5gSa: getCarrierSa5gBandConfig TagValue: true
01-15 20:13:32.881 28027 30154 D DataMetrics5gSa: getCarrierSa5gBandConfig Value: true
01-15 20:13:32.881 28027 30154 D DataMetrics5gSa: getCarrierSa5gBandConfig TagValue: TF_NR_CA/n25A_n41_2A
01-15 20:13:32.881 28027 30154 D DataMetrics5gSa: getCarrierSa5gBandConfig Tag: n25A_n41_2A
01-15 20:13:32.881 28027 30154 D DataMetrics5gSa: getCarrierSa5gBandConfig TagValue: true
01-15 20:13:32.881 28027 30154 D DataMetrics5gSa: getCarrierSa5gBandConfig Value: true
01-15 20:13:32.881 28027 30154 D DataMetrics5gSa: getCarrierSa5gBandConfig TagValue: TF_NR_CA/n25A_n41_2A_n66A
01-15 20:13:32.881 28027 30154 D DataMetrics5gSa: getCarrierSa5gBandConfig Tag: n25A_n41_2A_n66A
01-15 20:13:32.881 28027 30154 D DataMetrics5gSa: getCarrierSa5gBandConfig TagValue: true
01-15 20:13:32.881 28027 30154 D DataMetrics5gSa: getCarrierSa5gBandConfig Value: true
01-15 20:13:32.881 28027 30154 D DataMetrics5gSa: getCarrierSa5gBandConfig TagValue: TF_NR_CA/n41C_n66A_n71A
01-15 20:13:32.881 28027 30154 D DataMetrics5gSa: getCarrierSa5gBandConfig Tag: n41C_n66A_n71A
01-15 20:13:32.881 28027 30154 D DataMetrics5gSa: getCarrierSa5gBandConfig TagValue: true
01-15 20:13:32.881 28027 30154 D DataMetrics5gSa: getCarrierSa5gBandConfig Value: true
01-15 20:13:32.881 28027 30154 D DataMetrics5gSa: getCarrierSa5gBandConfig TagValue: TF_NR_CA/n41_2A_n66A
01-15 20:13:32.881 28027 30154 D DataMetrics5gSa: getCarrierSa5gBandConfig Tag: n41_2A_n66A
01-15 20:13:32.881 28027 30154 D DataMetrics5gSa: getCarrierSa5gBandConfig TagValue: true
01-15 20:13:32.881 28027 30154 D DataMetrics5gSa: getCarrierSa5gBandConfig Value: true
01-15 20:13:32.881 28027 30154 D DataMetrics5gSa: getCarrierSa5gBandConfig TagValue: TF_NR_CA/n41_2A_n66A_n71A
01-15 20:13:32.881 28027 30154 D DataMetrics5gSa: getCarrierSa5gBandConfig Tag: n41_2A_n66A_n71A
01-15 20:13:32.881 28027 30154 D DataMetrics5gSa: getCarrierSa5gBandConfig TagValue: true
01-15 20:13:32.881 28027 30154 D DataMetrics5gSa: getCarrierSa5gBandConfig Value: true
01-15 20:13:32.881 28027 30154 D DataMetrics5gSa: carrierSa5gBandConfig Size : 47
01-15 20:13:32.881 28027 30154 D DataMetrics5gSa: SettingsLog(): wifiCalling=CELLULAR, wifi=ON, roaming=ON, rtt=MANUAL, rttTranscript=-1, networkMode=5G, CarrierConfigVersion=1.0000, CarrierSa5gBandConfig={SAn41Enabled_NRCA=true, SAn71Enabled_NRCA=true, SAn25Enabled_NRCA=true, SAn77Enabled_NRCA=true, SAn66Enabled_NRCA=true, SAn48Enabled_NRCA=true, n41_AC=true, n41_2A=true, n41C=true, n41_4A=true, n41_3A=true, n25_2A_n71A=true, n25A_n66A_n71B=true, n25A_n66A_n71A=true, n25A_n66A_n71_2A=true, n25_2A_n66A_n71A=true, n25_2A=true, n25A_n71A=true, n25_2A_n41A_n66A=true, n25_2A_n41A_n71A=true, n25_2A_n41_AC=true, n25A_n41_AC_n66A=true, n25_2A_n41_3A=true, n25A_n41A=true, n41A_n66A_n71A=true, n25A_n41A_n66A_n71A=true, n25A_n41A_n71A=true, n25A_n41A_n66A=true, n25A_n41_3A_n66A=true, n25_2A_n41A=true, n41A_n71A=true, n41_2A_n71A=true, n25A_n41C=true, n41C_n71A=true, n25_2A_n41C=true, n25A_n41C_n71A=true, n25_2A_n41_2A=true, n41C_n66A=true, n25A_n41_2A_n71A=true, n25A_n41C_n66A=true, n25A_n41_AC=true, n25A_n41_3A=true, n25A_n41_2A=true, n25A_n41_2A_n66A=true, n41C_n66A_n71A=true, n41_2A_n66A=true, n41_2A_n66A_n71A=true}, vonrSetting=ON, vonrStatus=CAPABLE
01-15 20:13:32.881 28027 30154 D DataMetrics5gSa: getDlCarrierLog(): Entered
01-15 20:13:32.881 28027 30154 D DataMetrics5gSa: invokeOemRilRequestRaw: DefaultDataSubId= 1
01-15 20:13:32.883 14345 14345 W SoLoader: SoLoader already initialized
01-15 20:13:32.883  2383  3207 D ActivityManager: sync unfroze 14149 com.samsung.euicc for 6
01-15 20:13:32.884 14345 14364 E Adreno-AppProfiles: QSPM AIDL service doesn't exist
01-15 20:13:32.884 14149 14149 I SLPASVC : onStartJob                                                                                          [at com.samsung.euicc.lpaService.NotificationJobService.onStartJob(NotificationJobService.java:17)]
01-15 20:13:32.884 28027 30154 D DataMetrics5gSa: invokeOemRilRequestRaw: resp= 88
01-15 20:13:32.884 28027 30154 D DataMetrics5gSa: getResultsFromBytes(): resultString=1|1|396250|20|n25|-999|-2|-2|-2|-999|-2|-2|-2|-999|-2|-2|-2|-999|-2|-2|-2|-999|-2|-2|-2|
01-15 20:13:32.884 28027 30154 D DataMetrics5gSa: invokeOemRilRequestRaw: msg= 4, resultFromCp= [1, 1, 396250, 20, n25, -999, -2, -2, -2, -999, -2, -2, -2, -999, -2, -2, -2, -999, -2, -2, -2, -999, -2, -2, -2, -2]
01-15 20:13:32.884 28027 30154 D DataMetrics5gSa: cpTechType: ret=NR
01-15 20:13:32.884 28027 30154 D DataMetrics5gSa: numAggChannels ==1 Data Feteched already
01-15 20:13:32.884 14149 14149 I SLPASVC : start NotificationService                                                                           [at com.samsung.euicc.lpaService.NotificationJobService.onStartJob(NotificationJobService.java:27)]
01-15 20:13:32.884 14149 14149 W ContextImpl: Calling a method in the system process without a qualified user: android.app.ContextImpl.startService:2068 android.content.ContextWrapper.startService:872 com.samsung.euicc.lpaService.NotificationJobService.onStartJob:28 android.app.job.JobService$1.onStartJob:118 android.app.job.JobServiceEngine$JobHandler.handleMessage:169 
01-15 20:13:32.884 14345 14364 I AdrenoVK-0: ===== BEGIN DUMP OF OVERRIDDEN SETTINGS =====
01-15 20:13:32.884 14345 14364 I AdrenoVK-0: ===== END DUMP OF OVERRIDDEN SETTINGS =====
01-15 20:13:32.885  2383  6918 W ProcessStats: Tracking association SourceState{2392e1d system/1000 ImpBg #839165} whose proc state 6 is better than process ProcessState{777345 com.samsung.euicc/1000 pkg=com.samsung.euicc} proc state 9 (0 skipped)
01-15 20:13:32.885 28027 30154 D DataMetrics5gSa: invokeOemRilRequestRaw: DefaultDataSubId= 1
01-15 20:13:32.886 14149 14149 I SLPASVC : onStartCommand()                                                                                    [at com.samsung.euicc.lpaService.NotificationService.onStartCommand(NotificationService.java:42)]
01-15 20:13:32.886 14345 14364 D qdgralloc: Fetching IMapper5 from QtiMapper5
01-15 20:13:32.887 14149 14370 I SLPASVC : +sendNotifications                                                                                  [at com.samsung.euicc.lpaService.NotificationService$NotificationHandler.sendNotifications(NotificationService$NotificationHandler.java:68)]
01-15 20:13:32.887 14149 14370 I SLPASVC : -sendNotifications                                                                                  [at com.samsung.euicc.lpaService.NotificationService$NotificationHandler.sendNotifications(NotificationService$NotificationHandler.java:78)]
01-15 20:13:32.887 28027 30154 D DataMetrics5gSa: invokeOemRilRequestRaw: resp= 47
01-15 20:13:32.887 28027 30154 D DataMetrics5gSa: getResultsFromBytes(): resultString=-2|-2|-2|0|-2|-2|-999|-999|-999|-999|-999|-999|
01-15 20:13:32.887 28027 30154 D DataMetrics5gSa: invokeOemRilRequestRaw: msg= 3, resultFromCp= [-2, -2, -2, 0, -2, -2, -999, -999, -999, -999, -999, -999, -2]
01-15 20:13:32.887 28027 30154 D DataMetrics5gSa: getCommonRFConfig: Transmission mode = -2
01-15 20:13:32.887 28027 30154 D DataMetrics5gSa: invokeOemRilRequestRaw: DefaultDataSubId= 1
01-15 20:13:32.887 14345 14345 D nativeloader: Load /data/app/~~YoKgp145yHLeeqhXobE0oQ==/com.anonymous.dungeoncrawler-01paK_x9LljgV78scPzfrQ==/base.apk!/lib/arm64-v8a/libc++_shared.so using class loader ns clns-9 (caller=/data/app/~~YoKgp145yHLeeqhXobE0oQ==/com.anonymous.dungeoncrawler-01paK_x9LljgV78scPzfrQ==/base.apk!classes2.dex): ok
01-15 20:13:32.887 14149 14149 I SLPASVC : +onDestroy(): Handler (com.samsung.euicc.lpaService.NotificationService$NotificationHandler) {963b9a3}[at com.samsung.euicc.lpaService.NotificationService.onDestroy(NotificationService.java:25)]
01-15 20:13:32.887 14149 14149 I SLPASVC : -onDestroy()                                                                                        [at com.samsung.euicc.lpaService.NotificationService.onDestroy(NotificationService.java:31)]
01-15 20:13:32.889 14345 14345 D nativeloader: Load /data/app/~~YoKgp145yHLeeqhXobE0oQ==/com.anonymous.dungeoncrawler-01paK_x9LljgV78scPzfrQ==/base.apk!/lib/arm64-v8a/libjsi.so using class loader ns clns-9 (caller=/data/app/~~YoKgp145yHLeeqhXobE0oQ==/com.anonymous.dungeoncrawler-01paK_x9LljgV78scPzfrQ==/base.apk!classes2.dex): ok
01-15 20:13:32.889 28027 30154 D DataMetrics5gSa: invokeOemRilRequestRaw: resp= 36
01-15 20:13:32.889 28027 30154 D DataMetrics5gSa: getResultsFromBytes(): resultString=-2|-2|-2|-2|-2|-2|-2|-2|-2|-2|-2|-2|
01-15 20:13:32.889 28027 30154 D DataMetrics5gSa: invokeOemRilRequestRaw: msg= 6, resultFromCp= [-2, -2, -2, -2, -2, -2, -2, -2, -2, -2, -2, -2, -2]
01-15 20:13:32.889 28027 30154 D DataMetrics5gSa: getCurrentNetworkType(): default on currNetwork=18
01-15 20:13:32.889 28027 30154 D DataMetrics5gSa: getCurrentNetworkType(): ret=-2
01-15 20:13:32.889 28027 30154 D DataMetrics5gSa: CellInfo : currNetworkType: -2
01-15 20:13:32.889 28027 30154 D DataMetrics5gSa: CellInfo : current network is not available
01-15 20:13:32.890 28027 30154 D DataMetrics5gSa: invokeOemRilRequestRaw: DefaultDataSubId= 1
01-15 20:13:32.890 14345 14345 D nativeloader: Load /data/app/~~YoKgp145yHLeeqhXobE0oQ==/com.anonymous.dungeoncrawler-01paK_x9LljgV78scPzfrQ==/base.apk!/lib/arm64-v8a/libfbjni.so using class loader ns clns-9 (caller=/data/app/~~YoKgp145yHLeeqhXobE0oQ==/com.anonymous.dungeoncrawler-01paK_x9LljgV78scPzfrQ==/base.apk!classes2.dex): ok
01-15 20:13:32.890 14345 14345 D nativeloader: Load /data/app/~~YoKgp145yHLeeqhXobE0oQ==/com.anonymous.dungeoncrawler-01paK_x9LljgV78scPzfrQ==/base.apk!/lib/arm64-v8a/libhermes.so using class loader ns clns-9 (caller=/data/app/~~YoKgp145yHLeeqhXobE0oQ==/com.anonymous.dungeoncrawler-01paK_x9LljgV78scPzfrQ==/base.apk!classes2.dex): ok
01-15 20:13:32.891 28027 30154 D DataMetrics5gSa: invokeOemRilRequestRaw: resp= 101
01-15 20:13:32.891 28027 30154 D DataMetrics5gSa: getResultsFromBytes(): resultString=-110|-11|-1|-99|-150|-50|-50|-50|-150|-50|-50|-50|-150|-50|-50|-50|-150|-50|-50|-50|-150|-50|-50|-50|
01-15 20:13:32.891 28027 30154 D DataMetrics5gSa: invokeOemRilRequestRaw: msg= 2, resultFromCp= [-110, -11, -1, -99, -150, -50, -50, -50, -150, -50, -50, -50, -150, -50, -50, -50, -150, -50, -50, -50, -150, -50, -50, -50, -2]
01-15 20:13:32.891 28027 30154 D DataMetrics5gSa: invokeOemRilRequestRaw: DefaultDataSubId= 1
01-15 20:13:32.893 28027 30154 D DataMetrics5gSa: invokeOemRilRequestRaw: resp= 19
01-15 20:13:32.893 28027 30154 D DataMetrics5gSa: getResultsFromBytes(): resultString=383|-1|-1|-1|-1|-1|
01-15 20:13:32.893 28027 30154 D DataMetrics5gSa: invokeOemRilRequestRaw: msg= 1, resultFromCp= [383, -1, -1, -1, -1, -1, -2]
01-15 20:13:32.893 28027 30154 D DataMetrics5gSa: getDlCarrierLog(): 1
01-15 20:13:32.893 28027 30154 D DataMetrics5gSa: getDlCarrierLog(): 0 == DlCarrierLog{techType='NR', bandNumber='n25', arfcn=396250, bandWidth=20.0, isPrimary=1, isEndcAnchor=2, modulationType='-2', transmissionMode=-2, numberLayers=-2, cellId=-2, pci=383, tac=-2, lac=-2, rsrp=-110.0, rsrq=-11.0, rssi=-99.0, rscp=-1.0, sinr=-1.0, csiRsrp=-1.0, csiRsrq=-1.0, csiRssi=-1.0, csiSinr=-1.0}
01-15 20:13:32.894 28027 30154 D DataMetrics5gSa: invokeOemRilRequestRaw: DefaultDataSubId= 1
01-15 20:13:32.894 14345 14345 D nativeloader: Load /data/app/~~YoKgp145yHLeeqhXobE0oQ==/com.anonymous.dungeoncrawler-01paK_x9LljgV78scPzfrQ==/base.apk!/lib/arm64-v8a/libreactnative.so using class loader ns clns-9 (caller=/data/app/~~YoKgp145yHLeeqhXobE0oQ==/com.anonymous.dungeoncrawler-01paK_x9LljgV78scPzfrQ==/base.apk!classes2.dex): ok
01-15 20:13:32.894 14345 14345 D jni_lib_merge: Entering merged library JNI_OnLoad.
01-15 20:13:32.894 14345 14345 D jni_lib_merge: Preparing 12 pre-merged libs (including stub)
01-15 20:13:32.894 14345 14345 D jni_lib_merge: Preparing to register libfabricjni_so.  onload_func: 0x77d84f422c
01-15 20:13:32.894 14345 14345 D jni_lib_merge: Preparing to register libmapbufferjni_so.  onload_func: 0x77d853f514
01-15 20:13:32.894 14345 14345 D jni_lib_merge: Preparing to register libreact_devsupportjni_so.  onload_func: 0x77d85b6bac
01-15 20:13:32.894 14345 14345 D jni_lib_merge: Preparing to register libreact_featureflagsjni_so.  onload_func: 0x77d85bdafc
01-15 20:13:32.894 14345 14345 D jni_lib_merge: Preparing to register libreact_newarchdefaults_so.  onload_func: 0x77d85e0dc8
01-15 20:13:32.894 14345 14345 D jni_lib_merge: Preparing to register libreactnativeblob_so.  onload_func: 0x77d866912c
01-15 20:13:32.894 14345 14345 D jni_lib_merge: Preparing to register libreactnativejni_so.  onload_func: 0x77d8687a74
01-15 20:13:32.894 14345 14345 D jni_lib_merge: Preparing to register librninstance_so.  onload_func: 0x77d86a1c78
01-15 20:13:32.894 14345 14345 D jni_lib_merge: Preparing to register libturbomodulejsijni_so.  onload_func: 0x77d8700e48
01-15 20:13:32.894 14345 14345 D jni_lib_merge: Preparing to register libuimanagerjni_so.  onload_func: 0x77d87086c0
01-15 20:13:32.894 14345 14345 D jni_lib_merge: Preparing to register libyoga_so.  onload_func: 0x77d870d970
01-15 20:13:32.894 14345 14345 D jni_lib_merge: About to register 11 actual methods.
01-15 20:13:32.894 14345 14364 I SnapAlloc: Graphics lib is available
01-15 20:13:32.895 14345 14345 D nativeloader: Load /data/app/~~YoKgp145yHLeeqhXobE0oQ==/com.anonymous.dungeoncrawler-01paK_x9LljgV78scPzfrQ==/base.apk!/lib/arm64-v8a/libhermestooling.so using class loader ns clns-9 (caller=/data/app/~~YoKgp145yHLeeqhXobE0oQ==/com.anonymous.dungeoncrawler-01paK_x9LljgV78scPzfrQ==/base.apk!classes2.dex): ok
01-15 20:13:32.895 14345 14345 D jni_lib_merge: Entering merged library JNI_OnLoad.
01-15 20:13:32.895 14345 14345 D jni_lib_merge: Preparing 4 pre-merged libs (including stub)
01-15 20:13:32.895 14345 14345 D jni_lib_merge: Preparing to register libhermes_executor_so.  onload_func: 0x77e1a68780
01-15 20:13:32.895 14345 14345 D jni_lib_merge: Preparing to register libhermesinstancejni_so.  onload_func: 0x77e1a6f178
01-15 20:13:32.895 14345 14345 D jni_lib_merge: Preparing to register libjsijniprofiler_so.  onload_func: 0x77e1a6f834
01-15 20:13:32.895 14345 14345 D jni_lib_merge: About to register 3 actual methods.
01-15 20:13:32.895 14345 14345 W SoLoader: SoLoader already initialized
01-15 20:13:32.895  3719  3719 I SecKeyguardClockPositionAlgorithm: prepareClockContainerHeightChanging:
01-15 20:13:32.895  3719  3719 I PluginFaceWidgetManager: isEditMode = false
01-15 20:13:32.895  3719  3719 I NowBarItemManager: getVisibleList isScreenTurnedOn = false / aodShowState false shouldControlScreenOff false visibleList size = 0
01-15 20:13:32.896 28027 30154 D DataMetrics5gSa: invokeOemRilRequestRaw: resp= 32
01-15 20:13:32.896 28027 30154 D DataMetrics5gSa: getResultsFromBytes(): resultString=1|1|381000|20|n25|-999|-2|-2|-2|
01-15 20:13:32.896 28027 30154 D DataMetrics5gSa: invokeOemRilRequestRaw: msg= 5, resultFromCp= [1, 1, 381000, 20, n25, -999, -2, -2, -2, -2]
01-15 20:13:32.896 28027 30154 D DataMetrics5gSa: cpTechType: ret=NR
01-15 20:13:32.896 28027 30154 D DataMetrics5gSa: getUlCarrierLog(): com.tmobile.echolocate.DataMetrics5gSa$UlCarrierLog@740dd8e
01-15 20:13:32.896  3719  3719 I SecKeyguardClockPositionAlgorithm: prepareClockContainerHeightChanging:
01-15 20:13:32.896  3719  3719 I PluginFaceWidgetManager: isEditMode = false
01-15 20:13:32.896  3719  3719 I NowBarItemManager: getVisibleList isScreenTurnedOn = false / aodShowState false shouldControlScreenOff false visibleList size = 0
01-15 20:13:32.896 14345 14345 D DesktopModeFlags: Toggle override initialized to: OVERRIDE_UNSET
01-15 20:13:32.897 28027 30154 D DataMetrics5gSa: getNetworkTypeWithENDC(): default on currNetwork=18
01-15 20:13:32.897 28027 30154 D DataMetrics5gSa: getNetworkTypeWithENDC(): ret=-2
01-15 20:13:32.897 28027 30154 D DataMetrics5gSa: getRrcLog getNetworkTypeWithENDC(): =-2
01-15 20:13:32.897 28027 30154 D DataMetrics5gSa: getRrcLog():  lteRrcState=-1, nrRrcState=-1
01-15 20:13:32.897 14345 14345 I DecorView: setWindowBackground: isPopOver=false color=fffafafa d=android.graphics.drawable.ColorDrawable@593330e
01-15 20:13:32.897 28027 30154 D DataMetrics5gSa: getMccMnc(): ret=310260
01-15 20:13:32.897  3719  3719 D LightBarController: SKIP updateStatus (white icon) dreaming:true, keyguardVisible:true, goingToSleep:false
01-15 20:13:32.897  3719  3719 D AiAgentEffect: onPrivacyItemsChanged privacyItems.size = 1
01-15 20:13:32.897  3719  3719 D AiAgentEffect: onPrivacyItemsChanged privacyItems isEmpty or found item is null
01-15 20:13:32.897 28027 30154 D DataMetrics5gSa: getCurrentNetworkType(): default on currNetwork=18
01-15 20:13:32.897 28027 30154 D DataMetrics5gSa: getCurrentNetworkType(): ret=-2
01-15 20:13:32.897  3719  3719 I {OngoingActivityController}: onTaskFocusChanged but OA data is empty
01-15 20:13:32.898  3719  3911 D AppOpsPrivacyItemMonitor: showLocationSystemApps  AppOpItem(Op code=1, UID=10299, AttributionTag=null, Package name=com.tmobile.echolocate, Paused=false)false)
01-15 20:13:32.898  3719  3911 D AppOpsPrivacyItemMonitor: showLocationSystemApps  AppOpItem(Op code=0, UID=10299, AttributionTag=null, Package name=com.tmobile.echolocate, Paused=false)
01-15 20:13:32.898  3719  3719 D AiAgentEffect: onPrivacyItemsChanged privacyItems.size = 2
01-15 20:13:32.898  3719  3719 D AiAgentEffect: onPrivacyItemsChanged privacyItems isEmpty or found item is null
01-15 20:13:32.898 28027 30154 D DataMetrics5gSa: getCurrentNetworkType(): default on currNetwork=18
01-15 20:13:32.898 28027 30154 D DataMetrics5gSa: getCurrentNetworkType(): ret=-2
01-15 20:13:32.898 28027 30154 D DataMetrics5gSa: getCurrentNetworkType(): default on currNetwork=18
01-15 20:13:32.898 28027 30154 D DataMetrics5gSa: getCurrentNetworkType(): ret=-2
01-15 20:13:32.899 28027 30154 D DataMetrics5gSa: getCurrentNetworkType(): default on currNetwork=18
01-15 20:13:32.899 28027 30154 D DataMetrics5gSa: getCurrentNetworkType(): ret=-2
01-15 20:13:32.899 28027 30154 D DataMetrics5gSa: getEndcUplinkLog(): mcc=310, mnc=260, endcCapability=-1, endcConnectionStatus=-1
01-15 20:13:32.899 14345 14364 I Adreno-UNKNOWN: Using previously loaded IMapper library.
01-15 20:13:32.900 28027 30154 D DataMetrics5gSa: getCurrentNetworkType(): default on currNetwork=18
01-15 20:13:32.900 28027 30154 D DataMetrics5gSa: getCurrentNetworkType(): ret=-2
01-15 20:13:32.900 28027 30154 D DataMetrics5gSa: getCurrentNetworkType(): default on currNetwork=18
01-15 20:13:32.900 28027 30154 D DataMetrics5gSa: getCurrentNetworkType(): ret=-2
01-15 20:13:32.901 28027 30154 D DataMetrics5gSa: get5gUiLog(): default on uiNetworkType=NA
01-15 20:13:32.901 28027 30154 D DataMetrics5gSa: getDataActivityType(): ret=BOTH_OFF
01-15 20:13:32.901 28027 30154 D DataMetrics5gSa: getUiLog(): timestamp=1768536812901, networkType=-2, uiNetworkType=NA, uiDataTransmission=BOTH_OFF, uiNumberOfAntennaBars=4
01-15 20:13:32.902 14345 14364 I AdrenoVK-0: QUALCOMM build          : e4a2ccdb56, Icac6f3510c
01-15 20:13:32.902 14345 14364 I AdrenoVK-0: Build Date              : 07/21/25
01-15 20:13:32.902 14345 14364 I AdrenoVK-0: Shader Compiler Version : E031.47.18.36
01-15 20:13:32.902 14345 14364 I AdrenoVK-0: Local Branch            : 
01-15 20:13:32.902 14345 14364 I AdrenoVK-0: Remote Branch           : refs/tags/AU_LINUX_ANDROID_LA.VENDOR.15.4.0.11.00.00.1088.743
01-15 20:13:32.902 14345 14364 I AdrenoVK-0: Remote Branch           : NONE
01-15 20:13:32.902 14345 14364 I AdrenoVK-0: Reconstruct Branch      : NOTHING
01-15 20:13:32.902 14345 14364 I AdrenoVK-0: Build Config            : S P 18.0.0 AArch64
01-15 20:13:32.902 14345 14364 I AdrenoVK-0: Driver Path             : /vendor/lib64/hw/vulkan.adreno.so
01-15 20:13:32.902 14345 14364 I AdrenoVK-0: Driver Version          : 0800.40.1
01-15 20:13:32.902 14345 14364 I AdrenoVK-0: PFP                     : 0x01500077
01-15 20:13:32.902 14345 14364 I AdrenoVK-0: ME                      : 0x01500014
01-15 20:13:32.902 14345 14364 I AdrenoVK-0: Application Name    : android framework
01-15 20:13:32.902 14345 14364 I AdrenoVK-0: Application Version : 0x00000000
01-15 20:13:32.902 14345 14364 I AdrenoVK-0: Engine Name         : android framework
01-15 20:13:32.902 14345 14364 I AdrenoVK-0: Engine Version      : 0x00000000
01-15 20:13:32.902 14345 14364 I AdrenoVK-0: Api Version         : 0x00401000
01-15 20:13:32.902 14345 14345 D ViewRootImpl: desktopMode is false
01-15 20:13:32.903 14345 14345 I ViewRootImpl: dVRR is disabled
01-15 20:13:32.903 14345 14345 D HardwareRenderer: onDisplayChanged. displayId=0 current wxh=1080x2340 mLargest wxh=0x0
01-15 20:13:32.903 14345 14345 D HardwareRenderer: Set largestWidth and largestHeight as logical resolution. (1080x2340)
01-15 20:13:32.905 14345 14364 D HWUI    : setMaxSurfaceArea requested wxh=(1080,2340) requestedSurfaceArea(2527200) mMaxSurfaceArea(2073600)
01-15 20:13:32.905 14345 14364 D NativeCustomFrequencyManager: [NativeCFMS] BpCustomFrequencyManager::BpCustomFrequencyManager()
01-15 20:13:32.906  2383  7446 D InputTransport: Input channel constructed: '7b103d5', fd=1525
01-15 20:13:32.906  2383  7446 D InputTransport: Input channel constructed: '7b103d5', fd=1526
01-15 20:13:32.906  1748  1748 I SS_POWER_HINT_SESSION: SS_ADPF 14345-10553-5c10 PowerHintSession createHintSession : , 14379, 14381, 14345, 14364 : 16666667
01-15 20:13:32.906  2383  7446 D InputTransport: Input channel constructed: '7b103d5', fd=1530
01-15 20:13:32.906  2383  7446 D InputTransport: Input channel destroyed: '7b103d5', fd=1526
01-15 20:13:32.906  2383  7446 D WindowManager: prepareSync <SYNC_STATE_WAITING_FOR_DRAW>, mPrepareSyncSeqId=0, win=Window{7b103d5 u0 com.anonymous.dungeoncrawler/com.anonymous.dungeoncrawler.MainActivity}
01-15 20:13:32.906  1868  2380 I SurfaceFlinger: id=45493 createSurf, flag=84004, 7b103d5 com.anonymous.dungeoncrawler/com.anonymous.dungeoncrawler.MainActivity#45493
01-15 20:13:32.907  2383  7446 D RestrictionPolicy: isScreenCaptureEnabled : ret=true userId=0
01-15 20:13:32.907  2383  7446 D RestrictionPolicy: isScreenCaptureEnabled : ret=true userId=0
